Archive member included to satisfy reference by file (symbol)

c:/st/stm32cubeide_1.7.0/stm32cubeide/plugins/com.st.stm32cube.ide.mcu.externaltools.gnu-tools-for-stm32.9-2020-q2-update.win32_2.0.0.202105311346/tools/bin/../lib/gcc/arm-none-eabi/9.3.1/../../../../arm-none-eabi/lib/thumb/v7e-m+fp/hard\libc_nano.a(lib_a-errno.o)
                              ./Core/Src/sysmem.o (__errno)
c:/st/stm32cubeide_1.7.0/stm32cubeide/plugins/com.st.stm32cube.ide.mcu.externaltools.gnu-tools-for-stm32.9-2020-q2-update.win32_2.0.0.202105311346/tools/bin/../lib/gcc/arm-none-eabi/9.3.1/../../../../arm-none-eabi/lib/thumb/v7e-m+fp/hard\libc_nano.a(lib_a-exit.o)
                              c:/st/stm32cubeide_1.7.0/stm32cubeide/plugins/com.st.stm32cube.ide.mcu.externaltools.gnu-tools-for-stm32.9-2020-q2-update.win32_2.0.0.202105311346/tools/bin/../lib/gcc/arm-none-eabi/9.3.1/../../../../arm-none-eabi/lib/thumb/v7e-m+fp/hard/crt0.o (exit)
c:/st/stm32cubeide_1.7.0/stm32cubeide/plugins/com.st.stm32cube.ide.mcu.externaltools.gnu-tools-for-stm32.9-2020-q2-update.win32_2.0.0.202105311346/tools/bin/../lib/gcc/arm-none-eabi/9.3.1/../../../../arm-none-eabi/lib/thumb/v7e-m+fp/hard\libc_nano.a(lib_a-impure.o)
                              c:/st/stm32cubeide_1.7.0/stm32cubeide/plugins/com.st.stm32cube.ide.mcu.externaltools.gnu-tools-for-stm32.9-2020-q2-update.win32_2.0.0.202105311346/tools/bin/../lib/gcc/arm-none-eabi/9.3.1/../../../../arm-none-eabi/lib/thumb/v7e-m+fp/hard\libc_nano.a(lib_a-exit.o) (_global_impure_ptr)
c:/st/stm32cubeide_1.7.0/stm32cubeide/plugins/com.st.stm32cube.ide.mcu.externaltools.gnu-tools-for-stm32.9-2020-q2-update.win32_2.0.0.202105311346/tools/bin/../lib/gcc/arm-none-eabi/9.3.1/../../../../arm-none-eabi/lib/thumb/v7e-m+fp/hard\libc_nano.a(lib_a-init.o)
                              c:/st/stm32cubeide_1.7.0/stm32cubeide/plugins/com.st.stm32cube.ide.mcu.externaltools.gnu-tools-for-stm32.9-2020-q2-update.win32_2.0.0.202105311346/tools/bin/../lib/gcc/arm-none-eabi/9.3.1/../../../../arm-none-eabi/lib/thumb/v7e-m+fp/hard/crt0.o (__libc_init_array)
c:/st/stm32cubeide_1.7.0/stm32cubeide/plugins/com.st.stm32cube.ide.mcu.externaltools.gnu-tools-for-stm32.9-2020-q2-update.win32_2.0.0.202105311346/tools/bin/../lib/gcc/arm-none-eabi/9.3.1/../../../../arm-none-eabi/lib/thumb/v7e-m+fp/hard\libc_nano.a(lib_a-memset.o)
                              c:/st/stm32cubeide_1.7.0/stm32cubeide/plugins/com.st.stm32cube.ide.mcu.externaltools.gnu-tools-for-stm32.9-2020-q2-update.win32_2.0.0.202105311346/tools/bin/../lib/gcc/arm-none-eabi/9.3.1/../../../../arm-none-eabi/lib/thumb/v7e-m+fp/hard/crt0.o (memset)
c:/st/stm32cubeide_1.7.0/stm32cubeide/plugins/com.st.stm32cube.ide.mcu.externaltools.gnu-tools-for-stm32.9-2020-q2-update.win32_2.0.0.202105311346/tools/bin/../lib/gcc/arm-none-eabi/9.3.1/../../../../arm-none-eabi/lib/thumb/v7e-m+fp/hard\libc_nano.a(lib_a-sprintf.o)
                              ./Core/Src/consolidate.o (sprintf)
c:/st/stm32cubeide_1.7.0/stm32cubeide/plugins/com.st.stm32cube.ide.mcu.externaltools.gnu-tools-for-stm32.9-2020-q2-update.win32_2.0.0.202105311346/tools/bin/../lib/gcc/arm-none-eabi/9.3.1/../../../../arm-none-eabi/lib/thumb/v7e-m+fp/hard\libc_nano.a(lib_a-strcmp.o)
                              ./Core/Src/tone.o (strcmp)
c:/st/stm32cubeide_1.7.0/stm32cubeide/plugins/com.st.stm32cube.ide.mcu.externaltools.gnu-tools-for-stm32.9-2020-q2-update.win32_2.0.0.202105311346/tools/bin/../lib/gcc/arm-none-eabi/9.3.1/../../../../arm-none-eabi/lib/thumb/v7e-m+fp/hard\libc_nano.a(lib_a-strlen.o)
                              ./Core/Src/interface.o (strlen)
c:/st/stm32cubeide_1.7.0/stm32cubeide/plugins/com.st.stm32cube.ide.mcu.externaltools.gnu-tools-for-stm32.9-2020-q2-update.win32_2.0.0.202105311346/tools/bin/../lib/gcc/arm-none-eabi/9.3.1/../../../../arm-none-eabi/lib/thumb/v7e-m+fp/hard\libc_nano.a(lib_a-nano-svfprintf.o)
                              c:/st/stm32cubeide_1.7.0/stm32cubeide/plugins/com.st.stm32cube.ide.mcu.externaltools.gnu-tools-for-stm32.9-2020-q2-update.win32_2.0.0.202105311346/tools/bin/../lib/gcc/arm-none-eabi/9.3.1/../../../../arm-none-eabi/lib/thumb/v7e-m+fp/hard\libc_nano.a(lib_a-sprintf.o) (_svfprintf_r)
c:/st/stm32cubeide_1.7.0/stm32cubeide/plugins/com.st.stm32cube.ide.mcu.externaltools.gnu-tools-for-stm32.9-2020-q2-update.win32_2.0.0.202105311346/tools/bin/../lib/gcc/arm-none-eabi/9.3.1/../../../../arm-none-eabi/lib/thumb/v7e-m+fp/hard\libc_nano.a(lib_a-nano-vfprintf_i.o)
                              c:/st/stm32cubeide_1.7.0/stm32cubeide/plugins/com.st.stm32cube.ide.mcu.externaltools.gnu-tools-for-stm32.9-2020-q2-update.win32_2.0.0.202105311346/tools/bin/../lib/gcc/arm-none-eabi/9.3.1/../../../../arm-none-eabi/lib/thumb/v7e-m+fp/hard\libc_nano.a(lib_a-nano-svfprintf.o) (_printf_i)
[...]
Memory Configuration

Name             Origin             Length             Attributes
RAM              0x0000000020000000 0x0000000000020000 xrw
FLASH            0x0000000008000000 0x0000000000080000 xr
*default*        0x0000000000000000 0xffffffffffffffff

Linker script and memory map

LOAD c:/st/stm32cubeide_1.7.0/stm32cubeide/plugins/com.st.stm32cube.ide.mcu.externaltools.gnu-tools-for-stm32.9-2020-q2-update.win32_2.0.0.202105311346/tools/bin/../lib/gcc/arm-none-eabi/9.3.1/thumb/v7e-m+fp/hard/crti.o
LOAD c:/st/stm32cubeide_1.7.0/stm32cubeide/plugins/com.st.stm32cube.ide.mcu.externaltools.gnu-tools-for-stm32.9-2020-q2-update.win32_2.0.0.202105311346/tools/bin/../lib/gcc/arm-none-eabi/9.3.1/thumb/v7e-m+fp/hard/crtbegin.o
LOAD c:/st/stm32cubeide_1.7.0/stm32cubeide/plugins/com.st.stm32cube.ide.mcu.externaltools.gnu-tools-for-stm32.9-2020-q2-update.win32_2.0.0.202105311346/tools/bin/../lib/gcc/arm-none-eabi/9.3.1/../../../../arm-none-eabi/lib/thumb/v7e-m+fp/hard/crt0.o
LOAD ./Core/Src/consolidate.o
LOAD ./Core/Src/font12.o
LOAD ./Core/Src/font16.o
LOAD ./Core/Src/font20.o
LOAD ./Core/Src/font24.o
LOAD ./Core/Src/font8.o
LOAD ./Core/Src/interface.o
LOAD ./Core/Src/main.o
LOAD ./Core/Src/spi_ili9341.o
LOAD ./Core/Src/stm32_ds3231.o
LOAD ./Core/Src/stm32f4xx_hal_msp.o
LOAD ./Core/Src/stm32f4xx_it.o
LOAD ./Core/Src/sysmem.o
LOAD ./Core/Src/system_stm32f4xx.o
LOAD ./Core/Src/tone.o
LOAD ./Core/Src/w25qxx.o
LOAD ./Core/Startup/startup_stm32f411ceux.o
LOAD ./Drivers/STM32F4xx_HAL_Driver/Src/stm32f4xx_hal.o
LOAD ./Drivers/STM32F4xx_HAL_Driver/Src/stm32f4xx_hal_cortex.o
LOAD ./Drivers/STM32F4xx_HAL_Driver/Src/stm32f4xx_hal_dma.o
LOAD ./Drivers/STM32F4xx_HAL_Driver/Src/stm32f4xx_hal_dma_ex.o
LOAD ./Drivers/STM32F4xx_HAL_Driver/Src/stm32f4xx_hal_exti.o
LOAD ./Drivers/STM32F4xx_HAL_Driver/Src/stm32f4xx_hal_flash.o
LOAD ./Drivers/STM32F4xx_HAL_Driver/Src/stm32f4xx_hal_flash_ex.o
LOAD ./Drivers/STM32F4xx_HAL_Driver/Src/stm32f4xx_hal_flash_ramfunc.o
LOAD ./Drivers/STM32F4xx_HAL_Driver/Src/stm32f4xx_hal_gpio.o
LOAD ./Drivers/STM32F4xx_HAL_Driver/Src/stm32f4xx_hal_i2c.o
LOAD ./Drivers/STM32F4xx_HAL_Driver/Src/stm32f4xx_hal_i2c_ex.o
LOAD ./Drivers/STM32F4xx_HAL_Driver/Src/stm32f4xx_hal_pwr.o
LOAD ./Drivers/STM32F4xx_HAL_Driver/Src/stm32f4xx_hal_pwr_ex.o
LOAD ./Drivers/STM32F4xx_HAL_Driver/Src/stm32f4xx_hal_rcc.o
LOAD ./Drivers/STM32F4xx_HAL_Driver/Src/stm32f4xx_hal_rcc_ex.o
LOAD ./Drivers/STM32F4xx_HAL_Driver/Src/stm32f4xx_hal_spi.o
LOAD ./Drivers/STM32F4xx_HAL_Driver/Src/stm32f4xx_hal_tim.o
LOAD ./Drivers/STM32F4xx_HAL_Driver/Src/stm32f4xx_hal_tim_ex.o
START GROUP
LOAD c:/st/stm32cubeide_1.7.0/stm32cubeide/plugins/com.st.stm32cube.ide.mcu.externaltools.gnu-tools-for-stm32.9-2020-q2-update.win32_2.0.0.202105311346/tools/bin/../lib/gcc/arm-none-eabi/9.3.1/../../../../arm-none-eabi/lib/thumb/v7e-m+fp/hard\libc_nano.a
LOAD c:/st/stm32cubeide_1.7.0/stm32cubeide/plugins/com.st.stm32cube.ide.mcu.externaltools.gnu-tools-for-stm32.9-2020-q2-update.win32_2.0.0.202105311346/tools/bin/../lib/gcc/arm-none-eabi/9.3.1/../../../../arm-none-eabi/lib/thumb/v7e-m+fp/hard\libm.a
END GROUP
START GROUP
LOAD c:/st/stm32cubeide_1.7.0/stm32cubeide/plugins/com.st.stm32cube.ide.mcu.externaltools.gnu-tools-for-stm32.9-2020-q2-update.win32_2.0.0.202105311346/tools/bin/../lib/gcc/arm-none-eabi/9.3.1/thumb/v7e-m+fp/hard\libgcc.a
LOAD c:/st/stm32cubeide_1.7.0/stm32cubeide/plugins/com.st.stm32cube.ide.mcu.externaltools.gnu-tools-for-stm32.9-2020-q2-update.win32_2.0.0.202105311346/tools/bin/../lib/gcc/arm-none-eabi/9.3.1/../../../../arm-none-eabi/lib/thumb/v7e-m+fp/hard\libc_nano.a
END GROUP
START GROUP
LOAD c:/st/stm32cubeide_1.7.0/stm32cubeide/plugins/com.st.stm32cube.ide.mcu.externaltools.gnu-tools-for-stm32.9-2020-q2-update.win32_2.0.0.202105311346/tools/bin/../lib/gcc/arm-none-eabi/9.3.1/thumb/v7e-m+fp/hard\libgcc.a
LOAD c:/st/stm32cubeide_1.7.0/stm32cubeide/plugins/com.st.stm32cube.ide.mcu.externaltools.gnu-tools-for-stm32.9-2020-q2-update.win32_2.0.0.202105311346/tools/bin/../lib/gcc/arm-none-eabi/9.3.1/../../../../arm-none-eabi/lib/thumb/v7e-m+fp/hard\libc_nano.a
LOAD c:/st/stm32cubeide_1.7.0/stm32cubeide/plugins/com.st.stm32cube.ide.mcu.externaltools.gnu-tools-for-stm32.9-2020-q2-update.win32_2.0.0.202105311346/tools/bin/../lib/gcc/arm-none-eabi/9.3.1/../../../../arm-none-eabi/lib/thumb/v7e-m+fp/hard\libnosys.a
END GROUP
START GROUP
LOAD c:/st/stm32cubeide_1.7.0/stm32cubeide/plugins/com.st.stm32cube.ide.mcu.externaltools.gnu-tools-for-stm32.9-2020-q2-update.win32_2.0.0.202105311346/tools/bin/../lib/gcc/arm-none-eabi/9.3.1/thumb/v7e-m+fp/hard\libgcc.a
LOAD c:/st/stm32cubeide_1.7.0/stm32cubeide/plugins/com.st.stm32cube.ide.mcu.externaltools.gnu-tools-for-stm32.9-2020-q2-update.win32_2.0.0.202105311346/tools/bin/../lib/gcc/arm-none-eabi/9.3.1/../../../../arm-none-eabi/lib/thumb/v7e-m+fp/hard\libc_nano.a
LOAD c:/st/stm32cubeide_1.7.0/stm32cubeide/plugins/com.st.stm32cube.ide.mcu.externaltools.gnu-tools-for-stm32.9-2020-q2-update.win32_2.0.0.202105311346/tools/bin/../lib/gcc/arm-none-eabi/9.3.1/../../../../arm-none-eabi/lib/thumb/v7e-m+fp/hard\libnosys.a
END GROUP
LOAD c:/st/stm32cubeide_1.7.0/stm32cubeide/plugins/com.st.stm32cube.ide.mcu.externaltools.gnu-tools-for-stm32.9-2020-q2-update.win32_2.0.0.202105311346/tools/bin/../lib/gcc/arm-none-eabi/9.3.1/thumb/v7e-m+fp/hard/crtend.o
LOAD c:/st/stm32cubeide_1.7.0/stm32cubeide/plugins/com.st.stm32cube.ide.mcu.externaltools.gnu-tools-for-stm32.9-2020-q2-update.win32_2.0.0.202105311346/tools/bin/../lib/gcc/arm-none-eabi/9.3.1/thumb/v7e-m+fp/hard/crtn.o
                0x0000000020020000                _estack = (ORIGIN (RAM) + LENGTH (RAM))
                0x0000000000000200                _Min_Heap_Size = 0x200
                0x0000000000000400                _Min_Stack_Size = 0x400

.isr_vector     0x0000000008000000      0x198
                0x0000000008000000                . = ALIGN (0x4)
 *(.isr_vector)
 .isr_vector    0x0000000008000000      0x198 ./Core/Startup/startup_stm32f411ceux.o
                0x0000000008000000                g_pfnVectors
                0x0000000008000198                . = ALIGN (0x4)

.text           0x00000000080001a0     0xa4f0
                0x00000000080001a0                . = ALIGN (0x4)
 *(.text)
 .text          0x00000000080001a0       0x40 c:/st/stm32cubeide_1.7.0/stm32cubeide/plugins/com.st.stm32cube.ide.mcu.externaltools.gnu-tools-for-stm32.9-2020-q2-update.win32_2.0.0.202105311346/tools/bin/../lib/gcc/arm-none-eabi/9.3.1/thumb/v7e-m+fp/hard/crtbegin.o
 .text          0x00000000080001e0       0x14 c:/st/stm32cubeide_1.7.0/stm32cubeide/plugins/com.st.stm32cube.ide.mcu.externaltools.gnu-tools-for-stm32.9-2020-q2-update.win32_2.0.0.202105311346/tools/bin/../lib/gcc/arm-none-eabi/9.3.1/../../../../arm-none-eabi/lib/thumb/v7e-m+fp/hard\libc_nano.a(lib_a-strcmp.o)
                0x00000000080001e0                strcmp
 .text          0x00000000080001f4       0x10 c:/st/stm32cubeide_1.7.0/stm32cubeide/plugins/com.st.stm32cube.ide.mcu.externaltools.gnu-tools-for-stm32.9-2020-q2-update.win32_2.0.0.202105311346/tools/bin/../lib/gcc/arm-none-eabi/9.3.1/../../../../arm-none-eabi/lib/thumb/v7e-m+fp/hard\libc_nano.a(lib_a-strlen.o)
                0x00000000080001f4                strlen
 *fill*         0x0000000008000204        0xc 
 .text          0x0000000008000210       0xa0 c:/st/stm32cubeide_1.7.0/stm32cubeide/plugins/com.st.stm32cube.ide.mcu.externaltools.gnu-tools-for-stm32.9-2020-q2-update.win32_2.0.0.202105311346/tools/bin/../lib/gcc/arm-none-eabi/9.3.1/../../../../arm-none-eabi/lib/thumb/v7e-m+fp/hard\libc_nano.a(lib_a-memchr.o)
                0x0000000008000210                memchr
 .text          0x00000000080002b0       0x30 c:/st/stm32cubeide_1.7.0/stm32cubeide/plugins/com.st.stm32cube.ide.mcu.externaltools.gnu-tools-for-stm32.9-2020-q2-update.win32_2.0.0.202105311346/tools/bin/../lib/gcc/arm-none-eabi/9.3.1/thumb/v7e-m+fp/hard\libgcc.a(_aeabi_uldivmod.o)
                0x00000000080002b0                __aeabi_uldivmod
 .text          0x00000000080002e0      0x2c4 c:/st/stm32cubeide_1.7.0/stm32cubeide/plugins/com.st.stm32cube.ide.mcu.externaltools.gnu-tools-for-stm32.9-2020-q2-update.win32_2.0.0.202105311346/tools/bin/../lib/gcc/arm-none-eabi/9.3.1/thumb/v7e-m+fp/hard\libgcc.a(_udivmoddi4.o)
                0x00000000080002e0                __udivmoddi4
 .text          0x00000000080005a4        0x4 c:/st/stm32cubeide_1.7.0/stm32cubeide/plugins/com.st.stm32cube.ide.mcu.externaltools.gnu-tools-for-stm32.9-2020-q2-update.win32_2.0.0.202105311346/tools/bin/../lib/gcc/arm-none-eabi/9.3.1/thumb/v7e-m+fp/hard\libgcc.a(_dvmd_tls.o)
                0x00000000080005a4                __aeabi_idiv0
                0x00000000080005a4                __aeabi_ldiv0
 *(.text*)
 .text.menu_draw
                0x00000000080005a8       0x9c ./Core/Src/consolidate.o
                0x00000000080005a8                menu_draw
 .text.selection_action
                0x0000000008000644      0x910 ./Core/Src/consolidate.o
                0x0000000008000644                selection_action
 .text.time_text
                0x0000000008000f54      0x158 ./Core/Src/consolidate.o
                0x0000000008000f54                time_text
 .text.enum_to_day
                0x00000000080010ac       0x7c ./Core/Src/consolidate.o
                0x00000000080010ac                enum_to_day
 .text.limit_selection
                0x0000000008001128       0x48 ./Core/Src/consolidate.o
                0x0000000008001128                limit_selection
 .text.timeout_vis
                0x0000000008001170       0x60 ./Core/Src/consolidate.o
                0x0000000008001170                timeout_vis
 .text.feed_cat
                0x00000000080011d0      0x14c ./Core/Src/consolidate.o
                0x00000000080011d0                feed_cat
 .text.write_vars
                0x000000000800131c      0x188 ./Core/Src/consolidate.o
                0x000000000800131c                write_vars
 .text.read_vars
                0x00000000080014a4      0x138 ./Core/Src/consolidate.o
                0x00000000080014a4                read_vars
 .text.feed_cat_time
                0x00000000080015dc      0x12c ./Core/Src/consolidate.o
                0x00000000080015dc                feed_cat_time
 .text.motor_driver
                0x0000000008001708       0x5c ./Core/Src/consolidate.o
                0x0000000008001708                motor_driver
 .text.motor_intensity
                0x0000000008001764       0xa0 ./Core/Src/consolidate.o
                0x0000000008001764                motor_intensity
 .text.draw_power
                0x0000000008001804       0xb0 ./Core/Src/interface.o
                0x0000000008001804                draw_power
 .text.draw_lock
                0x00000000080018b4       0x84 ./Core/Src/interface.o
                0x00000000080018b4                draw_lock
 .text.draw_gear
                0x0000000008001938       0x80 ./Core/Src/interface.o
                0x0000000008001938                draw_gear
 .text.draw_back
                0x00000000080019b8       0x84 ./Core/Src/interface.o
                0x00000000080019b8                draw_back
 .text.draw_main
                0x0000000008001a3c      0x880 ./Core/Src/interface.o
                0x0000000008001a3c                draw_main
 .text.draw_extra_options
                0x00000000080022bc      0x950 ./Core/Src/interface.o
                0x00000000080022bc                draw_extra_options
 .text.draw_options
                0x0000000008002c0c      0x308 ./Core/Src/interface.o
                0x0000000008002c0c                draw_options
 .text.feed_set
                0x0000000008002f14      0x6dc ./Core/Src/interface.o
                0x0000000008002f14                feed_set
 .text.set_time
                0x00000000080035f0      0x4fc ./Core/Src/interface.o
                0x00000000080035f0                set_time
 .text.calibrate_feed
                0x0000000008003aec      0x388 ./Core/Src/interface.o
                0x0000000008003aec                calibrate_feed
 .text.main     0x0000000008003e74      0x5ec ./Core/Src/main.o
                0x0000000008003e74                main
 .text.SystemClock_Config
                0x0000000008004460       0xd0 ./Core/Src/main.o
                0x0000000008004460                SystemClock_Config
 .text.MX_I2C1_Init
                0x0000000008004530       0x5c ./Core/Src/main.o
 .text.MX_SPI1_Init
                0x000000000800458c       0x6c ./Core/Src/main.o
 .text.MX_SPI2_Init
                0x00000000080045f8       0x6c ./Core/Src/main.o
 .text.MX_TIM1_Init
                0x0000000008004664      0x144 ./Core/Src/main.o
 .text.MX_TIM2_Init
                0x00000000080047a8       0x9c ./Core/Src/main.o
 .text.MX_TIM3_Init
                0x0000000008004844       0x9c ./Core/Src/main.o
 .text.MX_TIM4_Init
                0x00000000080048e0       0x9c ./Core/Src/main.o
 .text.MX_TIM10_Init
                0x000000000800497c       0x48 ./Core/Src/main.o
 .text.MX_TIM11_Init
                0x00000000080049c4       0x48 ./Core/Src/main.o
 .text.MX_GPIO_Init
                0x0000000008004a0c      0x164 ./Core/Src/main.o
 .text.HAL_GPIO_EXTI_Callback
                0x0000000008004b70       0xf0 ./Core/Src/main.o
                0x0000000008004b70                HAL_GPIO_EXTI_Callback
 .text.Error_Handler
                0x0000000008004c60        0xa ./Core/Src/main.o
                0x0000000008004c60                Error_Handler
 *fill*         0x0000000008004c6a        0x2 
 .text.TFT9341_SendCommand
                0x0000000008004c6c       0x30 ./Core/Src/spi_ili9341.o
                0x0000000008004c6c                TFT9341_SendCommand
 .text.TFT9341_SendData
                0x0000000008004c9c       0x30 ./Core/Src/spi_ili9341.o
                0x0000000008004c9c                TFT9341_SendData
 .text.TFT9341_WriteData
                0x0000000008004ccc       0x5c ./Core/Src/spi_ili9341.o
 .text.TFT9341_reset
                0x0000000008004d28       0x28 ./Core/Src/spi_ili9341.o
                0x0000000008004d28                TFT9341_reset
 .text.TFT9341_SetAddrWindow
                0x0000000008004d50       0x90 ./Core/Src/spi_ili9341.o
 .text.TFT9341_FillRect
                0x0000000008004de0       0xe8 ./Core/Src/spi_ili9341.o
                0x0000000008004de0                TFT9341_FillRect
 .text.TFT9341_FillScreen
                0x0000000008004ec8       0x38 ./Core/Src/spi_ili9341.o
                0x0000000008004ec8                TFT9341_FillScreen
 .text.TFT9341_DrawPixel
                0x0000000008004f00       0x78 ./Core/Src/spi_ili9341.o
                0x0000000008004f00                TFT9341_DrawPixel
 .text.TFT9341_SetTextColor
                0x0000000008004f78       0x20 ./Core/Src/spi_ili9341.o
                0x0000000008004f78                TFT9341_SetTextColor
 .text.TFT9341_SetBackColor
                0x0000000008004f98       0x20 ./Core/Src/spi_ili9341.o
                0x0000000008004f98                TFT9341_SetBackColor
 .text.TFT9341_SetFont
                0x0000000008004fb8       0x20 ./Core/Src/spi_ili9341.o
                0x0000000008004fb8                TFT9341_SetFont
 .text.TFT9341_DrawChar
                0x0000000008004fd8      0x15c ./Core/Src/spi_ili9341.o
                0x0000000008004fd8                TFT9341_DrawChar
 .text.TFT9341_String
                0x0000000008005134       0x48 ./Core/Src/spi_ili9341.o
                0x0000000008005134                TFT9341_String
 .text.TFT9341_SetRotation
                0x000000000800517c       0x94 ./Core/Src/spi_ili9341.o
                0x000000000800517c                TFT9341_SetRotation
 .text.TFT9341_FontsIni
                0x0000000008005210       0x78 ./Core/Src/spi_ili9341.o
                0x0000000008005210                TFT9341_FontsIni
 .text.TFT9341_ini
                0x0000000008005288      0x2b0 ./Core/Src/spi_ili9341.o
                0x0000000008005288                TFT9341_ini
 .text.DS3231_Init
                0x0000000008005538       0x20 ./Core/Src/stm32_ds3231.o
                0x0000000008005538                DS3231_Init
 .text.DS3231_GetTime
                0x0000000008005558       0xf8 ./Core/Src/stm32_ds3231.o
                0x0000000008005558                DS3231_GetTime
 .text.DS3231_SetTime
                0x0000000008005650       0x98 ./Core/Src/stm32_ds3231.o
                0x0000000008005650                DS3231_SetTime
 .text.B2D      0x00000000080056e8       0x32 ./Core/Src/stm32_ds3231.o
 *fill*         0x000000000800571a        0x2 
 .text.D2B      0x000000000800571c       0x48 ./Core/Src/stm32_ds3231.o
 .text.HAL_MspInit
                0x0000000008005764       0x50 ./Core/Src/stm32f4xx_hal_msp.o
                0x0000000008005764                HAL_MspInit
 .text.HAL_I2C_MspInit
                0x00000000080057b4       0x90 ./Core/Src/stm32f4xx_hal_msp.o
                0x00000000080057b4                HAL_I2C_MspInit
 .text.HAL_SPI_MspInit
                0x0000000008005844       0xfc ./Core/Src/stm32f4xx_hal_msp.o
                0x0000000008005844                HAL_SPI_MspInit
 .text.HAL_TIM_Base_MspInit
                0x0000000008005940      0x11c ./Core/Src/stm32f4xx_hal_msp.o
                0x0000000008005940                HAL_TIM_Base_MspInit
 .text.HAL_TIM_MspPostInit
                0x0000000008005a5c       0x74 ./Core/Src/stm32f4xx_hal_msp.o
                0x0000000008005a5c                HAL_TIM_MspPostInit
 .text.NMI_Handler
                0x0000000008005ad0        0x6 ./Core/Src/stm32f4xx_it.o
                0x0000000008005ad0                NMI_Handler
 .text.HardFault_Handler
                0x0000000008005ad6        0x6 ./Core/Src/stm32f4xx_it.o
                0x0000000008005ad6                HardFault_Handler
 .text.MemManage_Handler
                0x0000000008005adc        0x6 ./Core/Src/stm32f4xx_it.o
                0x0000000008005adc                MemManage_Handler
 .text.BusFault_Handler
                0x0000000008005ae2        0x6 ./Core/Src/stm32f4xx_it.o
                0x0000000008005ae2                BusFault_Handler
 .text.UsageFault_Handler
                0x0000000008005ae8        0x6 ./Core/Src/stm32f4xx_it.o
                0x0000000008005ae8                UsageFault_Handler
 .text.SVC_Handler
                0x0000000008005aee        0xe ./Core/Src/stm32f4xx_it.o
                0x0000000008005aee                SVC_Handler
 .text.DebugMon_Handler
                0x0000000008005afc        0xe ./Core/Src/stm32f4xx_it.o
                0x0000000008005afc                DebugMon_Handler
 .text.PendSV_Handler
                0x0000000008005b0a        0xe ./Core/Src/stm32f4xx_it.o
                0x0000000008005b0a                PendSV_Handler
 .text.SysTick_Handler
                0x0000000008005b18        0xc ./Core/Src/stm32f4xx_it.o
                0x0000000008005b18                SysTick_Handler
 .text.EXTI15_10_IRQHandler
                0x0000000008005b24       0x18 ./Core/Src/stm32f4xx_it.o
                0x0000000008005b24                EXTI15_10_IRQHandler
 .text._sbrk    0x0000000008005b3c       0x6c ./Core/Src/sysmem.o
                0x0000000008005b3c                _sbrk
 .text.SystemInit
                0x0000000008005ba8       0x24 ./Core/Src/system_stm32f4xx.o
                0x0000000008005ba8                SystemInit
 .text.play_tone
                0x0000000008005bcc      0x150 ./Core/Src/tone.o
                0x0000000008005bcc                play_tone
 .text.play_tune
                0x0000000008005d1c       0x48 ./Core/Src/tone.o
                0x0000000008005d1c                play_tune
 .text.W25qxx_Spi
                0x0000000008005d64       0x2c ./Core/Src/w25qxx.o
                0x0000000008005d64                W25qxx_Spi
 .text.W25qxx_ReadID
                0x0000000008005d90       0x70 ./Core/Src/w25qxx.o
                0x0000000008005d90                W25qxx_ReadID
 .text.W25qxx_ReadUniqID
                0x0000000008005e00       0x70 ./Core/Src/w25qxx.o
                0x0000000008005e00                W25qxx_ReadUniqID
 .text.W25qxx_WriteEnable
                0x0000000008005e70       0x30 ./Core/Src/w25qxx.o
                0x0000000008005e70                W25qxx_WriteEnable
 .text.W25qxx_ReadStatusRegister
                0x0000000008005ea0       0x90 ./Core/Src/w25qxx.o
                0x0000000008005ea0                W25qxx_ReadStatusRegister
 .text.W25qxx_WaitForWriteEnd
                0x0000000008005f30       0x58 ./Core/Src/w25qxx.o
                0x0000000008005f30                W25qxx_WaitForWriteEnd
 .text.W25qxx_Init
                0x0000000008005f88      0x1a4 ./Core/Src/w25qxx.o
                0x0000000008005f88                W25qxx_Init
 .text.W25qxx_EraseSector
                0x000000000800612c       0xac ./Core/Src/w25qxx.o
                0x000000000800612c                W25qxx_EraseSector
 .text.W25qxx_SectorToPage
                0x00000000080061d8       0x2c ./Core/Src/w25qxx.o
                0x00000000080061d8                W25qxx_SectorToPage
 .text.W25qxx_WritePage
                0x0000000008006204      0x104 ./Core/Src/w25qxx.o
                0x0000000008006204                W25qxx_WritePage
 .text.W25qxx_WriteSector
                0x0000000008006308       0xc4 ./Core/Src/w25qxx.o
                0x0000000008006308                W25qxx_WriteSector
 .text.W25qxx_ReadPage
                0x00000000080063cc       0xf8 ./Core/Src/w25qxx.o
                0x00000000080063cc                W25qxx_ReadPage
 .text.W25qxx_ReadSector
                0x00000000080064c4       0xc4 ./Core/Src/w25qxx.o
                0x00000000080064c4                W25qxx_ReadSector
 .text.Reset_Handler
                0x0000000008006588       0x50 ./Core/Startup/startup_stm32f411ceux.o
                0x0000000008006588                Reset_Handler
 .text.Default_Handler
                0x00000000080065d8        0x2 ./Core/Startup/startup_stm32f411ceux.o
                0x00000000080065d8                RTC_Alarm_IRQHandler
                0x00000000080065d8                EXTI2_IRQHandler
                0x00000000080065d8                SPI4_IRQHandler
                0x00000000080065d8                TIM1_CC_IRQHandler
                0x00000000080065d8                DMA2_Stream5_IRQHandler
                0x00000000080065d8                DMA1_Stream5_IRQHandler
                0x00000000080065d8                PVD_IRQHandler
                0x00000000080065d8                SDIO_IRQHandler
                0x00000000080065d8                TAMP_STAMP_IRQHandler
                0x00000000080065d8                EXTI3_IRQHandler
                0x00000000080065d8                TIM1_UP_TIM10_IRQHandler
                0x00000000080065d8                I2C3_ER_IRQHandler
                0x00000000080065d8                EXTI0_IRQHandler
                0x00000000080065d8                I2C2_EV_IRQHandler
                0x00000000080065d8                DMA1_Stream2_IRQHandler
                0x00000000080065d8                FPU_IRQHandler
                0x00000000080065d8                DMA2_Stream2_IRQHandler
                0x00000000080065d8                SPI1_IRQHandler
                0x00000000080065d8                TIM1_BRK_TIM9_IRQHandler
                0x00000000080065d8                DMA2_Stream3_IRQHandler
                0x00000000080065d8                USART6_IRQHandler
                0x00000000080065d8                DMA2_Stream0_IRQHandler
                0x00000000080065d8                TIM4_IRQHandler
                0x00000000080065d8                I2C1_EV_IRQHandler
                0x00000000080065d8                DMA1_Stream6_IRQHandler
                0x00000000080065d8                DMA1_Stream1_IRQHandler
                0x00000000080065d8                TIM3_IRQHandler
                0x00000000080065d8                RCC_IRQHandler
                0x00000000080065d8                Default_Handler
                0x00000000080065d8                ADC_IRQHandler
                0x00000000080065d8                DMA1_Stream7_IRQHandler
                0x00000000080065d8                SPI5_IRQHandler
                0x00000000080065d8                TIM5_IRQHandler
                0x00000000080065d8                DMA2_Stream7_IRQHandler
                0x00000000080065d8                I2C3_EV_IRQHandler
                0x00000000080065d8                EXTI9_5_IRQHandler
                0x00000000080065d8                RTC_WKUP_IRQHandler
                0x00000000080065d8                SPI2_IRQHandler
                0x00000000080065d8                DMA1_Stream0_IRQHandler
                0x00000000080065d8                EXTI4_IRQHandler
                0x00000000080065d8                WWDG_IRQHandler
                0x00000000080065d8                TIM2_IRQHandler
                0x00000000080065d8                OTG_FS_WKUP_IRQHandler
                0x00000000080065d8                TIM1_TRG_COM_TIM11_IRQHandler
                0x00000000080065d8                EXTI1_IRQHandler
                0x00000000080065d8                USART2_IRQHandler
                0x00000000080065d8                I2C2_ER_IRQHandler
                0x00000000080065d8                DMA2_Stream1_IRQHandler
                0x00000000080065d8                FLASH_IRQHandler
                0x00000000080065d8                DMA2_Stream4_IRQHandler
                0x00000000080065d8                USART1_IRQHandler
                0x00000000080065d8                OTG_FS_IRQHandler
                0x00000000080065d8                SPI3_IRQHandler
                0x00000000080065d8                DMA1_Stream4_IRQHandler
                0x00000000080065d8                I2C1_ER_IRQHandler
                0x00000000080065d8                DMA2_Stream6_IRQHandler
                0x00000000080065d8                DMA1_Stream3_IRQHandler
 *fill*         0x00000000080065da        0x2 
 .text.HAL_Init
                0x00000000080065dc       0x44 ./Drivers/STM32F4xx_HAL_Driver/Src/stm32f4xx_hal.o
                0x00000000080065dc                HAL_Init
 .text.HAL_InitTick
                0x0000000008006620       0x60 ./Drivers/STM32F4xx_HAL_Driver/Src/stm32f4xx_hal.o
                0x0000000008006620                HAL_InitTick
 .text.HAL_IncTick
                0x0000000008006680       0x28 ./Drivers/STM32F4xx_HAL_Driver/Src/stm32f4xx_hal.o
                0x0000000008006680                HAL_IncTick
 .text.HAL_GetTick
                0x00000000080066a8       0x18 ./Drivers/STM32F4xx_HAL_Driver/Src/stm32f4xx_hal.o
                0x00000000080066a8                HAL_GetTick
 .text.HAL_Delay
                0x00000000080066c0       0x48 ./Drivers/STM32F4xx_HAL_Driver/Src/stm32f4xx_hal.o
                0x00000000080066c0                HAL_Delay
 .text.__NVIC_SetPriorityGrouping
                0x0000000008006708       0x48 ./Drivers/STM32F4xx_HAL_Driver/Src/stm32f4xx_hal_cortex.o
 .text.__NVIC_GetPriorityGrouping
                0x0000000008006750       0x1c ./Drivers/STM32F4xx_HAL_Driver/Src/stm32f4xx_hal_cortex.o
 .text.__NVIC_EnableIRQ
                0x000000000800676c       0x3c ./Drivers/STM32F4xx_HAL_Driver/Src/stm32f4xx_hal_cortex.o
 .text.__NVIC_SetPriority
                0x00000000080067a8       0x54 ./Drivers/STM32F4xx_HAL_Driver/Src/stm32f4xx_hal_cortex.o
 .text.NVIC_EncodePriority
                0x00000000080067fc       0x66 ./Drivers/STM32F4xx_HAL_Driver/Src/stm32f4xx_hal_cortex.o
 *fill*         0x0000000008006862        0x2 
 .text.SysTick_Config
                0x0000000008006864       0x44 ./Drivers/STM32F4xx_HAL_Driver/Src/stm32f4xx_hal_cortex.o
 .text.HAL_NVIC_SetPriorityGrouping
                0x00000000080068a8       0x16 ./Drivers/STM32F4xx_HAL_Driver/Src/stm32f4xx_hal_cortex.o
                0x00000000080068a8                HAL_NVIC_SetPriorityGrouping
 .text.HAL_NVIC_SetPriority
                0x00000000080068be       0x38 ./Drivers/STM32F4xx_HAL_Driver/Src/stm32f4xx_hal_cortex.o
                0x00000000080068be                HAL_NVIC_SetPriority
 .text.HAL_NVIC_EnableIRQ
                0x00000000080068f6       0x1c ./Drivers/STM32F4xx_HAL_Driver/Src/stm32f4xx_hal_cortex.o
                0x00000000080068f6                HAL_NVIC_EnableIRQ
 .text.HAL_SYSTICK_Config
                0x0000000008006912       0x18 ./Drivers/STM32F4xx_HAL_Driver/Src/stm32f4xx_hal_cortex.o
                0x0000000008006912                HAL_SYSTICK_Config
 *fill*         0x000000000800692a        0x2 
 .text.HAL_GPIO_Init
                0x000000000800692c      0x308 ./Drivers/STM32F4xx_HAL_Driver/Src/stm32f4xx_hal_gpio.o
                0x000000000800692c                HAL_GPIO_Init
 .text.HAL_GPIO_ReadPin
                0x0000000008006c34       0x30 ./Drivers/STM32F4xx_HAL_Driver/Src/stm32f4xx_hal_gpio.o
                0x0000000008006c34                HAL_GPIO_ReadPin
 .text.HAL_GPIO_WritePin
                0x0000000008006c64       0x32 ./Drivers/STM32F4xx_HAL_Driver/Src/stm32f4xx_hal_gpio.o
                0x0000000008006c64                HAL_GPIO_WritePin
 .text.HAL_GPIO_TogglePin
                0x0000000008006c96       0x34 ./Drivers/STM32F4xx_HAL_Driver/Src/stm32f4xx_hal_gpio.o
                0x0000000008006c96                HAL_GPIO_TogglePin
 *fill*         0x0000000008006cca        0x2 
 .text.HAL_GPIO_EXTI_IRQHandler
                0x0000000008006ccc       0x30 ./Drivers/STM32F4xx_HAL_Driver/Src/stm32f4xx_hal_gpio.o
                0x0000000008006ccc                HAL_GPIO_EXTI_IRQHandler
 .text.HAL_I2C_Init
                0x0000000008006cfc      0x288 ./Drivers/STM32F4xx_HAL_Driver/Src/stm32f4xx_hal_i2c.o
                0x0000000008006cfc                HAL_I2C_Init
 .text.HAL_I2C_Master_Transmit
                0x0000000008006f84      0x1fc ./Drivers/STM32F4xx_HAL_Driver/Src/stm32f4xx_hal_i2c.o
                0x0000000008006f84                HAL_I2C_Master_Transmit
 .text.HAL_I2C_Master_Receive
                0x0000000008007180      0x44c ./Drivers/STM32F4xx_HAL_Driver/Src/stm32f4xx_hal_i2c.o
                0x0000000008007180                HAL_I2C_Master_Receive
 .text.I2C_MasterRequestWrite
                0x00000000080075cc      0x104 ./Drivers/STM32F4xx_HAL_Driver/Src/stm32f4xx_hal_i2c.o
 .text.I2C_MasterRequestRead
                0x00000000080076d0      0x19c ./Drivers/STM32F4xx_HAL_Driver/Src/stm32f4xx_hal_i2c.o
 .text.I2C_WaitOnFlagUntilTimeout
                0x000000000800786c       0xae ./Drivers/STM32F4xx_HAL_Driver/Src/stm32f4xx_hal_i2c.o
 .text.I2C_WaitOnMasterAddressFlagUntilTimeout
                0x000000000800791a       0xfe ./Drivers/STM32F4xx_HAL_Driver/Src/stm32f4xx_hal_i2c.o
 .text.I2C_WaitOnTXEFlagUntilTimeout
                0x0000000008007a18       0x82 ./Drivers/STM32F4xx_HAL_Driver/Src/stm32f4xx_hal_i2c.o
 .text.I2C_WaitOnBTFFlagUntilTimeout
                0x0000000008007a9a       0x82 ./Drivers/STM32F4xx_HAL_Driver/Src/stm32f4xx_hal_i2c.o
 .text.I2C_WaitOnRXNEFlagUntilTimeout
                0x0000000008007b1c       0xac ./Drivers/STM32F4xx_HAL_Driver/Src/stm32f4xx_hal_i2c.o
 .text.I2C_IsAcknowledgeFailed
                0x0000000008007bc8       0x5e ./Drivers/STM32F4xx_HAL_Driver/Src/stm32f4xx_hal_i2c.o
 *fill*         0x0000000008007c26        0x2 
 .text.HAL_RCC_OscConfig
                0x0000000008007c28      0x4f0 ./Drivers/STM32F4xx_HAL_Driver/Src/stm32f4xx_hal_rcc.o
                0x0000000008007c28                HAL_RCC_OscConfig
 .text.HAL_RCC_ClockConfig
                0x0000000008008118      0x1cc ./Drivers/STM32F4xx_HAL_Driver/Src/stm32f4xx_hal_rcc.o
                0x0000000008008118                HAL_RCC_ClockConfig
 .text.HAL_RCC_GetSysClockFreq
                0x00000000080082e4      0x1c0 ./Drivers/STM32F4xx_HAL_Driver/Src/stm32f4xx_hal_rcc.o
                0x00000000080082e4                HAL_RCC_GetSysClockFreq
 .text.HAL_RCC_GetHCLKFreq
                0x00000000080084a4       0x18 ./Drivers/STM32F4xx_HAL_Driver/Src/stm32f4xx_hal_rcc.o
                0x00000000080084a4                HAL_RCC_GetHCLKFreq
 .text.HAL_RCC_GetPCLK1Freq
                0x00000000080084bc       0x28 ./Drivers/STM32F4xx_HAL_Driver/Src/stm32f4xx_hal_rcc.o
                0x00000000080084bc                HAL_RCC_GetPCLK1Freq
 .text.HAL_SPI_Init
                0x00000000080084e4      0x112 ./Drivers/STM32F4xx_HAL_Driver/Src/stm32f4xx_hal_spi.o
                0x00000000080084e4                HAL_SPI_Init
 .text.HAL_SPI_Transmit
                0x00000000080085f6      0x278 ./Drivers/STM32F4xx_HAL_Driver/Src/stm32f4xx_hal_spi.o
                0x00000000080085f6                HAL_SPI_Transmit
 .text.HAL_SPI_Receive
                0x000000000800886e      0x222 ./Drivers/STM32F4xx_HAL_Driver/Src/stm32f4xx_hal_spi.o
                0x000000000800886e                HAL_SPI_Receive
 .text.HAL_SPI_TransmitReceive
                0x0000000008008a90      0x344 ./Drivers/STM32F4xx_HAL_Driver/Src/stm32f4xx_hal_spi.o
                0x0000000008008a90                HAL_SPI_TransmitReceive
 .text.SPI_WaitFlagStateUntilTimeout
                0x0000000008008dd4      0x110 ./Drivers/STM32F4xx_HAL_Driver/Src/stm32f4xx_hal_spi.o
 .text.SPI_EndRxTransaction
                0x0000000008008ee4       0xca ./Drivers/STM32F4xx_HAL_Driver/Src/stm32f4xx_hal_spi.o
 *fill*         0x0000000008008fae        0x2 
 .text.SPI_EndRxTxTransaction
                0x0000000008008fb0       0x84 ./Drivers/STM32F4xx_HAL_Driver/Src/stm32f4xx_hal_spi.o
 .text.HAL_TIM_Base_Init
                0x0000000008009034       0x9e ./Drivers/STM32F4xx_HAL_Driver/Src/stm32f4xx_hal_tim.o
                0x0000000008009034                HAL_TIM_Base_Init
 *fill*         0x00000000080090d2        0x2 
 .text.HAL_TIM_Base_Start
                0x00000000080090d4       0xb4 ./Drivers/STM32F4xx_HAL_Driver/Src/stm32f4xx_hal_tim.o
                0x00000000080090d4                HAL_TIM_Base_Start
 .text.HAL_TIM_PWM_Init
                0x0000000008009188       0x9e ./Drivers/STM32F4xx_HAL_Driver/Src/stm32f4xx_hal_tim.o
                0x0000000008009188                HAL_TIM_PWM_Init
 .text.HAL_TIM_PWM_MspInit
                0x0000000008009226       0x14 ./Drivers/STM32F4xx_HAL_Driver/Src/stm32f4xx_hal_tim.o
                0x0000000008009226                HAL_TIM_PWM_MspInit
 *fill*         0x000000000800923a        0x2 
 .text.HAL_TIM_PWM_Start
                0x000000000800923c      0x160 ./Drivers/STM32F4xx_HAL_Driver/Src/stm32f4xx_hal_tim.o
                0x000000000800923c                HAL_TIM_PWM_Start
 .text.HAL_TIM_PWM_ConfigChannel
                0x000000000800939c      0x17c ./Drivers/STM32F4xx_HAL_Driver/Src/stm32f4xx_hal_tim.o
                0x000000000800939c                HAL_TIM_PWM_ConfigChannel
 .text.HAL_TIM_ConfigClockSource
                0x0000000008009518      0x188 ./Drivers/STM32F4xx_HAL_Driver/Src/stm32f4xx_hal_tim.o
                0x0000000008009518                HAL_TIM_ConfigClockSource
 .text.TIM_Base_SetConfig
                0x00000000080096a0      0x100 ./Drivers/STM32F4xx_HAL_Driver/Src/stm32f4xx_hal_tim.o
                0x00000000080096a0                TIM_Base_SetConfig
 .text.TIM_OC1_SetConfig
                0x00000000080097a0       0xcc ./Drivers/STM32F4xx_HAL_Driver/Src/stm32f4xx_hal_tim.o
 .text.TIM_OC2_SetConfig
                0x000000000800986c       0xd8 ./Drivers/STM32F4xx_HAL_Driver/Src/stm32f4xx_hal_tim.o
                0x000000000800986c                TIM_OC2_SetConfig
 .text.TIM_OC3_SetConfig
                0x0000000008009944       0xd4 ./Drivers/STM32F4xx_HAL_Driver/Src/stm32f4xx_hal_tim.o
 .text.TIM_OC4_SetConfig
                0x0000000008009a18       0xa0 ./Drivers/STM32F4xx_HAL_Driver/Src/stm32f4xx_hal_tim.o
 .text.TIM_TI1_ConfigInputStage
                0x0000000008009ab8       0x5e ./Drivers/STM32F4xx_HAL_Driver/Src/stm32f4xx_hal_tim.o
 .text.TIM_TI2_ConfigInputStage
                0x0000000008009b16       0x60 ./Drivers/STM32F4xx_HAL_Driver/Src/stm32f4xx_hal_tim.o
 .text.TIM_ITRx_SetConfig
                0x0000000008009b76       0x36 ./Drivers/STM32F4xx_HAL_Driver/Src/stm32f4xx_hal_tim.o
 .text.TIM_ETR_SetConfig
                0x0000000008009bac       0x40 ./Drivers/STM32F4xx_HAL_Driver/Src/stm32f4xx_hal_tim.o
                0x0000000008009bac                TIM_ETR_SetConfig
 .text.TIM_CCxChannelCmd
                0x0000000008009bec       0x4a ./Drivers/STM32F4xx_HAL_Driver/Src/stm32f4xx_hal_tim.o
                0x0000000008009bec                TIM_CCxChannelCmd
 *fill*         0x0000000008009c36        0x2 
 .text.HAL_TIMEx_MasterConfigSynchronization
                0x0000000008009c38       0xdc ./Drivers/STM32F4xx_HAL_Driver/Src/stm32f4xx_hal_tim_ex.o
                0x0000000008009c38                HAL_TIMEx_MasterConfigSynchronization
 .text.HAL_TIMEx_ConfigBreakDeadTime
                0x0000000008009d14       0xa4 ./Drivers/STM32F4xx_HAL_Driver/Src/stm32f4xx_hal_tim_ex.o
                0x0000000008009d14                HAL_TIMEx_ConfigBreakDeadTime
 .text.__errno  0x0000000008009db8        0xc c:/st/stm32cubeide_1.7.0/stm32cubeide/plugins/com.st.stm32cube.ide.mcu.externaltools.gnu-tools-for-stm32.9-2020-q2-update.win32_2.0.0.202105311346/tools/bin/../lib/gcc/arm-none-eabi/9.3.1/../../../../arm-none-eabi/lib/thumb/v7e-m+fp/hard\libc_nano.a(lib_a-errno.o)
                0x0000000008009db8                __errno
 .text.__libc_init_array
                0x0000000008009dc4       0x48 c:/st/stm32cubeide_1.7.0/stm32cubeide/plugins/com.st.stm32cube.ide.mcu.externaltools.gnu-tools-for-stm32.9-2020-q2-update.win32_2.0.0.202105311346/tools/bin/../lib/gcc/arm-none-eabi/9.3.1/../../../../arm-none-eabi/lib/thumb/v7e-m+fp/hard\libc_nano.a(lib_a-init.o)
                0x0000000008009dc4                __libc_init_array
 .text.memset   0x0000000008009e0c       0x10 c:/st/stm32cubeide_1.7.0/stm32cubeide/plugins/com.st.stm32cube.ide.mcu.externaltools.gnu-tools-for-stm32.9-2020-q2-update.win32_2.0.0.202105311346/tools/bin/../lib/gcc/arm-none-eabi/9.3.1/../../../../arm-none-eabi/lib/thumb/v7e-m+fp/hard\libc_nano.a(lib_a-memset.o)
                0x0000000008009e0c                memset
 .text.sprintf  0x0000000008009e1c       0x40 c:/st/stm32cubeide_1.7.0/stm32cubeide/plugins/com.st.stm32cube.ide.mcu.externaltools.gnu-tools-for-stm32.9-2020-q2-update.win32_2.0.0.202105311346/tools/bin/../lib/gcc/arm-none-eabi/9.3.1/../../../../arm-none-eabi/lib/thumb/v7e-m+fp/hard\libc_nano.a(lib_a-sprintf.o)
                0x0000000008009e1c                siprintf
                0x0000000008009e1c                sprintf
 .text.__ssputs_r
                0x0000000008009e5c       0xb6 c:/st/stm32cubeide_1.7.0/stm32cubeide/plugins/com.st.stm32cube.ide.mcu.externaltools.gnu-tools-for-stm32.9-2020-q2-update.win32_2.0.0.202105311346/tools/bin/../lib/gcc/arm-none-eabi/9.3.1/../../../../arm-none-eabi/lib/thumb/v7e-m+fp/hard\libc_nano.a(lib_a-nano-svfprintf.o)
                0x0000000008009e5c                __ssputs_r
 *fill*         0x0000000008009f12        0x2 
 .text._svfprintf_r
                0x0000000008009f14      0x200 c:/st/stm32cubeide_1.7.0/stm32cubeide/plugins/com.st.stm32cube.ide.mcu.externaltools.gnu-tools-for-stm32.9-2020-q2-update.win32_2.0.0.202105311346/tools/bin/../lib/gcc/arm-none-eabi/9.3.1/../../../../arm-none-eabi/lib/thumb/v7e-m+fp/hard\libc_nano.a(lib_a-nano-svfprintf.o)
                0x0000000008009f14                _svfiprintf_r
                0x0000000008009f14                _svfprintf_r
 .text._printf_common
                0x000000000800a114       0xda c:/st/stm32cubeide_1.7.0/stm32cubeide/plugins/com.st.stm32cube.ide.mcu.externaltools.gnu-tools-for-stm32.9-2020-q2-update.win32_2.0.0.202105311346/tools/bin/../lib/gcc/arm-none-eabi/9.3.1/../../../../arm-none-eabi/lib/thumb/v7e-m+fp/hard\libc_nano.a(lib_a-nano-vfprintf_i.o)
                0x000000000800a114                _printf_common
 *fill*         0x000000000800a1ee        0x2 
 .text._printf_i
                0x000000000800a1f0      0x24c c:/st/stm32cubeide_1.7.0/stm32cubeide/plugins/com.st.stm32cube.ide.mcu.externaltools.gnu-tools-for-stm32.9-2020-q2-update.win32_2.0.0.202105311346/tools/bin/../lib/gcc/arm-none-eabi/9.3.1/../../../../arm-none-eabi/lib/thumb/v7e-m+fp/hard\libc_nano.a(lib_a-nano-vfprintf_i.o)
                0x000000000800a1f0                _printf_i
 .text.memcpy   0x000000000800a43c       0x1c c:/st/stm32cubeide_1.7.0/stm32cubeide/plugins/com.st.stm32cube.ide.mcu.externaltools.gnu-tools-for-stm32.9-2020-q2-update.win32_2.0.0.202105311346/tools/bin/../lib/gcc/arm-none-eabi/9.3.1/../../../../arm-none-eabi/lib/thumb/v7e-m+fp/hard\libc_nano.a(lib_a-memcpy-stub.o)
                0x000000000800a43c                memcpy
 .text.memmove  0x000000000800a458       0x34 c:/st/stm32cubeide_1.7.0/stm32cubeide/plugins/com.st.stm32cube.ide.mcu.externaltools.gnu-tools-for-stm32.9-2020-q2-update.win32_2.0.0.202105311346/tools/bin/../lib/gcc/arm-none-eabi/9.3.1/../../../../arm-none-eabi/lib/thumb/v7e-m+fp/hard\libc_nano.a(lib_a-memmove.o)
                0x000000000800a458                memmove
 .text._free_r  0x000000000800a48c       0xa0 c:/st/stm32cubeide_1.7.0/stm32cubeide/plugins/com.st.stm32cube.ide.mcu.externaltools.gnu-tools-for-stm32.9-2020-q2-update.win32_2.0.0.202105311346/tools/bin/../lib/gcc/arm-none-eabi/9.3.1/../../../../arm-none-eabi/lib/thumb/v7e-m+fp/hard\libc_nano.a(lib_a-nano-freer.o)
                0x000000000800a48c                _free_r
 .text._malloc_r
                0x000000000800a52c       0xb4 c:/st/stm32cubeide_1.7.0/stm32cubeide/plugins/com.st.stm32cube.ide.mcu.externaltools.gnu-tools-for-stm32.9-2020-q2-update.win32_2.0.0.202105311346/tools/bin/../lib/gcc/arm-none-eabi/9.3.1/../../../../arm-none-eabi/lib/thumb/v7e-m+fp/hard\libc_nano.a(lib_a-nano-mallocr.o)
                0x000000000800a52c                _malloc_r
 .text._realloc_r
                0x000000000800a5e0       0x4c c:/st/stm32cubeide_1.7.0/stm32cubeide/plugins/com.st.stm32cube.ide.mcu.externaltools.gnu-tools-for-stm32.9-2020-q2-update.win32_2.0.0.202105311346/tools/bin/../lib/gcc/arm-none-eabi/9.3.1/../../../../arm-none-eabi/lib/thumb/v7e-m+fp/hard\libc_nano.a(lib_a-nano-reallocr.o)
                0x000000000800a5e0                _realloc_r
 .text._sbrk_r  0x000000000800a62c       0x20 c:/st/stm32cubeide_1.7.0/stm32cubeide/plugins/com.st.stm32cube.ide.mcu.externaltools.gnu-tools-for-stm32.9-2020-q2-update.win32_2.0.0.202105311346/tools/bin/../lib/gcc/arm-none-eabi/9.3.1/../../../../arm-none-eabi/lib/thumb/v7e-m+fp/hard\libc_nano.a(lib_a-sbrkr.o)
                0x000000000800a62c                _sbrk_r
 .text.__malloc_lock
                0x000000000800a64c        0xc c:/st/stm32cubeide_1.7.0/stm32cubeide/plugins/com.st.stm32cube.ide.mcu.externaltools.gnu-tools-for-stm32.9-2020-q2-update.win32_2.0.0.202105311346/tools/bin/../lib/gcc/arm-none-eabi/9.3.1/../../../../arm-none-eabi/lib/thumb/v7e-m+fp/hard\libc_nano.a(lib_a-mlock.o)
                0x000000000800a64c                __malloc_lock
 .text.__malloc_unlock
                0x000000000800a658        0xc c:/st/stm32cubeide_1.7.0/stm32cubeide/plugins/com.st.stm32cube.ide.mcu.externaltools.gnu-tools-for-stm32.9-2020-q2-update.win32_2.0.0.202105311346/tools/bin/../lib/gcc/arm-none-eabi/9.3.1/../../../../arm-none-eabi/lib/thumb/v7e-m+fp/hard\libc_nano.a(lib_a-mlock.o)
                0x000000000800a658                __malloc_unlock
 .text._malloc_usable_size_r
                0x000000000800a664       0x10 c:/st/stm32cubeide_1.7.0/stm32cubeide/plugins/com.st.stm32cube.ide.mcu.externaltools.gnu-tools-for-stm32.9-2020-q2-update.win32_2.0.0.202105311346/tools/bin/../lib/gcc/arm-none-eabi/9.3.1/../../../../arm-none-eabi/lib/thumb/v7e-m+fp/hard\libc_nano.a(lib_a-nano-msizer.o)
                0x000000000800a664                _malloc_usable_size_r
 .text.__retarget_lock_acquire_recursive
                0x000000000800a674        0x2 c:/st/stm32cubeide_1.7.0/stm32cubeide/plugins/com.st.stm32cube.ide.mcu.externaltools.gnu-tools-for-stm32.9-2020-q2-update.win32_2.0.0.202105311346/tools/bin/../lib/gcc/arm-none-eabi/9.3.1/../../../../arm-none-eabi/lib/thumb/v7e-m+fp/hard\libc_nano.a(lib_a-lock.o)
                0x000000000800a674                __retarget_lock_acquire_recursive
 .text.__retarget_lock_release_recursive
                0x000000000800a676        0x2 c:/st/stm32cubeide_1.7.0/stm32cubeide/plugins/com.st.stm32cube.ide.mcu.externaltools.gnu-tools-for-stm32.9-2020-q2-update.win32_2.0.0.202105311346/tools/bin/../lib/gcc/arm-none-eabi/9.3.1/../../../../arm-none-eabi/lib/thumb/v7e-m+fp/hard\libc_nano.a(lib_a-lock.o)
                0x000000000800a676                __retarget_lock_release_recursive
 *(.glue_7)
 .glue_7        0x000000000800a678        0x0 linker stubs
 *(.glue_7t)
 .glue_7t       0x000000000800a678        0x0 linker stubs
 *(.eh_frame)
 .eh_frame      0x000000000800a678        0x0 c:/st/stm32cubeide_1.7.0/stm32cubeide/plugins/com.st.stm32cube.ide.mcu.externaltools.gnu-tools-for-stm32.9-2020-q2-update.win32_2.0.0.202105311346/tools/bin/../lib/gcc/arm-none-eabi/9.3.1/thumb/v7e-m+fp/hard/crtbegin.o
 *(.init)
 .init          0x000000000800a678        0x4 c:/st/stm32cubeide_1.7.0/stm32cubeide/plugins/com.st.stm32cube.ide.mcu.externaltools.gnu-tools-for-stm32.9-2020-q2-update.win32_2.0.0.202105311346/tools/bin/../lib/gcc/arm-none-eabi/9.3.1/thumb/v7e-m+fp/hard/crti.o
                0x000000000800a678                _init
 .init          0x000000000800a67c        0x8 c:/st/stm32cubeide_1.7.0/stm32cubeide/plugins/com.st.stm32cube.ide.mcu.externaltools.gnu-tools-for-stm32.9-2020-q2-update.win32_2.0.0.202105311346/tools/bin/../lib/gcc/arm-none-eabi/9.3.1/thumb/v7e-m+fp/hard/crtn.o
 *(.fini)
 .fini          0x000000000800a684        0x4 c:/st/stm32cubeide_1.7.0/stm32cubeide/plugins/com.st.stm32cube.ide.mcu.externaltools.gnu-tools-for-stm32.9-2020-q2-update.win32_2.0.0.202105311346/tools/bin/../lib/gcc/arm-none-eabi/9.3.1/thumb/v7e-m+fp/hard/crti.o
                0x000000000800a684                _fini
 .fini          0x000000000800a688        0x8 c:/st/stm32cubeide_1.7.0/stm32cubeide/plugins/com.st.stm32cube.ide.mcu.externaltools.gnu-tools-for-stm32.9-2020-q2-update.win32_2.0.0.202105311346/tools/bin/../lib/gcc/arm-none-eabi/9.3.1/thumb/v7e-m+fp/hard/crtn.o
                0x000000000800a690                . = ALIGN (0x4)
                0x000000000800a690                _etext = .

.vfp11_veneer   0x000000000800a690        0x0
 .vfp11_veneer  0x000000000800a690        0x0 linker stubs

.v4_bx          0x000000000800a690        0x0
 .v4_bx         0x000000000800a690        0x0 linker stubs

.iplt           0x000000000800a690        0x0
 .iplt          0x000000000800a690        0x0 c:/st/stm32cubeide_1.7.0/stm32cubeide/plugins/com.st.stm32cube.ide.mcu.externaltools.gnu-tools-for-stm32.9-2020-q2-update.win32_2.0.0.202105311346/tools/bin/../lib/gcc/arm-none-eabi/9.3.1/thumb/v7e-m+fp/hard/crtbegin.o

.rodata         0x000000000800a690     0x420c
                0x000000000800a690                . = ALIGN (0x4)
 *(.rodata)
 .rodata        0x000000000800a690       0xab ./Core/Src/consolidate.o
 *fill*         0x000000000800a73b        0x1 
 .rodata        0x000000000800a73c      0x41e ./Core/Src/interface.o
 *fill*         0x000000000800ab5a        0x2 
 .rodata        0x000000000800ab5c        0x3 ./Core/Src/main.o
 *fill*         0x000000000800ab5f        0x1 
 .rodata        0x000000000800ab60       0x13 ./Core/Src/tone.o
 *(.rodata*)
 *fill*         0x000000000800ab73        0x1 
 .rodata.Font12_Table
                0x000000000800ab74      0x474 ./Core/Src/font12.o
                0x000000000800ab74                Font12_Table
 .rodata.Font16_Table
                0x000000000800afe8      0xbe0 ./Core/Src/font16.o
                0x000000000800afe8                Font16_Table
 .rodata.Font20_Table
                0x000000000800bbc8      0xed8 ./Core/Src/font20.o
                0x000000000800bbc8                Font20_Table
 .rodata.Font24_Table
                0x000000000800caa0     0x1ab8 ./Core/Src/font24.o
                0x000000000800caa0                Font24_Table
 .rodata.Font8_Table
                0x000000000800e558      0x2f8 ./Core/Src/font8.o
                0x000000000800e558                Font8_Table
 .rodata.AHBPrescTable
                0x000000000800e850       0x10 ./Core/Src/system_stm32f4xx.o
                0x000000000800e850                AHBPrescTable
 .rodata.APBPrescTable
                0x000000000800e860        0x8 ./Core/Src/system_stm32f4xx.o
                0x000000000800e860                APBPrescTable
 .rodata._svfprintf_r.str1.1
                0x000000000800e868       0x11 c:/st/stm32cubeide_1.7.0/stm32cubeide/plugins/com.st.stm32cube.ide.mcu.externaltools.gnu-tools-for-stm32.9-2020-q2-update.win32_2.0.0.202105311346/tools/bin/../lib/gcc/arm-none-eabi/9.3.1/../../../../arm-none-eabi/lib/thumb/v7e-m+fp/hard\libc_nano.a(lib_a-nano-svfprintf.o)
 .rodata._printf_i.str1.1
                0x000000000800e879       0x22 c:/st/stm32cubeide_1.7.0/stm32cubeide/plugins/com.st.stm32cube.ide.mcu.externaltools.gnu-tools-for-stm32.9-2020-q2-update.win32_2.0.0.202105311346/tools/bin/../lib/gcc/arm-none-eabi/9.3.1/../../../../arm-none-eabi/lib/thumb/v7e-m+fp/hard\libc_nano.a(lib_a-nano-vfprintf_i.o)
                0x000000000800e89c                . = ALIGN (0x4)
 *fill*         0x000000000800e89b        0x1 

.ARM.extab      0x000000000800e89c        0x0
                0x000000000800e89c                . = ALIGN (0x4)
 *(.ARM.extab* .gnu.linkonce.armextab.*)
                0x000000000800e89c                . = ALIGN (0x4)

.ARM            0x000000000800e89c        0x8
                0x000000000800e89c                . = ALIGN (0x4)
                0x000000000800e89c                __exidx_start = .
 *(.ARM.exidx*)
 .ARM.exidx     0x000000000800e89c        0x8 c:/st/stm32cubeide_1.7.0/stm32cubeide/plugins/com.st.stm32cube.ide.mcu.externaltools.gnu-tools-for-stm32.9-2020-q2-update.win32_2.0.0.202105311346/tools/bin/../lib/gcc/arm-none-eabi/9.3.1/thumb/v7e-m+fp/hard\libgcc.a(_udivmoddi4.o)
                0x000000000800e8a4                __exidx_end = .
                0x000000000800e8a4                . = ALIGN (0x4)

.rel.dyn        0x000000000800e8a4        0x0
 .rel.iplt      0x000000000800e8a4        0x0 c:/st/stm32cubeide_1.7.0/stm32cubeide/plugins/com.st.stm32cube.ide.mcu.externaltools.gnu-tools-for-stm32.9-2020-q2-update.win32_2.0.0.202105311346/tools/bin/../lib/gcc/arm-none-eabi/9.3.1/thumb/v7e-m+fp/hard/crtbegin.o

.preinit_array  0x000000000800e8a4        0x0
                0x000000000800e8a4                . = ALIGN (0x4)
                0x000000000800e8a4                PROVIDE (__preinit_array_start = .)
 *(.preinit_array*)
                0x000000000800e8a4                PROVIDE (__preinit_array_end = .)
                0x000000000800e8a4                . = ALIGN (0x4)

.init_array     0x000000000800e8a4        0x4
                0x000000000800e8a4                . = ALIGN (0x4)
                0x000000000800e8a4                PROVIDE (__init_array_start = .)
 *(SORT_BY_NAME(.init_array.*))
 *(.init_array*)
 .init_array    0x000000000800e8a4        0x4 c:/st/stm32cubeide_1.7.0/stm32cubeide/plugins/com.st.stm32cube.ide.mcu.externaltools.gnu-tools-for-stm32.9-2020-q2-update.win32_2.0.0.202105311346/tools/bin/../lib/gcc/arm-none-eabi/9.3.1/thumb/v7e-m+fp/hard/crtbegin.o
                0x000000000800e8a8                PROVIDE (__init_array_end = .)
                0x000000000800e8a8                . = ALIGN (0x4)

.fini_array     0x000000000800e8a8        0x4
                0x000000000800e8a8                . = ALIGN (0x4)
                [!provide]                        PROVIDE (__fini_array_start = .)
 *(SORT_BY_NAME(.fini_array.*))
 *(.fini_array*)
 .fini_array    0x000000000800e8a8        0x4 c:/st/stm32cubeide_1.7.0/stm32cubeide/plugins/com.st.stm32cube.ide.mcu.externaltools.gnu-tools-for-stm32.9-2020-q2-update.win32_2.0.0.202105311346/tools/bin/../lib/gcc/arm-none-eabi/9.3.1/thumb/v7e-m+fp/hard/crtbegin.o
                [!provide]                        PROVIDE (__fini_array_end = .)
                0x000000000800e8ac                . = ALIGN (0x4)
                0x000000000800e8ac                _sidata = LOADADDR (.data)

.data           0x0000000020000000      0x890 load address 0x000000000800e8ac
                0x0000000020000000                . = ALIGN (0x4)
                0x0000000020000000                _sdata = .
 *(.data)
 *(.data*)
 .data.feeders  0x0000000020000000        0x2 ./Core/Src/consolidate.o
                0x0000000020000000                feeders
 *fill*         0x0000000020000002        0x2 
 .data.Font12   0x0000000020000004        0x8 ./Core/Src/font12.o
                0x0000000020000004                Font12
 .data.Font16   0x000000002000000c        0x8 ./Core/Src/font16.o
                0x000000002000000c                Font16
 .data.Font20   0x0000000020000014        0x8 ./Core/Src/font20.o
                0x0000000020000014                Font20
 .data.Font24   0x000000002000001c        0x8 ./Core/Src/font24.o
                0x000000002000001c                Font24
 .data.Font8    0x0000000020000024        0x8 ./Core/Src/font8.o
                0x0000000020000024                Font8
 .data.prev_feed_number
                0x000000002000002c        0x2 ./Core/Src/interface.o
                0x000000002000002c                prev_feed_number
 .data.prev_feed_status
                0x000000002000002e        0x2 ./Core/Src/interface.o
                0x000000002000002e                prev_feed_status
 .data.time_diff_meal
                0x0000000020000030        0x4 ./Core/Src/interface.o
                0x0000000020000030                time_diff_meal
 .data.meal_index_skip
                0x0000000020000034        0x2 ./Core/Src/interface.o
                0x0000000020000034                meal_index_skip
 *fill*         0x0000000020000036        0x2 
 .data.POWER    0x0000000020000038      0x4d6 ./Core/Src/interface.o
                0x0000000020000038                POWER
 *fill*         0x000000002000050e        0x2 
 .data.LOCK     0x0000000020000510       0x96 ./Core/Src/interface.o
                0x0000000020000510                LOCK
 *fill*         0x00000000200005a6        0x2 
 .data.GEAR     0x00000000200005a8       0xc8 ./Core/Src/interface.o
                0x00000000200005a8                GEAR
 .data.BACK     0x0000000020000670       0x92 ./Core/Src/interface.o
                0x0000000020000670                BACK
 .data.feed_status
                0x0000000020000702        0x1 ./Core/Src/main.o
                0x0000000020000702                feed_status
 *fill*         0x0000000020000703        0x1 
 .data.feed_number
                0x0000000020000704        0x2 ./Core/Src/main.o
                0x0000000020000704                feed_number
 .data.prev_day
                0x0000000020000706        0x1 ./Core/Src/main.o
                0x0000000020000706                prev_day
 *fill*         0x0000000020000707        0x1 
 .data.prev_menu
                0x0000000020000708        0x2 ./Core/Src/main.o
                0x0000000020000708                prev_menu
 .data.sub_menu
                0x000000002000070a        0x2 ./Core/Src/main.o
                0x000000002000070a                sub_menu
 .data.prev_sub_menu
                0x000000002000070c        0x2 ./Core/Src/main.o
                0x000000002000070c                prev_sub_menu
 .data.screen_brightness
                0x000000002000070e        0x2 ./Core/Src/main.o
                0x000000002000070e                screen_brightness
 .data.speed    0x0000000020000710        0x4 ./Core/Src/main.o
                0x0000000020000710                speed
 .data.selection_wheel
                0x0000000020000714        0x2 ./Core/Src/main.o
                0x0000000020000714                selection_wheel
 .data.sound_feed
                0x0000000020000716        0x1 ./Core/Src/main.o
                0x0000000020000716                sound_feed
 .data.food_shake
                0x0000000020000717        0x1 ./Core/Src/main.o
                0x0000000020000717                food_shake
 .data.sound_intensity
                0x0000000020000718        0x2 ./Core/Src/main.o
                0x0000000020000718                sound_intensity
 .data.time_out
                0x000000002000071a        0x2 ./Core/Src/main.o
                0x000000002000071a                time_out
 .data.feed_cal
                0x000000002000071c        0x2 ./Core/Src/main.o
                0x000000002000071c                feed_cal
 *fill*         0x000000002000071e        0x2 
 .data.rtc      0x0000000020000720        0x7 ./Core/Src/main.o
                0x0000000020000720                rtc
 .data.prev_B.10388
                0x0000000020000727        0x1 ./Core/Src/main.o
 .data.prev_A.10387
                0x0000000020000728        0x1 ./Core/Src/main.o
 *fill*         0x0000000020000729        0x3 
 .data.SystemCoreClock
                0x000000002000072c        0x4 ./Core/Src/system_stm32f4xx.o
                0x000000002000072c                SystemCoreClock
 .data.ladder   0x0000000020000730       0x60 ./Core/Src/tone.o
                0x0000000020000730                ladder
 .data.ladder_text
                0x0000000020000790       0x90 ./Core/Src/tone.o
                0x0000000020000790                ladder_text
 .data.match    0x0000000020000820        0x2 ./Core/Src/tone.o
                0x0000000020000820                match
 *fill*         0x0000000020000822        0x2 
 .data.uwTickPrio
                0x0000000020000824        0x4 ./Drivers/STM32F4xx_HAL_Driver/Src/stm32f4xx_hal.o
                0x0000000020000824                uwTickPrio
 .data.uwTickFreq
                0x0000000020000828        0x1 ./Drivers/STM32F4xx_HAL_Driver/Src/stm32f4xx_hal.o
                0x0000000020000828                uwTickFreq
 *fill*         0x0000000020000829        0x3 
 .data._impure_ptr
                0x000000002000082c        0x4 c:/st/stm32cubeide_1.7.0/stm32cubeide/plugins/com.st.stm32cube.ide.mcu.externaltools.gnu-tools-for-stm32.9-2020-q2-update.win32_2.0.0.202105311346/tools/bin/../lib/gcc/arm-none-eabi/9.3.1/../../../../arm-none-eabi/lib/thumb/v7e-m+fp/hard\libc_nano.a(lib_a-impure.o)
                0x000000002000082c                _impure_ptr
 .data.impure_data
                0x0000000020000830       0x60 c:/st/stm32cubeide_1.7.0/stm32cubeide/plugins/com.st.stm32cube.ide.mcu.externaltools.gnu-tools-for-stm32.9-2020-q2-update.win32_2.0.0.202105311346/tools/bin/../lib/gcc/arm-none-eabi/9.3.1/../../../../arm-none-eabi/lib/thumb/v7e-m+fp/hard\libc_nano.a(lib_a-impure.o)
 *(.RamFunc)
 *(.RamFunc*)
                0x0000000020000890                . = ALIGN (0x4)
                0x0000000020000890                _edata = .

.igot.plt       0x0000000020000890        0x0 load address 0x000000000800f13c
 .igot.plt      0x0000000020000890        0x0 c:/st/stm32cubeide_1.7.0/stm32cubeide/plugins/com.st.stm32cube.ide.mcu.externaltools.gnu-tools-for-stm32.9-2020-q2-update.win32_2.0.0.202105311346/tools/bin/../lib/gcc/arm-none-eabi/9.3.1/thumb/v7e-m+fp/hard/crtbegin.o
                0x0000000020000890                . = ALIGN (0x4)

.bss            0x0000000020000890      0x3fc load address 0x000000000800f13c
                0x0000000020000890                _sbss = .
                0x0000000020000890                __bss_start__ = _sbss
 *(.bss)
 .bss           0x0000000020000890       0x1c c:/st/stm32cubeide_1.7.0/stm32cubeide/plugins/com.st.stm32cube.ide.mcu.externaltools.gnu-tools-for-stm32.9-2020-q2-update.win32_2.0.0.202105311346/tools/bin/../lib/gcc/arm-none-eabi/9.3.1/thumb/v7e-m+fp/hard/crtbegin.o
 *(.bss*)
 .bss.skip      0x00000000200008ac        0x2 ./Core/Src/consolidate.o
                0x00000000200008ac                skip
 *fill*         0x00000000200008ae        0x2 
 .bss.feed_time_old
                0x00000000200008b0        0x4 ./Core/Src/consolidate.o
                0x00000000200008b0                feed_time_old
 .bss.feed_time_diff
                0x00000000200008b4        0x4 ./Core/Src/consolidate.o
                0x00000000200008b4                feed_time_diff
 .bss.first_time
                0x00000000200008b8        0x1 ./Core/Src/consolidate.o
                0x00000000200008b8                first_time
 *fill*         0x00000000200008b9        0x1 
 .bss.feed_once
                0x00000000200008ba        0x2 ./Core/Src/consolidate.o
                0x00000000200008ba                feed_once
 .bss.update    0x00000000200008bc        0x2 ./Core/Src/interface.o
                0x00000000200008bc                update
 .bss.once      0x00000000200008be        0x2 ./Core/Src/interface.o
                0x00000000200008be                once
 .bss.count_var
                0x00000000200008c0        0x2 ./Core/Src/interface.o
                0x00000000200008c0                count_var
 .bss.curr_day  0x00000000200008c2        0x1 ./Core/Src/main.o
                0x00000000200008c2                curr_day
 *fill*         0x00000000200008c3        0x1 
 .bss.menu      0x00000000200008c4        0x2 ./Core/Src/main.o
                0x00000000200008c4                menu
 .bss.time_switch
                0x00000000200008c6        0x1 ./Core/Src/main.o
                0x00000000200008c6                time_switch
 *fill*         0x00000000200008c7        0x1 
 .bss.timeout_old
                0x00000000200008c8        0x4 ./Core/Src/main.o
                0x00000000200008c8                timeout_old
 .bss.timeout_time
                0x00000000200008cc        0x4 ./Core/Src/main.o
                0x00000000200008cc                timeout_time
 .bss.time_check_old
                0x00000000200008d0        0x4 ./Core/Src/main.o
                0x00000000200008d0                time_check_old
 .bss.skip_meal
                0x00000000200008d4        0x2 ./Core/Src/main.o
                0x00000000200008d4                skip_meal
 .bss.button_pressed
                0x00000000200008d6        0x1 ./Core/Src/main.o
                0x00000000200008d6                button_pressed
 .bss.button_long_pressed
                0x00000000200008d7        0x1 ./Core/Src/main.o
                0x00000000200008d7                button_long_pressed
 .bss.screen_off
                0x00000000200008d8        0x1 ./Core/Src/main.o
                0x00000000200008d8                screen_off
 .bss.B_state.10386
                0x00000000200008d9        0x1 ./Core/Src/main.o
 .bss.A_state.10385
                0x00000000200008da        0x1 ./Core/Src/main.o
 *fill*         0x00000000200008db        0x1 
 .bss.__sbrk_heap_end
                0x00000000200008dc        0x4 ./Core/Src/sysmem.o
 .bss.timer_reset
                0x00000000200008e0        0x1 ./Core/Src/tone.o
                0x00000000200008e0                timer_reset
 *fill*         0x00000000200008e1        0x1 
 .bss.count     0x00000000200008e2        0x2 ./Core/Src/tone.o
                0x00000000200008e2                count
 .bss.__malloc_free_list
                0x00000000200008e4        0x4 c:/st/stm32cubeide_1.7.0/stm32cubeide/plugins/com.st.stm32cube.ide.mcu.externaltools.gnu-tools-for-stm32.9-2020-q2-update.win32_2.0.0.202105311346/tools/bin/../lib/gcc/arm-none-eabi/9.3.1/../../../../arm-none-eabi/lib/thumb/v7e-m+fp/hard\libc_nano.a(lib_a-nano-mallocr.o)
                0x00000000200008e4                __malloc_free_list
 .bss.__malloc_sbrk_start
                0x00000000200008e8        0x4 c:/st/stm32cubeide_1.7.0/stm32cubeide/plugins/com.st.stm32cube.ide.mcu.externaltools.gnu-tools-for-stm32.9-2020-q2-update.win32_2.0.0.202105311346/tools/bin/../lib/gcc/arm-none-eabi/9.3.1/../../../../arm-none-eabi/lib/thumb/v7e-m+fp/hard\libc_nano.a(lib_a-nano-mallocr.o)
                0x00000000200008e8                __malloc_sbrk_start
 *(COMMON)
 COMMON         0x00000000200008ec        0x8 ./Core/Src/consolidate.o
                0x00000000200008ec                str
 COMMON         0x00000000200008f4       0x18 ./Core/Src/interface.o
                0x00000000200008f4                prev_feed_time
                0x0000000020000904                prev_feed_amount
 COMMON         0x000000002000090c      0x31e ./Core/Src/main.o
                0x000000002000090c                hspi2
                0x0000000020000964                htim4
                0x00000000200009ac                time_old
                0x00000000200009b0                hi2c1
                0x0000000020000a04                htim10
                0x0000000020000a4c                feed_time
                0x0000000020000a5c                time_diff
                0x0000000020000a60                tone_now
                0x0000000020000a64                tone_diff
                0x0000000020000a68                htim3
                0x0000000020000ab0                selection
                0x0000000020000ab4                buffer2
                0x0000000020000abc                text_colour
                0x0000000020000ac0                curr_time
                0x0000000020000ac8                htim11
                0x0000000020000b10                buffer
                0x0000000020000b28                feed_amount
                0x0000000020000b30                pressed
                0x0000000020000b34                time_switch_old
                0x0000000020000b38                htim1
                0x0000000020000b80                prev_selection
                0x0000000020000b84                tone_old
                0x0000000020000b88                hspi1
                0x0000000020000be0                htim2
                0x0000000020000c28                time_now
 *fill*         0x0000000020000c2a        0x2 
 COMMON         0x0000000020000c2c        0xe ./Core/Src/spi_ili9341.o
                0x0000000020000c2c                TFT9341_HEIGHT
                0x0000000020000c30                lcdprop
                0x0000000020000c38                TFT9341_WIDTH
 *fill*         0x0000000020000c3a        0x2 
 COMMON         0x0000000020000c3c        0x4 ./Core/Src/stm32_ds3231.o
                0x0000000020000c3c                i2c
 COMMON         0x0000000020000c40       0x10 ./Core/Src/tone.o
                0x0000000020000c40                tone_time_diff
                0x0000000020000c44                curr_tone
                0x0000000020000c48                tone_time_new
                0x0000000020000c4c                tone_time_old
 COMMON         0x0000000020000c50       0x28 ./Core/Src/w25qxx.o
                0x0000000020000c50                w25qxx
 COMMON         0x0000000020000c78        0x4 ./Drivers/STM32F4xx_HAL_Driver/Src/stm32f4xx_hal.o
                0x0000000020000c78                uwTick
 COMMON         0x0000000020000c7c        0x4 c:/st/stm32cubeide_1.7.0/stm32cubeide/plugins/com.st.stm32cube.ide.mcu.externaltools.gnu-tools-for-stm32.9-2020-q2-update.win32_2.0.0.202105311346/tools/bin/../lib/gcc/arm-none-eabi/9.3.1/../../../../arm-none-eabi/lib/thumb/v7e-m+fp/hard\libc_nano.a(lib_a-reent.o)
                0x0000000020000c7c                errno
 COMMON         0x0000000020000c80        0x9 c:/st/stm32cubeide_1.7.0/stm32cubeide/plugins/com.st.stm32cube.ide.mcu.externaltools.gnu-tools-for-stm32.9-2020-q2-update.win32_2.0.0.202105311346/tools/bin/../lib/gcc/arm-none-eabi/9.3.1/../../../../arm-none-eabi/lib/thumb/v7e-m+fp/hard\libc_nano.a(lib_a-lock.o)
                0x0000000020000c80                __lock___atexit_recursive_mutex
                0x0000000020000c81                __lock___arc4random_mutex
                0x0000000020000c82                __lock___env_recursive_mutex
                0x0000000020000c83                __lock___sinit_recursive_mutex
                0x0000000020000c84                __lock___malloc_recursive_mutex
                0x0000000020000c85                __lock___at_quick_exit_mutex
                0x0000000020000c86                __lock___dd_hash_mutex
                0x0000000020000c87                __lock___tz_mutex
                0x0000000020000c88                __lock___sfp_recursive_mutex
                0x0000000020000c8c                . = ALIGN (0x4)
 *fill*         0x0000000020000c89        0x3 
                0x0000000020000c8c                _ebss = .
                0x0000000020000c8c                __bss_end__ = _ebss

._user_heap_stack
                0x0000000020000c8c      0x604 load address 0x000000000800f13c
                0x0000000020000c90                . = ALIGN (0x8)
 *fill*         0x0000000020000c8c        0x4 
                [!provide]                        PROVIDE (end = .)
                0x0000000020000c90                PROVIDE (_end = .)
                0x0000000020000e90                . = (. + _Min_Heap_Size)
 *fill*         0x0000000020000c90      0x200 
                0x0000000020001290                . = (. + _Min_Stack_Size)
 *fill*         0x0000000020000e90      0x400 
                0x0000000020001290                . = ALIGN (0x8)

/DISCARD/
 libc.a(*)
 libm.a(*)
 libgcc.a(*)

.ARM.attributes
                0x0000000000000000       0x30
 *(.ARM.attributes)
 .ARM.attributes
                0x0000000000000000       0x1e c:/st/stm32cubeide_1.7.0/stm32cubeide/plugins/com.st.stm32cube.ide.mcu.externaltools.gnu-tools-for-stm32.9-2020-q2-update.win32_2.0.0.202105311346/tools/bin/../lib/gcc/arm-none-eabi/9.3.1/thumb/v7e-m+fp/hard/crti.o
 .ARM.attributes
                0x000000000000001e       0x34 c:/st/stm32cubeide_1.7.0/stm32cubeide/plugins/com.st.stm32cube.ide.mcu.externaltools.gnu-tools-for-stm32.9-2020-q2-update.win32_2.0.0.202105311346/tools/bin/../lib/gcc/arm-none-eabi/9.3.1/thumb/v7e-m+fp/hard/crtbegin.o
 .ARM.attributes
                0x0000000000000052       0x34 ./Core/Src/consolidate.o
 .ARM.attributes
                0x0000000000000086       0x39 ./Core/Src/font12.o
 .ARM.attributes
                0x00000000000000bf       0x39 ./Core/Src/font16.o
 .ARM.attributes
                0x00000000000000f8       0x39 ./Core/Src/font20.o
 .ARM.attributes
                0x0000000000000131       0x39 ./Core/Src/font24.o
 .ARM.attributes
                0x000000000000016a       0x39 ./Core/Src/font8.o
 .ARM.attributes
                0x00000000000001a3       0x34 ./Core/Src/interface.o
 .ARM.attributes
                0x00000000000001d7       0x34 ./Core/Src/main.o
 .ARM.attributes
                0x000000000000020b       0x34 ./Core/Src/spi_ili9341.o
 .ARM.attributes
                0x000000000000023f       0x34 ./Core/Src/stm32_ds3231.o
 .ARM.attributes
                0x0000000000000273       0x34 ./Core/Src/stm32f4xx_hal_msp.o
 .ARM.attributes
                0x00000000000002a7       0x34 ./Core/Src/stm32f4xx_it.o
 .ARM.attributes
                0x00000000000002db       0x34 ./Core/Src/sysmem.o
 .ARM.attributes
                0x000000000000030f       0x34 ./Core/Src/system_stm32f4xx.o
 .ARM.attributes
                0x0000000000000343       0x34 ./Core/Src/tone.o
 .ARM.attributes
                0x0000000000000377       0x34 ./Core/Src/w25qxx.o
 .ARM.attributes
                0x00000000000003ab       0x21 ./Core/Startup/startup_stm32f411ceux.o
 .ARM.attributes
                0x00000000000003cc       0x34 ./Drivers/STM32F4xx_HAL_Driver/Src/stm32f4xx_hal.o
 .ARM.attributes
                0x0000000000000400       0x34 ./Drivers/STM32F4xx_HAL_Driver/Src/stm32f4xx_hal_cortex.o
 .ARM.attributes
                0x0000000000000434       0x34 ./Drivers/STM32F4xx_HAL_Driver/Src/stm32f4xx_hal_gpio.o
 .ARM.attributes
                0x0000000000000468       0x34 ./Drivers/STM32F4xx_HAL_Driver/Src/stm32f4xx_hal_i2c.o
 .ARM.attributes
                0x000000000000049c       0x34 ./Drivers/STM32F4xx_HAL_Driver/Src/stm32f4xx_hal_rcc.o
 .ARM.attributes
                0x00000000000004d0       0x34 ./Drivers/STM32F4xx_HAL_Driver/Src/stm32f4xx_hal_spi.o
 .ARM.attributes
                0x0000000000000504       0x34 ./Drivers/STM32F4xx_HAL_Driver/Src/stm32f4xx_hal_tim.o
 .ARM.attributes
                0x0000000000000538       0x34 ./Drivers/STM32F4xx_HAL_Driver/Src/stm32f4xx_hal_tim_ex.o
 .ARM.attributes
                0x000000000000056c       0x34 c:/st/stm32cubeide_1.7.0/stm32cubeide/plugins/com.st.stm32cube.ide.mcu.externaltools.gnu-tools-for-stm32.9-2020-q2-update.win32_2.0.0.202105311346/tools/bin/../lib/gcc/arm-none-eabi/9.3.1/../../../../arm-none-eabi/lib/thumb/v7e-m+fp/hard\libc_nano.a(lib_a-errno.o)
 .ARM.attributes
                0x00000000000005a0       0x32 c:/st/stm32cubeide_1.7.0/stm32cubeide/plugins/com.st.stm32cube.ide.mcu.externaltools.gnu-tools-for-stm32.9-2020-q2-update.win32_2.0.0.202105311346/tools/bin/../lib/gcc/arm-none-eabi/9.3.1/../../../../arm-none-eabi/lib/thumb/v7e-m+fp/hard\libc_nano.a(lib_a-impure.o)
 .ARM.attributes
                0x00000000000005d2       0x34 c:/st/stm32cubeide_1.7.0/stm32cubeide/plugins/com.st.stm32cube.ide.mcu.externaltools.gnu-tools-for-stm32.9-2020-q2-update.win32_2.0.0.202105311346/tools/bin/../lib/gcc/arm-none-eabi/9.3.1/../../../../arm-none-eabi/lib/thumb/v7e-m+fp/hard\libc_nano.a(lib_a-init.o)
 .ARM.attributes
                0x0000000000000606       0x34 c:/st/stm32cubeide_1.7.0/stm32cubeide/plugins/com.st.stm32cube.ide.mcu.externaltools.gnu-tools-for-stm32.9-2020-q2-update.win32_2.0.0.202105311346/tools/bin/../lib/gcc/arm-none-eabi/9.3.1/../../../../arm-none-eabi/lib/thumb/v7e-m+fp/hard\libc_nano.a(lib_a-memset.o)
 .ARM.attributes
                0x000000000000063a       0x34 c:/st/stm32cubeide_1.7.0/stm32cubeide/plugins/com.st.stm32cube.ide.mcu.externaltools.gnu-tools-for-stm32.9-2020-q2-update.win32_2.0.0.202105311346/tools/bin/../lib/gcc/arm-none-eabi/9.3.1/../../../../arm-none-eabi/lib/thumb/v7e-m+fp/hard\libc_nano.a(lib_a-sprintf.o)
 .ARM.attributes
                0x000000000000066e       0x1c c:/st/stm32cubeide_1.7.0/stm32cubeide/plugins/com.st.stm32cube.ide.mcu.externaltools.gnu-tools-for-stm32.9-2020-q2-update.win32_2.0.0.202105311346/tools/bin/../lib/gcc/arm-none-eabi/9.3.1/../../../../arm-none-eabi/lib/thumb/v7e-m+fp/hard\libc_nano.a(lib_a-strcmp.o)
 .ARM.attributes
                0x000000000000068a       0x17 c:/st/stm32cubeide_1.7.0/stm32cubeide/plugins/com.st.stm32cube.ide.mcu.externaltools.gnu-tools-for-stm32.9-2020-q2-update.win32_2.0.0.202105311346/tools/bin/../lib/gcc/arm-none-eabi/9.3.1/../../../../arm-none-eabi/lib/thumb/v7e-m+fp/hard\libc_nano.a(lib_a-strlen.o)
 .ARM.attributes
                0x00000000000006a1       0x34 c:/st/stm32cubeide_1.7.0/stm32cubeide/plugins/com.st.stm32cube.ide.mcu.externaltools.gnu-tools-for-stm32.9-2020-q2-update.win32_2.0.0.202105311346/tools/bin/../lib/gcc/arm-none-eabi/9.3.1/../../../../arm-none-eabi/lib/thumb/v7e-m+fp/hard\libc_nano.a(lib_a-nano-svfprintf.o)
 .ARM.attributes
                0x00000000000006d5       0x34 c:/st/stm32cubeide_1.7.0/stm32cubeide/plugins/com.st.stm32cube.ide.mcu.externaltools.gnu-tools-for-stm32.9-2020-q2-update.win32_2.0.0.202105311346/tools/bin/../lib/gcc/arm-none-eabi/9.3.1/../../../../arm-none-eabi/lib/thumb/v7e-m+fp/hard\libc_nano.a(lib_a-nano-vfprintf_i.o)
 .ARM.attributes
                0x0000000000000709       0x1c c:/st/stm32cubeide_1.7.0/stm32cubeide/plugins/com.st.stm32cube.ide.mcu.externaltools.gnu-tools-for-stm32.9-2020-q2-update.win32_2.0.0.202105311346/tools/bin/../lib/gcc/arm-none-eabi/9.3.1/../../../../arm-none-eabi/lib/thumb/v7e-m+fp/hard\libc_nano.a(lib_a-memchr.o)
 .ARM.attributes
                0x0000000000000725       0x34 c:/st/stm32cubeide_1.7.0/stm32cubeide/plugins/com.st.stm32cube.ide.mcu.externaltools.gnu-tools-for-stm32.9-2020-q2-update.win32_2.0.0.202105311346/tools/bin/../lib/gcc/arm-none-eabi/9.3.1/../../../../arm-none-eabi/lib/thumb/v7e-m+fp/hard\libc_nano.a(lib_a-memcpy-stub.o)
 .ARM.attributes
                0x0000000000000759       0x34 c:/st/stm32cubeide_1.7.0/stm32cubeide/plugins/com.st.stm32cube.ide.mcu.externaltools.gnu-tools-for-stm32.9-2020-q2-update.win32_2.0.0.202105311346/tools/bin/../lib/gcc/arm-none-eabi/9.3.1/../../../../arm-none-eabi/lib/thumb/v7e-m+fp/hard\libc_nano.a(lib_a-memmove.o)
 .ARM.attributes
                0x000000000000078d       0x34 c:/st/stm32cubeide_1.7.0/stm32cubeide/plugins/com.st.stm32cube.ide.mcu.externaltools.gnu-tools-for-stm32.9-2020-q2-update.win32_2.0.0.202105311346/tools/bin/../lib/gcc/arm-none-eabi/9.3.1/../../../../arm-none-eabi/lib/thumb/v7e-m+fp/hard\libc_nano.a(lib_a-nano-freer.o)
 .ARM.attributes
                0x00000000000007c1       0x34 c:/st/stm32cubeide_1.7.0/stm32cubeide/plugins/com.st.stm32cube.ide.mcu.externaltools.gnu-tools-for-stm32.9-2020-q2-update.win32_2.0.0.202105311346/tools/bin/../lib/gcc/arm-none-eabi/9.3.1/../../../../arm-none-eabi/lib/thumb/v7e-m+fp/hard\libc_nano.a(lib_a-nano-mallocr.o)
 .ARM.attributes
                0x00000000000007f5       0x34 c:/st/stm32cubeide_1.7.0/stm32cubeide/plugins/com.st.stm32cube.ide.mcu.externaltools.gnu-tools-for-stm32.9-2020-q2-update.win32_2.0.0.202105311346/tools/bin/../lib/gcc/arm-none-eabi/9.3.1/../../../../arm-none-eabi/lib/thumb/v7e-m+fp/hard\libc_nano.a(lib_a-nano-reallocr.o)
 .ARM.attributes
                0x0000000000000829       0x34 c:/st/stm32cubeide_1.7.0/stm32cubeide/plugins/com.st.stm32cube.ide.mcu.externaltools.gnu-tools-for-stm32.9-2020-q2-update.win32_2.0.0.202105311346/tools/bin/../lib/gcc/arm-none-eabi/9.3.1/../../../../arm-none-eabi/lib/thumb/v7e-m+fp/hard\libc_nano.a(lib_a-sbrkr.o)
 .ARM.attributes
                0x000000000000085d       0x34 c:/st/stm32cubeide_1.7.0/stm32cubeide/plugins/com.st.stm32cube.ide.mcu.externaltools.gnu-tools-for-stm32.9-2020-q2-update.win32_2.0.0.202105311346/tools/bin/../lib/gcc/arm-none-eabi/9.3.1/../../../../arm-none-eabi/lib/thumb/v7e-m+fp/hard\libc_nano.a(lib_a-mlock.o)
 .ARM.attributes
                0x0000000000000891       0x34 c:/st/stm32cubeide_1.7.0/stm32cubeide/plugins/com.st.stm32cube.ide.mcu.externaltools.gnu-tools-for-stm32.9-2020-q2-update.win32_2.0.0.202105311346/tools/bin/../lib/gcc/arm-none-eabi/9.3.1/../../../../arm-none-eabi/lib/thumb/v7e-m+fp/hard\libc_nano.a(lib_a-nano-msizer.o)
 .ARM.attributes
                0x00000000000008c5       0x34 c:/st/stm32cubeide_1.7.0/stm32cubeide/plugins/com.st.stm32cube.ide.mcu.externaltools.gnu-tools-for-stm32.9-2020-q2-update.win32_2.0.0.202105311346/tools/bin/../lib/gcc/arm-none-eabi/9.3.1/../../../../arm-none-eabi/lib/thumb/v7e-m+fp/hard\libc_nano.a(lib_a-reent.o)
 .ARM.attributes
                0x00000000000008f9       0x34 c:/st/stm32cubeide_1.7.0/stm32cubeide/plugins/com.st.stm32cube.ide.mcu.externaltools.gnu-tools-for-stm32.9-2020-q2-update.win32_2.0.0.202105311346/tools/bin/../lib/gcc/arm-none-eabi/9.3.1/../../../../arm-none-eabi/lib/thumb/v7e-m+fp/hard\libc_nano.a(lib_a-lock.o)
 .ARM.attributes
                0x000000000000092d       0x1e c:/st/stm32cubeide_1.7.0/stm32cubeide/plugins/com.st.stm32cube.ide.mcu.externaltools.gnu-tools-for-stm32.9-2020-q2-update.win32_2.0.0.202105311346/tools/bin/../lib/gcc/arm-none-eabi/9.3.1/thumb/v7e-m+fp/hard\libgcc.a(_aeabi_uldivmod.o)
 .ARM.attributes
                0x000000000000094b       0x34 c:/st/stm32cubeide_1.7.0/stm32cubeide/plugins/com.st.stm32cube.ide.mcu.externaltools.gnu-tools-for-stm32.9-2020-q2-update.win32_2.0.0.202105311346/tools/bin/../lib/gcc/arm-none-eabi/9.3.1/thumb/v7e-m+fp/hard\libgcc.a(_udivmoddi4.o)
 .ARM.attributes
                0x000000000000097f       0x1e c:/st/stm32cubeide_1.7.0/stm32cubeide/plugins/com.st.stm32cube.ide.mcu.externaltools.gnu-tools-for-stm32.9-2020-q2-update.win32_2.0.0.202105311346/tools/bin/../lib/gcc/arm-none-eabi/9.3.1/thumb/v7e-m+fp/hard\libgcc.a(_dvmd_tls.o)
 .ARM.attributes
                0x000000000000099d       0x1e c:/st/stm32cubeide_1.7.0/stm32cubeide/plugins/com.st.stm32cube.ide.mcu.externaltools.gnu-tools-for-stm32.9-2020-q2-update.win32_2.0.0.202105311346/tools/bin/../lib/gcc/arm-none-eabi/9.3.1/thumb/v7e-m+fp/hard/crtn.o
OUTPUT(Test_katvoer.elf elf32-littlearm)
LOAD linker stubs
LOAD c:/st/stm32cubeide_1.7.0/stm32cubeide/plugins/com.st.stm32cube.ide.mcu.externaltools.gnu-tools-for-stm32.9-2020-q2-update.win32_2.0.0.202105311346/tools/bin/../lib/gcc/arm-none-eabi/9.3.1/../../../../arm-none-eabi/lib/thumb/v7e-m+fp/hard\libc.a
LOAD c:/st/stm32cubeide_1.7.0/stm32cubeide/plugins/com.st.stm32cube.ide.mcu.externaltools.gnu-tools-for-stm32.9-2020-q2-update.win32_2.0.0.202105311346/tools/bin/../lib/gcc/arm-none-eabi/9.3.1/../../../../arm-none-eabi/lib/thumb/v7e-m+fp/hard\libm.a
LOAD c:/st/stm32cubeide_1.7.0/stm32cubeide/plugins/com.st.stm32cube.ide.mcu.externaltools.gnu-tools-for-stm32.9-2020-q2-update.win32_2.0.0.202105311346/tools/bin/../lib/gcc/arm-none-eabi/9.3.1/thumb/v7e-m+fp/hard\libgcc.a

.debug_info     0x0000000000000000    0x16d92
 .debug_info    0x0000000000000000     0x12db ./Core/Src/consolidate.o
 .debug_info    0x00000000000012db      0x157 ./Core/Src/font12.o
 .debug_info    0x0000000000001432      0x157 ./Core/Src/font16.o
 .debug_info    0x0000000000001589      0x157 ./Core/Src/font20.o
 .debug_info    0x00000000000016e0      0x157 ./Core/Src/font24.o
 .debug_info    0x0000000000001837      0x157 ./Core/Src/font8.o
 .debug_info    0x000000000000198e     0x15fd ./Core/Src/interface.o
 .debug_info    0x0000000000002f8b     0x2743 ./Core/Src/main.o
 .debug_info    0x00000000000056ce     0x17af ./Core/Src/spi_ili9341.o
 .debug_info    0x0000000000006e7d     0x13ad ./Core/Src/stm32_ds3231.o
 .debug_info    0x000000000000822a     0x1295 ./Core/Src/stm32f4xx_hal_msp.o
 .debug_info    0x00000000000094bf      0x282 ./Core/Src/stm32f4xx_it.o
 .debug_info    0x0000000000009741      0xa25 ./Core/Src/sysmem.o
 .debug_info    0x000000000000a166      0x5d0 ./Core/Src/system_stm32f4xx.o
 .debug_info    0x000000000000a736      0xdfd ./Core/Src/tone.o
 .debug_info    0x000000000000b533     0x10ff ./Core/Src/w25qxx.o
 .debug_info    0x000000000000c632       0x22 ./Core/Startup/startup_stm32f411ceux.o
 .debug_info    0x000000000000c654      0x944 ./Drivers/STM32F4xx_HAL_Driver/Src/stm32f4xx_hal.o
 .debug_info    0x000000000000cf98      0xe47 ./Drivers/STM32F4xx_HAL_Driver/Src/stm32f4xx_hal_cortex.o
 .debug_info    0x000000000000dddf      0x862 ./Drivers/STM32F4xx_HAL_Driver/Src/stm32f4xx_hal_gpio.o
 .debug_info    0x000000000000e641     0x2639 ./Drivers/STM32F4xx_HAL_Driver/Src/stm32f4xx_hal_i2c.o
 .debug_info    0x0000000000010c7a      0x9be ./Drivers/STM32F4xx_HAL_Driver/Src/stm32f4xx_hal_rcc.o
 .debug_info    0x0000000000011638     0x17b8 ./Drivers/STM32F4xx_HAL_Driver/Src/stm32f4xx_hal_spi.o
 .debug_info    0x0000000000012df0     0x2a88 ./Drivers/STM32F4xx_HAL_Driver/Src/stm32f4xx_hal_tim.o
 .debug_info    0x0000000000015878     0x151a ./Drivers/STM32F4xx_HAL_Driver/Src/stm32f4xx_hal_tim_ex.o

.debug_abbrev   0x0000000000000000     0x2fd7
 .debug_abbrev  0x0000000000000000      0x2dc ./Core/Src/consolidate.o
 .debug_abbrev  0x00000000000002dc       0xb1 ./Core/Src/font12.o
 .debug_abbrev  0x000000000000038d       0xb1 ./Core/Src/font16.o
 .debug_abbrev  0x000000000000043e       0xb1 ./Core/Src/font20.o
 .debug_abbrev  0x00000000000004ef       0xb1 ./Core/Src/font24.o
 .debug_abbrev  0x00000000000005a0       0xb1 ./Core/Src/font8.o
 .debug_abbrev  0x0000000000000651      0x2d2 ./Core/Src/interface.o
 .debug_abbrev  0x0000000000000923      0x2f0 ./Core/Src/main.o
 .debug_abbrev  0x0000000000000c13      0x311 ./Core/Src/spi_ili9341.o
 .debug_abbrev  0x0000000000000f24      0x246 ./Core/Src/stm32_ds3231.o
 .debug_abbrev  0x000000000000116a      0x219 ./Core/Src/stm32f4xx_hal_msp.o
 .debug_abbrev  0x0000000000001383       0xd2 ./Core/Src/stm32f4xx_it.o
 .debug_abbrev  0x0000000000001455      0x1bf ./Core/Src/sysmem.o
 .debug_abbrev  0x0000000000001614      0x145 ./Core/Src/system_stm32f4xx.o
 .debug_abbrev  0x0000000000001759      0x21e ./Core/Src/tone.o
 .debug_abbrev  0x0000000000001977      0x2a7 ./Core/Src/w25qxx.o
 .debug_abbrev  0x0000000000001c1e       0x12 ./Core/Startup/startup_stm32f411ceux.o
 .debug_abbrev  0x0000000000001c30      0x21e ./Drivers/STM32F4xx_HAL_Driver/Src/stm32f4xx_hal.o
 .debug_abbrev  0x0000000000001e4e      0x33c ./Drivers/STM32F4xx_HAL_Driver/Src/stm32f4xx_hal_cortex.o
 .debug_abbrev  0x000000000000218a      0x1f1 ./Drivers/STM32F4xx_HAL_Driver/Src/stm32f4xx_hal_gpio.o
 .debug_abbrev  0x000000000000237b      0x293 ./Drivers/STM32F4xx_HAL_Driver/Src/stm32f4xx_hal_i2c.o
 .debug_abbrev  0x000000000000260e      0x275 ./Drivers/STM32F4xx_HAL_Driver/Src/stm32f4xx_hal_rcc.o
 .debug_abbrev  0x0000000000002883      0x26e ./Drivers/STM32F4xx_HAL_Driver/Src/stm32f4xx_hal_spi.o
 .debug_abbrev  0x0000000000002af1      0x26f ./Drivers/STM32F4xx_HAL_Driver/Src/stm32f4xx_hal_tim.o
 .debug_abbrev  0x0000000000002d60      0x277 ./Drivers/STM32F4xx_HAL_Driver/Src/stm32f4xx_hal_tim_ex.o

.debug_aranges  0x0000000000000000     0x1210
 .debug_aranges
                0x0000000000000000       0x78 ./Core/Src/consolidate.o
 .debug_aranges
                0x0000000000000078       0x18 ./Core/Src/font12.o
 .debug_aranges
                0x0000000000000090       0x18 ./Core/Src/font16.o
 .debug_aranges
                0x00000000000000a8       0x18 ./Core/Src/font20.o
 .debug_aranges
                0x00000000000000c0       0x18 ./Core/Src/font24.o
 .debug_aranges
                0x00000000000000d8       0x18 ./Core/Src/font8.o
 .debug_aranges
                0x00000000000000f0       0x78 ./Core/Src/interface.o
 .debug_aranges
                0x0000000000000168       0x88 ./Core/Src/main.o
 .debug_aranges
                0x00000000000001f0       0xb8 ./Core/Src/spi_ili9341.o
 .debug_aranges
                0x00000000000002a8       0x68 ./Core/Src/stm32_ds3231.o
 .debug_aranges
                0x0000000000000310       0x58 ./Core/Src/stm32f4xx_hal_msp.o
 .debug_aranges
                0x0000000000000368       0x80 ./Core/Src/stm32f4xx_it.o
 .debug_aranges
                0x00000000000003e8       0x20 ./Core/Src/sysmem.o
 .debug_aranges
                0x0000000000000408       0x28 ./Core/Src/system_stm32f4xx.o
 .debug_aranges
                0x0000000000000430       0x28 ./Core/Src/tone.o
 .debug_aranges
                0x0000000000000458      0x100 ./Core/Src/w25qxx.o
 .debug_aranges
                0x0000000000000558       0x28 ./Core/Startup/startup_stm32f411ceux.o
 .debug_aranges
                0x0000000000000580       0xf0 ./Drivers/STM32F4xx_HAL_Driver/Src/stm32f4xx_hal.o
 .debug_aranges
                0x0000000000000670      0x118 ./Drivers/STM32F4xx_HAL_Driver/Src/stm32f4xx_hal_cortex.o
 .debug_aranges
                0x0000000000000788       0x58 ./Drivers/STM32F4xx_HAL_Driver/Src/stm32f4xx_hal_gpio.o
 .debug_aranges
                0x00000000000007e0      0x2a0 ./Drivers/STM32F4xx_HAL_Driver/Src/stm32f4xx_hal_i2c.o
 .debug_aranges
                0x0000000000000a80       0x88 ./Drivers/STM32F4xx_HAL_Driver/Src/stm32f4xx_hal_rcc.o
 .debug_aranges
                0x0000000000000b08      0x1d0 ./Drivers/STM32F4xx_HAL_Driver/Src/stm32f4xx_hal_spi.o
 .debug_aranges
                0x0000000000000cd8      0x3d0 ./Drivers/STM32F4xx_HAL_Driver/Src/stm32f4xx_hal_tim.o
 .debug_aranges
                0x00000000000010a8      0x168 ./Drivers/STM32F4xx_HAL_Driver/Src/stm32f4xx_hal_tim_ex.o

.debug_ranges   0x0000000000000000     0x10d0
 .debug_ranges  0x0000000000000000       0x68 ./Core/Src/consolidate.o
 .debug_ranges  0x0000000000000068       0x68 ./Core/Src/interface.o
 .debug_ranges  0x00000000000000d0       0x78 ./Core/Src/main.o
 .debug_ranges  0x0000000000000148       0xa8 ./Core/Src/spi_ili9341.o
 .debug_ranges  0x00000000000001f0       0x58 ./Core/Src/stm32_ds3231.o
 .debug_ranges  0x0000000000000248       0x48 ./Core/Src/stm32f4xx_hal_msp.o
 .debug_ranges  0x0000000000000290       0x70 ./Core/Src/stm32f4xx_it.o
 .debug_ranges  0x0000000000000300       0x10 ./Core/Src/sysmem.o
 .debug_ranges  0x0000000000000310       0x18 ./Core/Src/system_stm32f4xx.o
 .debug_ranges  0x0000000000000328       0x18 ./Core/Src/tone.o
 .debug_ranges  0x0000000000000340      0x138 ./Core/Src/w25qxx.o
 .debug_ranges  0x0000000000000478       0x20 ./Core/Startup/startup_stm32f411ceux.o
 .debug_ranges  0x0000000000000498       0xe0 ./Drivers/STM32F4xx_HAL_Driver/Src/stm32f4xx_hal.o
 .debug_ranges  0x0000000000000578      0x108 ./Drivers/STM32F4xx_HAL_Driver/Src/stm32f4xx_hal_cortex.o
 .debug_ranges  0x0000000000000680       0x48 ./Drivers/STM32F4xx_HAL_Driver/Src/stm32f4xx_hal_gpio.o
 .debug_ranges  0x00000000000006c8      0x2b8 ./Drivers/STM32F4xx_HAL_Driver/Src/stm32f4xx_hal_i2c.o
 .debug_ranges  0x0000000000000980       0x78 ./Drivers/STM32F4xx_HAL_Driver/Src/stm32f4xx_hal_rcc.o
 .debug_ranges  0x00000000000009f8      0x1c0 ./Drivers/STM32F4xx_HAL_Driver/Src/stm32f4xx_hal_spi.o
 .debug_ranges  0x0000000000000bb8      0x3c0 ./Drivers/STM32F4xx_HAL_Driver/Src/stm32f4xx_hal_tim.o
 .debug_ranges  0x0000000000000f78      0x158 ./Drivers/STM32F4xx_HAL_Driver/Src/stm32f4xx_hal_tim_ex.o

.debug_macro    0x0000000000000000    0x18627
 .debug_macro   0x0000000000000000      0x3fd ./Core/Src/consolidate.o
 .debug_macro   0x00000000000003fd      0xaa8 ./Core/Src/consolidate.o
 .debug_macro   0x0000000000000ea5      0x2a1 ./Core/Src/consolidate.o
 .debug_macro   0x0000000000001146       0x2e ./Core/Src/consolidate.o
 .debug_macro   0x0000000000001174       0x28 ./Core/Src/consolidate.o
 .debug_macro   0x000000000000119c       0x22 ./Core/Src/consolidate.o
 .debug_macro   0x00000000000011be       0x8e ./Core/Src/consolidate.o
 .debug_macro   0x000000000000124c       0x51 ./Core/Src/consolidate.o
 .debug_macro   0x000000000000129d      0x103 ./Core/Src/consolidate.o
 .debug_macro   0x00000000000013a0       0x6a ./Core/Src/consolidate.o
 .debug_macro   0x000000000000140a      0x1df ./Core/Src/consolidate.o
 .debug_macro   0x00000000000015e9       0x1c ./Core/Src/consolidate.o
 .debug_macro   0x0000000000001605       0x22 ./Core/Src/consolidate.o
 .debug_macro   0x0000000000001627       0xdf ./Core/Src/consolidate.o
 .debug_macro   0x0000000000001706     0x102d ./Core/Src/consolidate.o
 .debug_macro   0x0000000000002733      0x11f ./Core/Src/consolidate.o
 .debug_macro   0x0000000000002852     0xb937 ./Core/Src/consolidate.o
 .debug_macro   0x000000000000e189       0x43 ./Core/Src/consolidate.o
 .debug_macro   0x000000000000e1cc     0x3659 ./Core/Src/consolidate.o
 .debug_macro   0x0000000000011825      0x174 ./Core/Src/consolidate.o
 .debug_macro   0x0000000000011999       0x5c ./Core/Src/consolidate.o
 .debug_macro   0x00000000000119f5      0x447 ./Core/Src/consolidate.o
 .debug_macro   0x0000000000011e3c      0x9fe ./Core/Src/consolidate.o
 .debug_macro   0x000000000001283a      0x117 ./Core/Src/consolidate.o
 .debug_macro   0x0000000000012951      0x11b ./Core/Src/consolidate.o
 .debug_macro   0x0000000000012a6c       0x82 ./Core/Src/consolidate.o
 .debug_macro   0x0000000000012aee      0x15f ./Core/Src/consolidate.o
 .debug_macro   0x0000000000012c4d      0x287 ./Core/Src/consolidate.o
 .debug_macro   0x0000000000012ed4       0x5f ./Core/Src/consolidate.o
 .debug_macro   0x0000000000012f33      0x236 ./Core/Src/consolidate.o
 .debug_macro   0x0000000000013169      0x132 ./Core/Src/consolidate.o
 .debug_macro   0x000000000001329b      0x264 ./Core/Src/consolidate.o
 .debug_macro   0x00000000000134ff       0x2e ./Core/Src/consolidate.o
 .debug_macro   0x000000000001352d      0x1b5 ./Core/Src/consolidate.o
 .debug_macro   0x00000000000136e2       0x22 ./Core/Src/consolidate.o
 .debug_macro   0x0000000000013704       0xd6 ./Core/Src/consolidate.o
 .debug_macro   0x00000000000137da      0x11a ./Core/Src/consolidate.o
 .debug_macro   0x00000000000138f4       0x85 ./Core/Src/consolidate.o
 .debug_macro   0x0000000000013979       0x89 ./Core/Src/consolidate.o
 .debug_macro   0x0000000000013a02      0x225 ./Core/Src/consolidate.o
 .debug_macro   0x0000000000013c27      0x8d1 ./Core/Src/consolidate.o
 .debug_macro   0x00000000000144f8       0x47 ./Core/Src/consolidate.o
 .debug_macro   0x000000000001453f      0x126 ./Core/Src/consolidate.o
 .debug_macro   0x0000000000014665       0x22 ./Core/Src/consolidate.o
 .debug_macro   0x0000000000014687       0x18 ./Core/Src/consolidate.o
 .debug_macro   0x000000000001469f       0x52 ./Core/Src/consolidate.o
 .debug_macro   0x00000000000146f1       0x3c ./Core/Src/consolidate.o
 .debug_macro   0x000000000001472d       0x34 ./Core/Src/consolidate.o
 .debug_macro   0x0000000000014761       0x16 ./Core/Src/consolidate.o
 .debug_macro   0x0000000000014777       0x35 ./Core/Src/consolidate.o
 .debug_macro   0x00000000000147ac       0x16 ./Core/Src/consolidate.o
 .debug_macro   0x00000000000147c2       0x43 ./Core/Src/consolidate.o
 .debug_macro   0x0000000000014805       0x34 ./Core/Src/consolidate.o
 .debug_macro   0x0000000000014839       0x10 ./Core/Src/consolidate.o
 .debug_macro   0x0000000000014849       0x58 ./Core/Src/consolidate.o
 .debug_macro   0x00000000000148a1       0x71 ./Core/Src/consolidate.o
 .debug_macro   0x0000000000014912       0x1c ./Core/Src/consolidate.o
 .debug_macro   0x000000000001492e      0x12a ./Core/Src/consolidate.o
 .debug_macro   0x0000000000014a58      0x333 ./Core/Src/consolidate.o
 .debug_macro   0x0000000000014d8b       0x16 ./Core/Src/consolidate.o
 .debug_macro   0x0000000000014da1       0x29 ./Core/Src/consolidate.o
 .debug_macro   0x0000000000014dca       0x10 ./Core/Src/consolidate.o
 .debug_macro   0x0000000000014dda      0x136 ./Core/Src/consolidate.o
 .debug_macro   0x0000000000014f10       0x8e ./Core/Src/consolidate.o
 .debug_macro   0x0000000000014f9e       0x1c ./Core/Src/consolidate.o
 .debug_macro   0x0000000000014fba       0x10 ./Core/Src/consolidate.o
 .debug_macro   0x0000000000014fca       0x10 ./Core/Src/consolidate.o
 .debug_macro   0x0000000000014fda       0x1c ./Core/Src/consolidate.o
 .debug_macro   0x0000000000014ff6       0x52 ./Core/Src/consolidate.o
 .debug_macro   0x0000000000015048       0x22 ./Core/Src/consolidate.o
 .debug_macro   0x000000000001506a       0x10 ./Core/Src/consolidate.o
 .debug_macro   0x000000000001507a       0x40 ./Core/Src/consolidate.o
 .debug_macro   0x00000000000150ba       0xd5 ./Core/Src/consolidate.o
 .debug_macro   0x000000000001518f       0x1c ./Core/Src/consolidate.o
 .debug_macro   0x00000000000151ab       0x3d ./Core/Src/consolidate.o
 .debug_macro   0x00000000000151e8       0x16 ./Core/Src/consolidate.o
 .debug_macro   0x00000000000151fe      0x145 ./Core/Src/consolidate.o
 .debug_macro   0x0000000000015343       0x16 ./Core/Src/consolidate.o