Archive member included to satisfy reference by file (symbol)

c:/st/stm32cubeide_1.7.0/stm32cubeide/plugins/com.st.stm32cube.ide.mcu.externaltools.gnu-tools-for-stm32.9-2020-q2-update.win32_2.0.0.202105311346/tools/bin/../lib/gcc/arm-none-eabi/9.3.1/../../../../arm-none-eabi/lib/thumb/v7e-m+fp/hard\libc_nano.a(lib_a-errno.o)
                              ./Core/Src/sysmem.o (__errno)
c:/st/stm32cubeide_1.7.0/stm32cubeide/plugins/com.st.stm32cube.ide.mcu.externaltools.gnu-tools-for-stm32.9-2020-q2-update.win32_2.0.0.202105311346/tools/bin/../lib/gcc/arm-none-eabi/9.3.1/../../../../arm-none-eabi/lib/thumb/v7e-m+fp/hard\libc_nano.a(lib_a-exit.o)
                              c:/st/stm32cubeide_1.7.0/stm32cubeide/plugins/com.st.stm32cube.ide.mcu.externaltools.gnu-tools-for-stm32.9-2020-q2-update.win32_2.0.0.202105311346/tools/bin/../lib/gcc/arm-none-eabi/9.3.1/../../../../arm-none-eabi/lib/thumb/v7e-m+fp/hard/crt0.o (exit)
c:/st/stm32cubeide_1.7.0/stm32cubeide/plugins/com.st.stm32cube.ide.mcu.externaltools.gnu-tools-for-stm32.9-2020-q2-update.win32_2.0.0.202105311346/tools/bin/../lib/gcc/arm-none-eabi/9.3.1/../../../../arm-none-eabi/lib/thumb/v7e-m+fp/hard\libc_nano.a(lib_a-impure.o)
                              c:/st/stm32cubeide_1.7.0/stm32cubeide/plugins/com.st.stm32cube.ide.mcu.externaltools.gnu-tools-for-stm32.9-2020-q2-update.win32_2.0.0.202105311346/tools/bin/../lib/gcc/arm-none-eabi/9.3.1/../../../../arm-none-eabi/lib/thumb/v7e-m+fp/hard\libc_nano.a(lib_a-exit.o) (_global_impure_ptr)
c:/st/stm32cubeide_1.7.0/stm32cubeide/plugins/com.st.stm32cube.ide.mcu.externaltools.gnu-tools-for-stm32.9-2020-q2-update.win32_2.0.0.202105311346/tools/bin/../lib/gcc/arm-none-eabi/9.3.1/../../../../arm-none-eabi/lib/thumb/v7e-m+fp/hard\libc_nano.a(lib_a-init.o)
                              c:/st/stm32cubeide_1.7.0/stm32cubeide/plugins/com.st.stm32cube.ide.mcu.externaltools.gnu-tools-for-stm32.9-2020-q2-update.win32_2.0.0.202105311346/tools/bin/../lib/gcc/arm-none-eabi/9.3.1/../../../../arm-none-eabi/lib/thumb/v7e-m+fp/hard/crt0.o (__libc_init_array)
c:/st/stm32cubeide_1.7.0/stm32cubeide/plugins/com.st.stm32cube.ide.mcu.externaltools.gnu-tools-for-stm32.9-2020-q2-update.win32_2.0.0.202105311346/tools/bin/../lib/gcc/arm-none-eabi/9.3.1/../../../../arm-none-eabi/lib/thumb/v7e-m+fp/hard\libc_nano.a(lib_a-memset.o)
                              c:/st/stm32cubeide_1.7.0/stm32cubeide/plugins/com.st.stm32cube.ide.mcu.externaltools.gnu-tools-for-stm32.9-2020-q2-update.win32_2.0.0.202105311346/tools/bin/../lib/gcc/arm-none-eabi/9.3.1/../../../../arm-none-eabi/lib/thumb/v7e-m+fp/hard/crt0.o (memset)
c:/st/stm32cubeide_1.7.0/stm32cubeide/plugins/com.st.stm32cube.ide.mcu.externaltools.gnu-tools-for-stm32.9-2020-q2-update.win32_2.0.0.202105311346/tools/bin/../lib/gcc/arm-none-eabi/9.3.1/../../../../arm-none-eabi/lib/thumb/v7e-m+fp/hard\libc_nano.a(lib_a-sprintf.o)
                              ./Core/Src/consolidate.o (sprintf)
c:/st/stm32cubeide_1.7.0/stm32cubeide/plugins/com.st.stm32cube.ide.mcu.externaltools.gnu-tools-for-stm32.9-2020-q2-update.win32_2.0.0.202105311346/tools/bin/../lib/gcc/arm-none-eabi/9.3.1/../../../../arm-none-eabi/lib/thumb/v7e-m+fp/hard\libc_nano.a(lib_a-strcmp.o)
                              ./Core/Src/tone.o (strcmp)
c:/st/stm32cubeide_1.7.0/stm32cubeide/plugins/com.st.stm32cube.ide.mcu.externaltools.gnu-tools-for-stm32.9-2020-q2-update.win32_2.0.0.202105311346/tools/bin/../lib/gcc/arm-none-eabi/9.3.1/../../../../arm-none-eabi/lib/thumb/v7e-m+fp/hard\libc_nano.a(lib_a-strlen.o)
                              ./Core/Src/interface.o (strlen)
c:/st/stm32cubeide_1.7.0/stm32cubeide/plugins/com.st.stm32cube.ide.mcu.externaltools.gnu-tools-for-stm32.9-2020-q2-update.win32_2.0.0.202105311346/tools/bin/../lib/gcc/arm-none-eabi/9.3.1/../../../../arm-none-eabi/lib/thumb/v7e-m+fp/hard\libc_nano.a(lib_a-nano-svfprintf.o)
                              c:/st/stm32cubeide_1.7.0/stm32cubeide/plugins/com.st.stm32cube.ide.mcu.externaltools.gnu-tools-for-stm32.9-2020-q2-update.win32_2.0.0.202105311346/tools/bin/../lib/gcc/arm-none-eabi/9.3.1/../../../../arm-none-eabi/lib/thumb/v7e-m+fp/hard\libc_nano.a(lib_a-sprintf.o) (_svfprintf_r)
c:/st/stm32cubeide_1.7.0/stm32cubeide/plugins/com.st.stm32cube.ide.mcu.externaltools.gnu-tools-for-stm32.9-2020-q2-update.win32_2.0.0.202105311346/tools/bin/../lib/gcc/arm-none-eabi/9.3.1/../../../../arm-none-eabi/lib/thumb/v7e-m+fp/hard\libc_nano.a(lib_a-nano-vfprintf_i.o)
                              c:/st/stm32cubeide_1.7.0/stm32cubeide/plugins/com.st.stm32cube.ide.mcu.externaltools.gnu-tools-for-stm32.9-2020-q2-update.win32_2.0.0.202105311346/tools/bin/../lib/gcc/arm-none-eabi/9.3.1/../../../../arm-none-eabi/lib/thumb/v7e-m+fp/hard\libc_nano.a(lib_a-nano-svfprintf.o) (_printf_i)
[...]
Memory Configuration

Name             Origin             Length             Attributes
RAM              0x0000000020000000 0x0000000000020000 xrw
FLASH            0x0000000008000000 0x0000000000080000 xr
*default*        0x0000000000000000 0xffffffffffffffff

Linker script and memory map

LOAD c:/st/stm32cubeide_1.7.0/stm32cubeide/plugins/com.st.stm32cube.ide.mcu.externaltools.gnu-tools-for-stm32.9-2020-q2-update.win32_2.0.0.202105311346/tools/bin/../lib/gcc/arm-none-eabi/9.3.1/thumb/v7e-m+fp/hard/crti.o
LOAD c:/st/stm32cubeide_1.7.0/stm32cubeide/plugins/com.st.stm32cube.ide.mcu.externaltools.gnu-tools-for-stm32.9-2020-q2-update.win32_2.0.0.202105311346/tools/bin/../lib/gcc/arm-none-eabi/9.3.1/thumb/v7e-m+fp/hard/crtbegin.o
LOAD c:/st/stm32cubeide_1.7.0/stm32cubeide/plugins/com.st.stm32cube.ide.mcu.externaltools.gnu-tools-for-stm32.9-2020-q2-update.win32_2.0.0.202105311346/tools/bin/../lib/gcc/arm-none-eabi/9.3.1/../../../../arm-none-eabi/lib/thumb/v7e-m+fp/hard/crt0.o
LOAD ./Core/Src/consolidate.o
LOAD ./Core/Src/font12.o
LOAD ./Core/Src/font16.o
LOAD ./Core/Src/font20.o
LOAD ./Core/Src/font24.o
LOAD ./Core/Src/font8.o
LOAD ./Core/Src/interface.o
LOAD ./Core/Src/main.o
LOAD ./Core/Src/spi_ili9341.o
LOAD ./Core/Src/stm32_ds3231.o
LOAD ./Core/Src/stm32f4xx_hal_msp.o
LOAD ./Core/Src/stm32f4xx_it.o
LOAD ./Core/Src/sysmem.o
LOAD ./Core/Src/system_stm32f4xx.o
LOAD ./Core/Src/tone.o
LOAD ./Core/Src/w25qxx.o
LOAD ./Core/Startup/startup_stm32f411ceux.o
LOAD ./Drivers/STM32F4xx_HAL_Driver/Src/stm32f4xx_hal.o
LOAD ./Drivers/STM32F4xx_HAL_Driver/Src/stm32f4xx_hal_cortex.o
LOAD ./Drivers/STM32F4xx_HAL_Driver/Src/stm32f4xx_hal_dma.o
LOAD ./Drivers/STM32F4xx_HAL_Driver/Src/stm32f4xx_hal_dma_ex.o
LOAD ./Drivers/STM32F4xx_HAL_Driver/Src/stm32f4xx_hal_exti.o
LOAD ./Drivers/STM32F4xx_HAL_Driver/Src/stm32f4xx_hal_flash.o
LOAD ./Drivers/STM32F4xx_HAL_Driver/Src/stm32f4xx_hal_flash_ex.o
LOAD ./Drivers/STM32F4xx_HAL_Driver/Src/stm32f4xx_hal_flash_ramfunc.o
LOAD ./Drivers/STM32F4xx_HAL_Driver/Src/stm32f4xx_hal_gpio.o
LOAD ./Drivers/STM32F4xx_HAL_Driver/Src/stm32f4xx_hal_i2c.o
LOAD ./Drivers/STM32F4xx_HAL_Driver/Src/stm32f4xx_hal_i2c_ex.o
LOAD ./Drivers/STM32F4xx_HAL_Driver/Src/stm32f4xx_hal_pwr.o
LOAD ./Drivers/STM32F4xx_HAL_Driver/Src/stm32f4xx_hal_pwr_ex.o
LOAD ./Drivers/STM32F4xx_HAL_Driver/Src/stm32f4xx_hal_rcc.o
LOAD ./Drivers/STM32F4xx_HAL_Driver/Src/stm32f4xx_hal_rcc_ex.o
LOAD ./Drivers/STM32F4xx_HAL_Driver/Src/stm32f4xx_hal_spi.o
LOAD ./Drivers/STM32F4xx_HAL_Driver/Src/stm32f4xx_hal_tim.o
LOAD ./Drivers/STM32F4xx_HAL_Driver/Src/stm32f4xx_hal_tim_ex.o
START GROUP
LOAD c:/st/stm32cubeide_1.7.0/stm32cubeide/plugins/com.st.stm32cube.ide.mcu.externaltools.gnu-tools-for-stm32.9-2020-q2-update.win32_2.0.0.202105311346/tools/bin/../lib/gcc/arm-none-eabi/9.3.1/../../../../arm-none-eabi/lib/thumb/v7e-m+fp/hard\libc_nano.a
LOAD c:/st/stm32cubeide_1.7.0/stm32cubeide/plugins/com.st.stm32cube.ide.mcu.externaltools.gnu-tools-for-stm32.9-2020-q2-update.win32_2.0.0.202105311346/tools/bin/../lib/gcc/arm-none-eabi/9.3.1/../../../../arm-none-eabi/lib/thumb/v7e-m+fp/hard\libm.a
END GROUP
START GROUP
LOAD c:/st/stm32cubeide_1.7.0/stm32cubeide/plugins/com.st.stm32cube.ide.mcu.externaltools.gnu-tools-for-stm32.9-2020-q2-update.win32_2.0.0.202105311346/tools/bin/../lib/gcc/arm-none-eabi/9.3.1/thumb/v7e-m+fp/hard\libgcc.a
LOAD c:/st/stm32cubeide_1.7.0/stm32cubeide/plugins/com.st.stm32cube.ide.mcu.externaltools.gnu-tools-for-stm32.9-2020-q2-update.win32_2.0.0.202105311346/tools/bin/../lib/gcc/arm-none-eabi/9.3.1/../../../../arm-none-eabi/lib/thumb/v7e-m+fp/hard\libc_nano.a
END GROUP
START GROUP
LOAD c:/st/stm32cubeide_1.7.0/stm32cubeide/plugins/com.st.stm32cube.ide.mcu.externaltools.gnu-tools-for-stm32.9-2020-q2-update.win32_2.0.0.202105311346/tools/bin/../lib/gcc/arm-none-eabi/9.3.1/thumb/v7e-m+fp/hard\libgcc.a
LOAD c:/st/stm32cubeide_1.7.0/stm32cubeide/plugins/com.st.stm32cube.ide.mcu.externaltools.gnu-tools-for-stm32.9-2020-q2-update.win32_2.0.0.202105311346/tools/bin/../lib/gcc/arm-none-eabi/9.3.1/../../../../arm-none-eabi/lib/thumb/v7e-m+fp/hard\libc_nano.a
LOAD c:/st/stm32cubeide_1.7.0/stm32cubeide/plugins/com.st.stm32cube.ide.mcu.externaltools.gnu-tools-for-stm32.9-2020-q2-update.win32_2.0.0.202105311346/tools/bin/../lib/gcc/arm-none-eabi/9.3.1/../../../../arm-none-eabi/lib/thumb/v7e-m+fp/hard\libnosys.a
END GROUP
START GROUP
LOAD c:/st/stm32cubeide_1.7.0/stm32cubeide/plugins/com.st.stm32cube.ide.mcu.externaltools.gnu-tools-for-stm32.9-2020-q2-update.win32_2.0.0.202105311346/tools/bin/../lib/gcc/arm-none-eabi/9.3.1/thumb/v7e-m+fp/hard\libgcc.a
LOAD c:/st/stm32cubeide_1.7.0/stm32cubeide/plugins/com.st.stm32cube.ide.mcu.externaltools.gnu-tools-for-stm32.9-2020-q2-update.win32_2.0.0.202105311346/tools/bin/../lib/gcc/arm-none-eabi/9.3.1/../../../../arm-none-eabi/lib/thumb/v7e-m+fp/hard\libc_nano.a
LOAD c:/st/stm32cubeide_1.7.0/stm32cubeide/plugins/com.st.stm32cube.ide.mcu.externaltools.gnu-tools-for-stm32.9-2020-q2-update.win32_2.0.0.202105311346/tools/bin/../lib/gcc/arm-none-eabi/9.3.1/../../../../arm-none-eabi/lib/thumb/v7e-m+fp/hard\libnosys.a
END GROUP
LOAD c:/st/stm32cubeide_1.7.0/stm32cubeide/plugins/com.st.stm32cube.ide.mcu.externaltools.gnu-tools-for-stm32.9-2020-q2-update.win32_2.0.0.202105311346/tools/bin/../lib/gcc/arm-none-eabi/9.3.1/thumb/v7e-m+fp/hard/crtend.o
LOAD c:/st/stm32cubeide_1.7.0/stm32cubeide/plugins/com.st.stm32cube.ide.mcu.externaltools.gnu-tools-for-stm32.9-2020-q2-update.win32_2.0.0.202105311346/tools/bin/../lib/gcc/arm-none-eabi/9.3.1/thumb/v7e-m+fp/hard/crtn.o
                0x0000000020020000                _estack = (ORIGIN (RAM) + LENGTH (RAM))
                0x0000000000000200                _Min_Heap_Size = 0x200
                0x0000000000000400                _Min_Stack_Size = 0x400

.isr_vector     0x0000000008000000      0x198
                0x0000000008000000                . = ALIGN (0x4)
 *(.isr_vector)
 .isr_vector    0x0000000008000000      0x198 ./Core/Startup/startup_stm32f411ceux.o
                0x0000000008000000                g_pfnVectors
                0x0000000008000198                . = ALIGN (0x4)

.text           0x00000000080001a0     0xa2b4
                0x00000000080001a0                . = ALIGN (0x4)
 *(.text)
 .text          0x00000000080001a0       0x40 c:/st/stm32cubeide_1.7.0/stm32cubeide/plugins/com.st.stm32cube.ide.mcu.externaltools.gnu-tools-for-stm32.9-2020-q2-update.win32_2.0.0.202105311346/tools/bin/../lib/gcc/arm-none-eabi/9.3.1/thumb/v7e-m+fp/hard/crtbegin.o
 .text          0x00000000080001e0       0x14 c:/st/stm32cubeide_1.7.0/stm32cubeide/plugins/com.st.stm32cube.ide.mcu.externaltools.gnu-tools-for-stm32.9-2020-q2-update.win32_2.0.0.202105311346/tools/bin/../lib/gcc/arm-none-eabi/9.3.1/../../../../arm-none-eabi/lib/thumb/v7e-m+fp/hard\libc_nano.a(lib_a-strcmp.o)
                0x00000000080001e0                strcmp
 .text          0x00000000080001f4       0x10 c:/st/stm32cubeide_1.7.0/stm32cubeide/plugins/com.st.stm32cube.ide.mcu.externaltools.gnu-tools-for-stm32.9-2020-q2-update.win32_2.0.0.202105311346/tools/bin/../lib/gcc/arm-none-eabi/9.3.1/../../../../arm-none-eabi/lib/thumb/v7e-m+fp/hard\libc_nano.a(lib_a-strlen.o)
                0x00000000080001f4                strlen
 *fill*         0x0000000008000204        0xc 
 .text          0x0000000008000210       0xa0 c:/st/stm32cubeide_1.7.0/stm32cubeide/plugins/com.st.stm32cube.ide.mcu.externaltools.gnu-tools-for-stm32.9-2020-q2-update.win32_2.0.0.202105311346/tools/bin/../lib/gcc/arm-none-eabi/9.3.1/../../../../arm-none-eabi/lib/thumb/v7e-m+fp/hard\libc_nano.a(lib_a-memchr.o)
                0x0000000008000210                memchr
 .text          0x00000000080002b0       0x30 c:/st/stm32cubeide_1.7.0/stm32cubeide/plugins/com.st.stm32cube.ide.mcu.externaltools.gnu-tools-for-stm32.9-2020-q2-update.win32_2.0.0.202105311346/tools/bin/../lib/gcc/arm-none-eabi/9.3.1/thumb/v7e-m+fp/hard\libgcc.a(_aeabi_uldivmod.o)
                0x00000000080002b0                __aeabi_uldivmod
 .text          0x00000000080002e0      0x2c4 c:/st/stm32cubeide_1.7.0/stm32cubeide/plugins/com.st.stm32cube.ide.mcu.externaltools.gnu-tools-for-stm32.9-2020-q2-update.win32_2.0.0.202105311346/tools/bin/../lib/gcc/arm-none-eabi/9.3.1/thumb/v7e-m+fp/hard\libgcc.a(_udivmoddi4.o)
                0x00000000080002e0                __udivmoddi4
 .text          0x00000000080005a4        0x4 c:/st/stm32cubeide_1.7.0/stm32cubeide/plugins/com.st.stm32cube.ide.mcu.externaltools.gnu-tools-for-stm32.9-2020-q2-update.win32_2.0.0.202105311346/tools/bin/../lib/gcc/arm-none-eabi/9.3.1/thumb/v7e-m+fp/hard\libgcc.a(_dvmd_tls.o)
                0x00000000080005a4                __aeabi_idiv0
                0x00000000080005a4                __aeabi_ldiv0
 *(.text*)
 .text.menu_draw
                0x00000000080005a8       0x9c ./Core/Src/consolidate.o
                0x00000000080005a8                menu_draw
 .text.selection_action
                0x0000000008000644      0x8ec ./Core/Src/consolidate.o
                0x0000000008000644                selection_action
 .text.time_text
                0x0000000008000f30      0x158 ./Core/Src/consolidate.o
                0x0000000008000f30                time_text
 .text.enum_to_day
                0x0000000008001088       0x7c ./Core/Src/consolidate.o
                0x0000000008001088                enum_to_day
 .text.limit_selection
                0x0000000008001104       0x48 ./Core/Src/consolidate.o
                0x0000000008001104                limit_selection
 .text.timeout_vis
                0x000000000800114c       0x60 ./Core/Src/consolidate.o
                0x000000000800114c                timeout_vis
 .text.feed_cat
                0x00000000080011ac      0x14c ./Core/Src/consolidate.o
                0x00000000080011ac                feed_cat
 .text.write_vars
                0x00000000080012f8      0x188 ./Core/Src/consolidate.o
                0x00000000080012f8                write_vars
 .text.read_vars
                0x0000000008001480      0x138 ./Core/Src/consolidate.o
                0x0000000008001480                read_vars
 .text.feed_cat_time
                0x00000000080015b8      0x104 ./Core/Src/consolidate.o
                0x00000000080015b8                feed_cat_time
 .text.motor_driver
                0x00000000080016bc       0x5c ./Core/Src/consolidate.o
                0x00000000080016bc                motor_driver
 .text.motor_intensity
                0x0000000008001718       0xa0 ./Core/Src/consolidate.o
                0x0000000008001718                motor_intensity
 .text.draw_power
                0x00000000080017b8       0xb0 ./Core/Src/interface.o
                0x00000000080017b8                draw_power
 .text.draw_lock
                0x0000000008001868       0x84 ./Core/Src/interface.o
                0x0000000008001868                draw_lock
 .text.draw_gear
                0x00000000080018ec       0x80 ./Core/Src/interface.o
                0x00000000080018ec                draw_gear
 .text.draw_back
                0x000000000800196c       0x84 ./Core/Src/interface.o
                0x000000000800196c                draw_back
 .text.draw_main
                0x00000000080019f0      0x6b4 ./Core/Src/interface.o
                0x00000000080019f0                draw_main
 .text.draw_extra_options
                0x00000000080020a4      0x94c ./Core/Src/interface.o
                0x00000000080020a4                draw_extra_options
 .text.draw_options
                0x00000000080029f0      0x308 ./Core/Src/interface.o
                0x00000000080029f0                draw_options
 .text.feed_set
                0x0000000008002cf8      0x6d4 ./Core/Src/interface.o
                0x0000000008002cf8                feed_set
 .text.set_time
                0x00000000080033cc      0x4fc ./Core/Src/interface.o
                0x00000000080033cc                set_time
 .text.calibrate_feed
                0x00000000080038c8      0x388 ./Core/Src/interface.o
                0x00000000080038c8                calibrate_feed
 .text.main     0x0000000008003c50      0x5d4 ./Core/Src/main.o
                0x0000000008003c50                main
 .text.SystemClock_Config
                0x0000000008004224       0xd0 ./Core/Src/main.o
                0x0000000008004224                SystemClock_Config
 .text.MX_I2C1_Init
                0x00000000080042f4       0x5c ./Core/Src/main.o
 .text.MX_SPI1_Init
                0x0000000008004350       0x6c ./Core/Src/main.o
 .text.MX_SPI2_Init
                0x00000000080043bc       0x6c ./Core/Src/main.o
 .text.MX_TIM1_Init
                0x0000000008004428      0x144 ./Core/Src/main.o
 .text.MX_TIM2_Init
                0x000000000800456c       0x9c ./Core/Src/main.o
 .text.MX_TIM3_Init
                0x0000000008004608       0x9c ./Core/Src/main.o
 .text.MX_TIM4_Init
                0x00000000080046a4       0x9c ./Core/Src/main.o
 .text.MX_TIM10_Init
                0x0000000008004740       0x48 ./Core/Src/main.o
 .text.MX_TIM11_Init
                0x0000000008004788       0x48 ./Core/Src/main.o
 .text.MX_GPIO_Init
                0x00000000080047d0      0x164 ./Core/Src/main.o
 .text.HAL_GPIO_EXTI_Callback
                0x0000000008004934       0xf0 ./Core/Src/main.o
                0x0000000008004934                HAL_GPIO_EXTI_Callback
 .text.Error_Handler
                0x0000000008004a24        0xa ./Core/Src/main.o
                0x0000000008004a24                Error_Handler
 *fill*         0x0000000008004a2e        0x2 
 .text.TFT9341_SendCommand
                0x0000000008004a30       0x30 ./Core/Src/spi_ili9341.o
                0x0000000008004a30                TFT9341_SendCommand
 .text.TFT9341_SendData
                0x0000000008004a60       0x30 ./Core/Src/spi_ili9341.o
                0x0000000008004a60                TFT9341_SendData
 .text.TFT9341_WriteData
                0x0000000008004a90       0x5c ./Core/Src/spi_ili9341.o
 .text.TFT9341_reset
                0x0000000008004aec       0x28 ./Core/Src/spi_ili9341.o
                0x0000000008004aec                TFT9341_reset
 .text.TFT9341_SetAddrWindow
                0x0000000008004b14       0x90 ./Core/Src/spi_ili9341.o
 .text.TFT9341_FillRect
                0x0000000008004ba4       0xe8 ./Core/Src/spi_ili9341.o
                0x0000000008004ba4                TFT9341_FillRect
 .text.TFT9341_FillScreen
                0x0000000008004c8c       0x38 ./Core/Src/spi_ili9341.o
                0x0000000008004c8c                TFT9341_FillScreen
 .text.TFT9341_DrawPixel
                0x0000000008004cc4       0x78 ./Core/Src/spi_ili9341.o
                0x0000000008004cc4                TFT9341_DrawPixel
 .text.TFT9341_SetTextColor
                0x0000000008004d3c       0x20 ./Core/Src/spi_ili9341.o
                0x0000000008004d3c                TFT9341_SetTextColor
 .text.TFT9341_SetBackColor
                0x0000000008004d5c       0x20 ./Core/Src/spi_ili9341.o
                0x0000000008004d5c                TFT9341_SetBackColor
 .text.TFT9341_SetFont
                0x0000000008004d7c       0x20 ./Core/Src/spi_ili9341.o
                0x0000000008004d7c                TFT9341_SetFont
 .text.TFT9341_DrawChar
                0x0000000008004d9c      0x15c ./Core/Src/spi_ili9341.o
                0x0000000008004d9c                TFT9341_DrawChar
 .text.TFT9341_String
                0x0000000008004ef8       0x48 ./Core/Src/spi_ili9341.o
                0x0000000008004ef8                TFT9341_String
 .text.TFT9341_SetRotation
                0x0000000008004f40       0x94 ./Core/Src/spi_ili9341.o
                0x0000000008004f40                TFT9341_SetRotation
 .text.TFT9341_FontsIni
                0x0000000008004fd4       0x78 ./Core/Src/spi_ili9341.o
                0x0000000008004fd4                TFT9341_FontsIni
 .text.TFT9341_ini
                0x000000000800504c      0x2b0 ./Core/Src/spi_ili9341.o
                0x000000000800504c                TFT9341_ini
 .text.DS3231_Init
                0x00000000080052fc       0x20 ./Core/Src/stm32_ds3231.o
                0x00000000080052fc                DS3231_Init
 .text.DS3231_GetTime
                0x000000000800531c       0xf8 ./Core/Src/stm32_ds3231.o
                0x000000000800531c                DS3231_GetTime
 .text.DS3231_SetTime
                0x0000000008005414       0x98 ./Core/Src/stm32_ds3231.o
                0x0000000008005414                DS3231_SetTime
 .text.B2D      0x00000000080054ac       0x32 ./Core/Src/stm32_ds3231.o
 *fill*         0x00000000080054de        0x2 
 .text.D2B      0x00000000080054e0       0x48 ./Core/Src/stm32_ds3231.o
 .text.HAL_MspInit
                0x0000000008005528       0x50 ./Core/Src/stm32f4xx_hal_msp.o
                0x0000000008005528                HAL_MspInit
 .text.HAL_I2C_MspInit
                0x0000000008005578       0x90 ./Core/Src/stm32f4xx_hal_msp.o
                0x0000000008005578                HAL_I2C_MspInit
 .text.HAL_SPI_MspInit
                0x0000000008005608       0xfc ./Core/Src/stm32f4xx_hal_msp.o
                0x0000000008005608                HAL_SPI_MspInit
 .text.HAL_TIM_Base_MspInit
                0x0000000008005704      0x11c ./Core/Src/stm32f4xx_hal_msp.o
                0x0000000008005704                HAL_TIM_Base_MspInit
 .text.HAL_TIM_MspPostInit
                0x0000000008005820       0x74 ./Core/Src/stm32f4xx_hal_msp.o
                0x0000000008005820                HAL_TIM_MspPostInit
 .text.NMI_Handler
                0x0000000008005894        0x6 ./Core/Src/stm32f4xx_it.o
                0x0000000008005894                NMI_Handler
 .text.HardFault_Handler
                0x000000000800589a        0x6 ./Core/Src/stm32f4xx_it.o
                0x000000000800589a                HardFault_Handler
 .text.MemManage_Handler
                0x00000000080058a0        0x6 ./Core/Src/stm32f4xx_it.o
                0x00000000080058a0                MemManage_Handler
 .text.BusFault_Handler
                0x00000000080058a6        0x6 ./Core/Src/stm32f4xx_it.o
                0x00000000080058a6                BusFault_Handler
 .text.UsageFault_Handler
                0x00000000080058ac        0x6 ./Core/Src/stm32f4xx_it.o
                0x00000000080058ac                UsageFault_Handler
 .text.SVC_Handler
                0x00000000080058b2        0xe ./Core/Src/stm32f4xx_it.o
                0x00000000080058b2                SVC_Handler
 .text.DebugMon_Handler
                0x00000000080058c0        0xe ./Core/Src/stm32f4xx_it.o
                0x00000000080058c0                DebugMon_Handler
 .text.PendSV_Handler
                0x00000000080058ce        0xe ./Core/Src/stm32f4xx_it.o
                0x00000000080058ce                PendSV_Handler
 .text.SysTick_Handler
                0x00000000080058dc        0xc ./Core/Src/stm32f4xx_it.o
                0x00000000080058dc                SysTick_Handler
 .text.EXTI15_10_IRQHandler
                0x00000000080058e8       0x18 ./Core/Src/stm32f4xx_it.o
                0x00000000080058e8                EXTI15_10_IRQHandler
 .text._sbrk    0x0000000008005900       0x6c ./Core/Src/sysmem.o
                0x0000000008005900                _sbrk
 .text.SystemInit
                0x000000000800596c       0x24 ./Core/Src/system_stm32f4xx.o
                0x000000000800596c                SystemInit
 .text.play_tone
                0x0000000008005990      0x150 ./Core/Src/tone.o
                0x0000000008005990                play_tone
 .text.play_tune
                0x0000000008005ae0       0x48 ./Core/Src/tone.o
                0x0000000008005ae0                play_tune
 .text.W25qxx_Spi
                0x0000000008005b28       0x2c ./Core/Src/w25qxx.o
                0x0000000008005b28                W25qxx_Spi
 .text.W25qxx_ReadID
                0x0000000008005b54       0x70 ./Core/Src/w25qxx.o
                0x0000000008005b54                W25qxx_ReadID
 .text.W25qxx_ReadUniqID
                0x0000000008005bc4       0x70 ./Core/Src/w25qxx.o
                0x0000000008005bc4                W25qxx_ReadUniqID
 .text.W25qxx_WriteEnable
                0x0000000008005c34       0x30 ./Core/Src/w25qxx.o
                0x0000000008005c34                W25qxx_WriteEnable
 .text.W25qxx_ReadStatusRegister
                0x0000000008005c64       0x90 ./Core/Src/w25qxx.o
                0x0000000008005c64                W25qxx_ReadStatusRegister
 .text.W25qxx_WaitForWriteEnd
                0x0000000008005cf4       0x58 ./Core/Src/w25qxx.o
                0x0000000008005cf4                W25qxx_WaitForWriteEnd
 .text.W25qxx_Init
                0x0000000008005d4c      0x1a4 ./Core/Src/w25qxx.o
                0x0000000008005d4c                W25qxx_Init
 .text.W25qxx_EraseSector
                0x0000000008005ef0       0xac ./Core/Src/w25qxx.o
                0x0000000008005ef0                W25qxx_EraseSector
 .text.W25qxx_SectorToPage
                0x0000000008005f9c       0x2c ./Core/Src/w25qxx.o
                0x0000000008005f9c                W25qxx_SectorToPage
 .text.W25qxx_WritePage
                0x0000000008005fc8      0x104 ./Core/Src/w25qxx.o
                0x0000000008005fc8                W25qxx_WritePage
 .text.W25qxx_WriteSector
                0x00000000080060cc       0xc4 ./Core/Src/w25qxx.o
                0x00000000080060cc                W25qxx_WriteSector
 .text.W25qxx_ReadPage
                0x0000000008006190       0xf8 ./Core/Src/w25qxx.o
                0x0000000008006190                W25qxx_ReadPage
 .text.W25qxx_ReadSector
                0x0000000008006288       0xc4 ./Core/Src/w25qxx.o
                0x0000000008006288                W25qxx_ReadSector
 .text.Reset_Handler
                0x000000000800634c       0x50 ./Core/Startup/startup_stm32f411ceux.o
                0x000000000800634c                Reset_Handler
 .text.Default_Handler
                0x000000000800639c        0x2 ./Core/Startup/startup_stm32f411ceux.o
                0x000000000800639c                RTC_Alarm_IRQHandler
                0x000000000800639c                EXTI2_IRQHandler
                0x000000000800639c                SPI4_IRQHandler
                0x000000000800639c                TIM1_CC_IRQHandler
                0x000000000800639c                DMA2_Stream5_IRQHandler
                0x000000000800639c                DMA1_Stream5_IRQHandler
                0x000000000800639c                PVD_IRQHandler
                0x000000000800639c                SDIO_IRQHandler
                0x000000000800639c                TAMP_STAMP_IRQHandler
                0x000000000800639c                EXTI3_IRQHandler
                0x000000000800639c                TIM1_UP_TIM10_IRQHandler
                0x000000000800639c                I2C3_ER_IRQHandler
                0x000000000800639c                EXTI0_IRQHandler
                0x000000000800639c                I2C2_EV_IRQHandler
                0x000000000800639c                DMA1_Stream2_IRQHandler
                0x000000000800639c                FPU_IRQHandler
                0x000000000800639c                DMA2_Stream2_IRQHandler
                0x000000000800639c                SPI1_IRQHandler
                0x000000000800639c                TIM1_BRK_TIM9_IRQHandler
                0x000000000800639c                DMA2_Stream3_IRQHandler
                0x000000000800639c                USART6_IRQHandler
                0x000000000800639c                DMA2_Stream0_IRQHandler
                0x000000000800639c                TIM4_IRQHandler
                0x000000000800639c                I2C1_EV_IRQHandler
                0x000000000800639c                DMA1_Stream6_IRQHandler
                0x000000000800639c                DMA1_Stream1_IRQHandler
                0x000000000800639c                TIM3_IRQHandler
                0x000000000800639c                RCC_IRQHandler
                0x000000000800639c                Default_Handler
                0x000000000800639c                ADC_IRQHandler
                0x000000000800639c                DMA1_Stream7_IRQHandler
                0x000000000800639c                SPI5_IRQHandler
                0x000000000800639c                TIM5_IRQHandler
                0x000000000800639c                DMA2_Stream7_IRQHandler
                0x000000000800639c                I2C3_EV_IRQHandler
                0x000000000800639c                EXTI9_5_IRQHandler
                0x000000000800639c                RTC_WKUP_IRQHandler
                0x000000000800639c                SPI2_IRQHandler
                0x000000000800639c                DMA1_Stream0_IRQHandler
                0x000000000800639c                EXTI4_IRQHandler
                0x000000000800639c                WWDG_IRQHandler
                0x000000000800639c                TIM2_IRQHandler
                0x000000000800639c                OTG_FS_WKUP_IRQHandler
                0x000000000800639c                TIM1_TRG_COM_TIM11_IRQHandler
                0x000000000800639c                EXTI1_IRQHandler
                0x000000000800639c                USART2_IRQHandler
                0x000000000800639c                I2C2_ER_IRQHandler
                0x000000000800639c                DMA2_Stream1_IRQHandler
                0x000000000800639c                FLASH_IRQHandler
                0x000000000800639c                DMA2_Stream4_IRQHandler
                0x000000000800639c                USART1_IRQHandler
                0x000000000800639c                OTG_FS_IRQHandler
                0x000000000800639c                SPI3_IRQHandler
                0x000000000800639c                DMA1_Stream4_IRQHandler
                0x000000000800639c                I2C1_ER_IRQHandler
                0x000000000800639c                DMA2_Stream6_IRQHandler
                0x000000000800639c                DMA1_Stream3_IRQHandler
 *fill*         0x000000000800639e        0x2 
 .text.HAL_Init
                0x00000000080063a0       0x44 ./Drivers/STM32F4xx_HAL_Driver/Src/stm32f4xx_hal.o
                0x00000000080063a0                HAL_Init
 .text.HAL_InitTick
                0x00000000080063e4       0x60 ./Drivers/STM32F4xx_HAL_Driver/Src/stm32f4xx_hal.o
                0x00000000080063e4                HAL_InitTick
 .text.HAL_IncTick
                0x0000000008006444       0x28 ./Drivers/STM32F4xx_HAL_Driver/Src/stm32f4xx_hal.o
                0x0000000008006444                HAL_IncTick
 .text.HAL_GetTick
                0x000000000800646c       0x18 ./Drivers/STM32F4xx_HAL_Driver/Src/stm32f4xx_hal.o
                0x000000000800646c                HAL_GetTick
 .text.HAL_Delay
                0x0000000008006484       0x48 ./Drivers/STM32F4xx_HAL_Driver/Src/stm32f4xx_hal.o
                0x0000000008006484                HAL_Delay
 .text.__NVIC_SetPriorityGrouping
                0x00000000080064cc       0x48 ./Drivers/STM32F4xx_HAL_Driver/Src/stm32f4xx_hal_cortex.o
 .text.__NVIC_GetPriorityGrouping
                0x0000000008006514       0x1c ./Drivers/STM32F4xx_HAL_Driver/Src/stm32f4xx_hal_cortex.o
 .text.__NVIC_EnableIRQ
                0x0000000008006530       0x3c ./Drivers/STM32F4xx_HAL_Driver/Src/stm32f4xx_hal_cortex.o
 .text.__NVIC_SetPriority
                0x000000000800656c       0x54 ./Drivers/STM32F4xx_HAL_Driver/Src/stm32f4xx_hal_cortex.o
 .text.NVIC_EncodePriority
                0x00000000080065c0       0x66 ./Drivers/STM32F4xx_HAL_Driver/Src/stm32f4xx_hal_cortex.o
 *fill*         0x0000000008006626        0x2 
 .text.SysTick_Config
                0x0000000008006628       0x44 ./Drivers/STM32F4xx_HAL_Driver/Src/stm32f4xx_hal_cortex.o
 .text.HAL_NVIC_SetPriorityGrouping
                0x000000000800666c       0x16 ./Drivers/STM32F4xx_HAL_Driver/Src/stm32f4xx_hal_cortex.o
                0x000000000800666c                HAL_NVIC_SetPriorityGrouping
 .text.HAL_NVIC_SetPriority
                0x0000000008006682       0x38 ./Drivers/STM32F4xx_HAL_Driver/Src/stm32f4xx_hal_cortex.o
                0x0000000008006682                HAL_NVIC_SetPriority
 .text.HAL_NVIC_EnableIRQ
                0x00000000080066ba       0x1c ./Drivers/STM32F4xx_HAL_Driver/Src/stm32f4xx_hal_cortex.o
                0x00000000080066ba                HAL_NVIC_EnableIRQ
 .text.HAL_SYSTICK_Config
                0x00000000080066d6       0x18 ./Drivers/STM32F4xx_HAL_Driver/Src/stm32f4xx_hal_cortex.o
                0x00000000080066d6                HAL_SYSTICK_Config
 *fill*         0x00000000080066ee        0x2 
 .text.HAL_GPIO_Init
                0x00000000080066f0      0x308 ./Drivers/STM32F4xx_HAL_Driver/Src/stm32f4xx_hal_gpio.o
                0x00000000080066f0                HAL_GPIO_Init
 .text.HAL_GPIO_ReadPin
                0x00000000080069f8       0x30 ./Drivers/STM32F4xx_HAL_Driver/Src/stm32f4xx_hal_gpio.o
                0x00000000080069f8                HAL_GPIO_ReadPin
 .text.HAL_GPIO_WritePin
                0x0000000008006a28       0x32 ./Drivers/STM32F4xx_HAL_Driver/Src/stm32f4xx_hal_gpio.o
                0x0000000008006a28                HAL_GPIO_WritePin
 .text.HAL_GPIO_TogglePin
                0x0000000008006a5a       0x34 ./Drivers/STM32F4xx_HAL_Driver/Src/stm32f4xx_hal_gpio.o
                0x0000000008006a5a                HAL_GPIO_TogglePin
 *fill*         0x0000000008006a8e        0x2 
 .text.HAL_GPIO_EXTI_IRQHandler
                0x0000000008006a90       0x30 ./Drivers/STM32F4xx_HAL_Driver/Src/stm32f4xx_hal_gpio.o
                0x0000000008006a90                HAL_GPIO_EXTI_IRQHandler
 .text.HAL_I2C_Init
                0x0000000008006ac0      0x288 ./Drivers/STM32F4xx_HAL_Driver/Src/stm32f4xx_hal_i2c.o
                0x0000000008006ac0                HAL_I2C_Init
 .text.HAL_I2C_Master_Transmit
                0x0000000008006d48      0x1fc ./Drivers/STM32F4xx_HAL_Driver/Src/stm32f4xx_hal_i2c.o
                0x0000000008006d48                HAL_I2C_Master_Transmit
 .text.HAL_I2C_Master_Receive
                0x0000000008006f44      0x44c ./Drivers/STM32F4xx_HAL_Driver/Src/stm32f4xx_hal_i2c.o
                0x0000000008006f44                HAL_I2C_Master_Receive
 .text.I2C_MasterRequestWrite
                0x0000000008007390      0x104 ./Drivers/STM32F4xx_HAL_Driver/Src/stm32f4xx_hal_i2c.o
 .text.I2C_MasterRequestRead
                0x0000000008007494      0x19c ./Drivers/STM32F4xx_HAL_Driver/Src/stm32f4xx_hal_i2c.o
 .text.I2C_WaitOnFlagUntilTimeout
                0x0000000008007630       0xae ./Drivers/STM32F4xx_HAL_Driver/Src/stm32f4xx_hal_i2c.o
 .text.I2C_WaitOnMasterAddressFlagUntilTimeout
                0x00000000080076de       0xfe ./Drivers/STM32F4xx_HAL_Driver/Src/stm32f4xx_hal_i2c.o
 .text.I2C_WaitOnTXEFlagUntilTimeout
                0x00000000080077dc       0x82 ./Drivers/STM32F4xx_HAL_Driver/Src/stm32f4xx_hal_i2c.o
 .text.I2C_WaitOnBTFFlagUntilTimeout
                0x000000000800785e       0x82 ./Drivers/STM32F4xx_HAL_Driver/Src/stm32f4xx_hal_i2c.o
 .text.I2C_WaitOnRXNEFlagUntilTimeout
                0x00000000080078e0       0xac ./Drivers/STM32F4xx_HAL_Driver/Src/stm32f4xx_hal_i2c.o
 .text.I2C_IsAcknowledgeFailed
                0x000000000800798c       0x5e ./Drivers/STM32F4xx_HAL_Driver/Src/stm32f4xx_hal_i2c.o
 *fill*         0x00000000080079ea        0x2 
 .text.HAL_RCC_OscConfig
                0x00000000080079ec      0x4f0 ./Drivers/STM32F4xx_HAL_Driver/Src/stm32f4xx_hal_rcc.o
                0x00000000080079ec                HAL_RCC_OscConfig
 .text.HAL_RCC_ClockConfig
                0x0000000008007edc      0x1cc ./Drivers/STM32F4xx_HAL_Driver/Src/stm32f4xx_hal_rcc.o
                0x0000000008007edc                HAL_RCC_ClockConfig
 .text.HAL_RCC_GetSysClockFreq
                0x00000000080080a8      0x1c0 ./Drivers/STM32F4xx_HAL_Driver/Src/stm32f4xx_hal_rcc.o
                0x00000000080080a8                HAL_RCC_GetSysClockFreq
 .text.HAL_RCC_GetHCLKFreq
                0x0000000008008268       0x18 ./Drivers/STM32F4xx_HAL_Driver/Src/stm32f4xx_hal_rcc.o
                0x0000000008008268                HAL_RCC_GetHCLKFreq
 .text.HAL_RCC_GetPCLK1Freq
                0x0000000008008280       0x28 ./Drivers/STM32F4xx_HAL_Driver/Src/stm32f4xx_hal_rcc.o
                0x0000000008008280                HAL_RCC_GetPCLK1Freq
 .text.HAL_SPI_Init
                0x00000000080082a8      0x112 ./Drivers/STM32F4xx_HAL_Driver/Src/stm32f4xx_hal_spi.o
                0x00000000080082a8                HAL_SPI_Init
 .text.HAL_SPI_Transmit
                0x00000000080083ba      0x278 ./Drivers/STM32F4xx_HAL_Driver/Src/stm32f4xx_hal_spi.o
                0x00000000080083ba                HAL_SPI_Transmit
 .text.HAL_SPI_Receive
                0x0000000008008632      0x222 ./Drivers/STM32F4xx_HAL_Driver/Src/stm32f4xx_hal_spi.o
                0x0000000008008632                HAL_SPI_Receive
 .text.HAL_SPI_TransmitReceive
                0x0000000008008854      0x344 ./Drivers/STM32F4xx_HAL_Driver/Src/stm32f4xx_hal_spi.o
                0x0000000008008854                HAL_SPI_TransmitReceive
 .text.SPI_WaitFlagStateUntilTimeout
                0x0000000008008b98      0x110 ./Drivers/STM32F4xx_HAL_Driver/Src/stm32f4xx_hal_spi.o
 .text.SPI_EndRxTransaction
                0x0000000008008ca8       0xca ./Drivers/STM32F4xx_HAL_Driver/Src/stm32f4xx_hal_spi.o
 *fill*         0x0000000008008d72        0x2 
 .text.SPI_EndRxTxTransaction
                0x0000000008008d74       0x84 ./Drivers/STM32F4xx_HAL_Driver/Src/stm32f4xx_hal_spi.o
 .text.HAL_TIM_Base_Init
                0x0000000008008df8       0x9e ./Drivers/STM32F4xx_HAL_Driver/Src/stm32f4xx_hal_tim.o
                0x0000000008008df8                HAL_TIM_Base_Init
 *fill*         0x0000000008008e96        0x2 
 .text.HAL_TIM_Base_Start
                0x0000000008008e98       0xb4 ./Drivers/STM32F4xx_HAL_Driver/Src/stm32f4xx_hal_tim.o
                0x0000000008008e98                HAL_TIM_Base_Start
 .text.HAL_TIM_PWM_Init
                0x0000000008008f4c       0x9e ./Drivers/STM32F4xx_HAL_Driver/Src/stm32f4xx_hal_tim.o
                0x0000000008008f4c                HAL_TIM_PWM_Init
 .text.HAL_TIM_PWM_MspInit
                0x0000000008008fea       0x14 ./Drivers/STM32F4xx_HAL_Driver/Src/stm32f4xx_hal_tim.o
                0x0000000008008fea                HAL_TIM_PWM_MspInit
 *fill*         0x0000000008008ffe        0x2 
 .text.HAL_TIM_PWM_Start
                0x0000000008009000      0x160 ./Drivers/STM32F4xx_HAL_Driver/Src/stm32f4xx_hal_tim.o
                0x0000000008009000                HAL_TIM_PWM_Start
 .text.HAL_TIM_PWM_ConfigChannel
                0x0000000008009160      0x17c ./Drivers/STM32F4xx_HAL_Driver/Src/stm32f4xx_hal_tim.o
                0x0000000008009160                HAL_TIM_PWM_ConfigChannel
 .text.HAL_TIM_ConfigClockSource
                0x00000000080092dc      0x188 ./Drivers/STM32F4xx_HAL_Driver/Src/stm32f4xx_hal_tim.o
                0x00000000080092dc                HAL_TIM_ConfigClockSource
 .text.TIM_Base_SetConfig
                0x0000000008009464      0x100 ./Drivers/STM32F4xx_HAL_Driver/Src/stm32f4xx_hal_tim.o
                0x0000000008009464                TIM_Base_SetConfig
 .text.TIM_OC1_SetConfig
                0x0000000008009564       0xcc ./Drivers/STM32F4xx_HAL_Driver/Src/stm32f4xx_hal_tim.o
 .text.TIM_OC2_SetConfig
                0x0000000008009630       0xd8 ./Drivers/STM32F4xx_HAL_Driver/Src/stm32f4xx_hal_tim.o
                0x0000000008009630                TIM_OC2_SetConfig
 .text.TIM_OC3_SetConfig
                0x0000000008009708       0xd4 ./Drivers/STM32F4xx_HAL_Driver/Src/stm32f4xx_hal_tim.o
 .text.TIM_OC4_SetConfig
                0x00000000080097dc       0xa0 ./Drivers/STM32F4xx_HAL_Driver/Src/stm32f4xx_hal_tim.o
 .text.TIM_TI1_ConfigInputStage
                0x000000000800987c       0x5e ./Drivers/STM32F4xx_HAL_Driver/Src/stm32f4xx_hal_tim.o
 .text.TIM_TI2_ConfigInputStage
                0x00000000080098da       0x60 ./Drivers/STM32F4xx_HAL_Driver/Src/stm32f4xx_hal_tim.o
 .text.TIM_ITRx_SetConfig
                0x000000000800993a       0x36 ./Drivers/STM32F4xx_HAL_Driver/Src/stm32f4xx_hal_tim.o
 .text.TIM_ETR_SetConfig
                0x0000000008009970       0x40 ./Drivers/STM32F4xx_HAL_Driver/Src/stm32f4xx_hal_tim.o
                0x0000000008009970                TIM_ETR_SetConfig
 .text.TIM_CCxChannelCmd
                0x00000000080099b0       0x4a ./Drivers/STM32F4xx_HAL_Driver/Src/stm32f4xx_hal_tim.o
                0x00000000080099b0                TIM_CCxChannelCmd
 *fill*         0x00000000080099fa        0x2 
 .text.HAL_TIMEx_MasterConfigSynchronization
                0x00000000080099fc       0xdc ./Drivers/STM32F4xx_HAL_Driver/Src/stm32f4xx_hal_tim_ex.o
                0x00000000080099fc                HAL_TIMEx_MasterConfigSynchronization
 .text.HAL_TIMEx_ConfigBreakDeadTime
                0x0000000008009ad8       0xa4 ./Drivers/STM32F4xx_HAL_Driver/Src/stm32f4xx_hal_tim_ex.o
                0x0000000008009ad8                HAL_TIMEx_ConfigBreakDeadTime
 .text.__errno  0x0000000008009b7c        0xc c:/st/stm32cubeide_1.7.0/stm32cubeide/plugins/com.st.stm32cube.ide.mcu.externaltools.gnu-tools-for-stm32.9-2020-q2-update.win32_2.0.0.202105311346/tools/bin/../lib/gcc/arm-none-eabi/9.3.1/../../../../arm-none-eabi/lib/thumb/v7e-m+fp/hard\libc_nano.a(lib_a-errno.o)
                0x0000000008009b7c                __errno
 .text.__libc_init_array
                0x0000000008009b88       0x48 c:/st/stm32cubeide_1.7.0/stm32cubeide/plugins/com.st.stm32cube.ide.mcu.externaltools.gnu-tools-for-stm32.9-2020-q2-update.win32_2.0.0.202105311346/tools/bin/../lib/gcc/arm-none-eabi/9.3.1/../../../../arm-none-eabi/lib/thumb/v7e-m+fp/hard\libc_nano.a(lib_a-init.o)
                0x0000000008009b88                __libc_init_array
 .text.memset   0x0000000008009bd0       0x10 c:/st/stm32cubeide_1.7.0/stm32cubeide/plugins/com.st.stm32cube.ide.mcu.externaltools.gnu-tools-for-stm32.9-2020-q2-update.win32_2.0.0.202105311346/tools/bin/../lib/gcc/arm-none-eabi/9.3.1/../../../../arm-none-eabi/lib/thumb/v7e-m+fp/hard\libc_nano.a(lib_a-memset.o)
                0x0000000008009bd0                memset
 .text.sprintf  0x0000000008009be0       0x40 c:/st/stm32cubeide_1.7.0/stm32cubeide/plugins/com.st.stm32cube.ide.mcu.externaltools.gnu-tools-for-stm32.9-2020-q2-update.win32_2.0.0.202105311346/tools/bin/../lib/gcc/arm-none-eabi/9.3.1/../../../../arm-none-eabi/lib/thumb/v7e-m+fp/hard\libc_nano.a(lib_a-sprintf.o)
                0x0000000008009be0                siprintf
                0x0000000008009be0                sprintf
 .text.__ssputs_r
                0x0000000008009c20       0xb6 c:/st/stm32cubeide_1.7.0/stm32cubeide/plugins/com.st.stm32cube.ide.mcu.externaltools.gnu-tools-for-stm32.9-2020-q2-update.win32_2.0.0.202105311346/tools/bin/../lib/gcc/arm-none-eabi/9.3.1/../../../../arm-none-eabi/lib/thumb/v7e-m+fp/hard\libc_nano.a(lib_a-nano-svfprintf.o)
                0x0000000008009c20                __ssputs_r
 *fill*         0x0000000008009cd6        0x2 
 .text._svfprintf_r
                0x0000000008009cd8      0x200 c:/st/stm32cubeide_1.7.0/stm32cubeide/plugins/com.st.stm32cube.ide.mcu.externaltools.gnu-tools-for-stm32.9-2020-q2-update.win32_2.0.0.202105311346/tools/bin/../lib/gcc/arm-none-eabi/9.3.1/../../../../arm-none-eabi/lib/thumb/v7e-m+fp/hard\libc_nano.a(lib_a-nano-svfprintf.o)
                0x0000000008009cd8                _svfiprintf_r
                0x0000000008009cd8                _svfprintf_r
 .text._printf_common
                0x0000000008009ed8       0xda c:/st/stm32cubeide_1.7.0/stm32cubeide/plugins/com.st.stm32cube.ide.mcu.externaltools.gnu-tools-for-stm32.9-2020-q2-update.win32_2.0.0.202105311346/tools/bin/../lib/gcc/arm-none-eabi/9.3.1/../../../../arm-none-eabi/lib/thumb/v7e-m+fp/hard\libc_nano.a(lib_a-nano-vfprintf_i.o)
                0x0000000008009ed8                _printf_common
 *fill*         0x0000000008009fb2        0x2 
 .text._printf_i
                0x0000000008009fb4      0x24c c:/st/stm32cubeide_1.7.0/stm32cubeide/plugins/com.st.stm32cube.ide.mcu.externaltools.gnu-tools-for-stm32.9-2020-q2-update.win32_2.0.0.202105311346/tools/bin/../lib/gcc/arm-none-eabi/9.3.1/../../../../arm-none-eabi/lib/thumb/v7e-m+fp/hard\libc_nano.a(lib_a-nano-vfprintf_i.o)
                0x0000000008009fb4                _printf_i
 .text.memcpy   0x000000000800a200       0x1c c:/st/stm32cubeide_1.7.0/stm32cubeide/plugins/com.st.stm32cube.ide.mcu.externaltools.gnu-tools-for-stm32.9-2020-q2-update.win32_2.0.0.202105311346/tools/bin/../lib/gcc/arm-none-eabi/9.3.1/../../../../arm-none-eabi/lib/thumb/v7e-m+fp/hard\libc_nano.a(lib_a-memcpy-stub.o)
                0x000000000800a200                memcpy
 .text.memmove  0x000000000800a21c       0x34 c:/st/stm32cubeide_1.7.0/stm32cubeide/plugins/com.st.stm32cube.ide.mcu.externaltools.gnu-tools-for-stm32.9-2020-q2-update.win32_2.0.0.202105311346/tools/bin/../lib/gcc/arm-none-eabi/9.3.1/../../../../arm-none-eabi/lib/thumb/v7e-m+fp/hard\libc_nano.a(lib_a-memmove.o)
                0x000000000800a21c                memmove
 .text._free_r  0x000000000800a250       0xa0 c:/st/stm32cubeide_1.7.0/stm32cubeide/plugins/com.st.stm32cube.ide.mcu.externaltools.gnu-tools-for-stm32.9-2020-q2-update.win32_2.0.0.202105311346/tools/bin/../lib/gcc/arm-none-eabi/9.3.1/../../../../arm-none-eabi/lib/thumb/v7e-m+fp/hard\libc_nano.a(lib_a-nano-freer.o)
                0x000000000800a250                _free_r
 .text._malloc_r
                0x000000000800a2f0       0xb4 c:/st/stm32cubeide_1.7.0/stm32cubeide/plugins/com.st.stm32cube.ide.mcu.externaltools.gnu-tools-for-stm32.9-2020-q2-update.win32_2.0.0.202105311346/tools/bin/../lib/gcc/arm-none-eabi/9.3.1/../../../../arm-none-eabi/lib/thumb/v7e-m+fp/hard\libc_nano.a(lib_a-nano-mallocr.o)
                0x000000000800a2f0                _malloc_r
 .text._realloc_r
                0x000000000800a3a4       0x4c c:/st/stm32cubeide_1.7.0/stm32cubeide/plugins/com.st.stm32cube.ide.mcu.externaltools.gnu-tools-for-stm32.9-2020-q2-update.win32_2.0.0.202105311346/tools/bin/../lib/gcc/arm-none-eabi/9.3.1/../../../../arm-none-eabi/lib/thumb/v7e-m+fp/hard\libc_nano.a(lib_a-nano-reallocr.o)
                0x000000000800a3a4                _realloc_r
 .text._sbrk_r  0x000000000800a3f0       0x20 c:/st/stm32cubeide_1.7.0/stm32cubeide/plugins/com.st.stm32cube.ide.mcu.externaltools.gnu-tools-for-stm32.9-2020-q2-update.win32_2.0.0.202105311346/tools/bin/../lib/gcc/arm-none-eabi/9.3.1/../../../../arm-none-eabi/lib/thumb/v7e-m+fp/hard\libc_nano.a(lib_a-sbrkr.o)
                0x000000000800a3f0                _sbrk_r
 .text.__malloc_lock
                0x000000000800a410        0xc c:/st/stm32cubeide_1.7.0/stm32cubeide/plugins/com.st.stm32cube.ide.mcu.externaltools.gnu-tools-for-stm32.9-2020-q2-update.win32_2.0.0.202105311346/tools/bin/../lib/gcc/arm-none-eabi/9.3.1/../../../../arm-none-eabi/lib/thumb/v7e-m+fp/hard\libc_nano.a(lib_a-mlock.o)
                0x000000000800a410                __malloc_lock
 .text.__malloc_unlock
                0x000000000800a41c        0xc c:/st/stm32cubeide_1.7.0/stm32cubeide/plugins/com.st.stm32cube.ide.mcu.externaltools.gnu-tools-for-stm32.9-2020-q2-update.win32_2.0.0.202105311346/tools/bin/../lib/gcc/arm-none-eabi/9.3.1/../../../../arm-none-eabi/lib/thumb/v7e-m+fp/hard\libc_nano.a(lib_a-mlock.o)
                0x000000000800a41c                __malloc_unlock
 .text._malloc_usable_size_r
                0x000000000800a428       0x10 c:/st/stm32cubeide_1.7.0/stm32cubeide/plugins/com.st.stm32cube.ide.mcu.externaltools.gnu-tools-for-stm32.9-2020-q2-update.win32_2.0.0.202105311346/tools/bin/../lib/gcc/arm-none-eabi/9.3.1/../../../../arm-none-eabi/lib/thumb/v7e-m+fp/hard\libc_nano.a(lib_a-nano-msizer.o)
                0x000000000800a428                _malloc_usable_size_r
 .text.__retarget_lock_acquire_recursive
                0x000000000800a438        0x2 c:/st/stm32cubeide_1.7.0/stm32cubeide/plugins/com.st.stm32cube.ide.mcu.externaltools.gnu-tools-for-stm32.9-2020-q2-update.win32_2.0.0.202105311346/tools/bin/../lib/gcc/arm-none-eabi/9.3.1/../../../../arm-none-eabi/lib/thumb/v7e-m+fp/hard\libc_nano.a(lib_a-lock.o)
                0x000000000800a438                __retarget_lock_acquire_recursive
 .text.__retarget_lock_release_recursive
                0x000000000800a43a        0x2 c:/st/stm32cubeide_1.7.0/stm32cubeide/plugins/com.st.stm32cube.ide.mcu.externaltools.gnu-tools-for-stm32.9-2020-q2-update.win32_2.0.0.202105311346/tools/bin/../lib/gcc/arm-none-eabi/9.3.1/../../../../arm-none-eabi/lib/thumb/v7e-m+fp/hard\libc_nano.a(lib_a-lock.o)
                0x000000000800a43a                __retarget_lock_release_recursive
 *(.glue_7)
 .glue_7        0x000000000800a43c        0x0 linker stubs
 *(.glue_7t)
 .glue_7t       0x000000000800a43c        0x0 linker stubs
 *(.eh_frame)
 .eh_frame      0x000000000800a43c        0x0 c:/st/stm32cubeide_1.7.0/stm32cubeide/plugins/com.st.stm32cube.ide.mcu.externaltools.gnu-tools-for-stm32.9-2020-q2-update.win32_2.0.0.202105311346/tools/bin/../lib/gcc/arm-none-eabi/9.3.1/thumb/v7e-m+fp/hard/crtbegin.o
 *(.init)
 .init          0x000000000800a43c        0x4 c:/st/stm32cubeide_1.7.0/stm32cubeide/plugins/com.st.stm32cube.ide.mcu.externaltools.gnu-tools-for-stm32.9-2020-q2-update.win32_2.0.0.202105311346/tools/bin/../lib/gcc/arm-none-eabi/9.3.1/thumb/v7e-m+fp/hard/crti.o
                0x000000000800a43c                _init
 .init          0x000000000800a440        0x8 c:/st/stm32cubeide_1.7.0/stm32cubeide/plugins/com.st.stm32cube.ide.mcu.externaltools.gnu-tools-for-stm32.9-2020-q2-update.win32_2.0.0.202105311346/tools/bin/../lib/gcc/arm-none-eabi/9.3.1/thumb/v7e-m+fp/hard/crtn.o
 *(.fini)
 .fini          0x000000000800a448        0x4 c:/st/stm32cubeide_1.7.0/stm32cubeide/plugins/com.st.stm32cube.ide.mcu.externaltools.gnu-tools-for-stm32.9-2020-q2-update.win32_2.0.0.202105311346/tools/bin/../lib/gcc/arm-none-eabi/9.3.1/thumb/v7e-m+fp/hard/crti.o
                0x000000000800a448                _fini
 .fini          0x000000000800a44c        0x8 c:/st/stm32cubeide_1.7.0/stm32cubeide/plugins/com.st.stm32cube.ide.mcu.externaltools.gnu-tools-for-stm32.9-2020-q2-update.win32_2.0.0.202105311346/tools/bin/../lib/gcc/arm-none-eabi/9.3.1/thumb/v7e-m+fp/hard/crtn.o
                0x000000000800a454                . = ALIGN (0x4)
                0x000000000800a454                _etext = .

.vfp11_veneer   0x000000000800a454        0x0
 .vfp11_veneer  0x000000000800a454        0x0 linker stubs

.v4_bx          0x000000000800a454        0x0
 .v4_bx         0x000000000800a454        0x0 linker stubs

.iplt           0x000000000800a454        0x0
 .iplt          0x000000000800a454        0x0 c:/st/stm32cubeide_1.7.0/stm32cubeide/plugins/com.st.stm32cube.ide.mcu.externaltools.gnu-tools-for-stm32.9-2020-q2-update.win32_2.0.0.202105311346/tools/bin/../lib/gcc/arm-none-eabi/9.3.1/thumb/v7e-m+fp/hard/crtbegin.o

.rodata         0x000000000800a454     0x41cc
                0x000000000800a454                . = ALIGN (0x4)
 *(.rodata)
 .rodata        0x000000000800a454       0xab ./Core/Src/consolidate.o
 *fill*         0x000000000800a4ff        0x1 
 .rodata        0x000000000800a500      0x3de ./Core/Src/interface.o
 *fill*         0x000000000800a8de        0x2 
 .rodata        0x000000000800a8e0        0x3 ./Core/Src/main.o
 *fill*         0x000000000800a8e3        0x1 
 .rodata        0x000000000800a8e4       0x13 ./Core/Src/tone.o
 *(.rodata*)
 *fill*         0x000000000800a8f7        0x1 
 .rodata.Font12_Table
                0x000000000800a8f8      0x474 ./Core/Src/font12.o
                0x000000000800a8f8                Font12_Table
 .rodata.Font16_Table
                0x000000000800ad6c      0xbe0 ./Core/Src/font16.o
                0x000000000800ad6c                Font16_Table
 .rodata.Font20_Table
                0x000000000800b94c      0xed8 ./Core/Src/font20.o
                0x000000000800b94c                Font20_Table
 .rodata.Font24_Table
                0x000000000800c824     0x1ab8 ./Core/Src/font24.o
                0x000000000800c824                Font24_Table
 .rodata.Font8_Table
                0x000000000800e2dc      0x2f8 ./Core/Src/font8.o
                0x000000000800e2dc                Font8_Table
 .rodata.AHBPrescTable
                0x000000000800e5d4       0x10 ./Core/Src/system_stm32f4xx.o
                0x000000000800e5d4                AHBPrescTable
 .rodata.APBPrescTable
                0x000000000800e5e4        0x8 ./Core/Src/system_stm32f4xx.o
                0x000000000800e5e4                APBPrescTable
 .rodata._svfprintf_r.str1.1
                0x000000000800e5ec       0x11 c:/st/stm32cubeide_1.7.0/stm32cubeide/plugins/com.st.stm32cube.ide.mcu.externaltools.gnu-tools-for-stm32.9-2020-q2-update.win32_2.0.0.202105311346/tools/bin/../lib/gcc/arm-none-eabi/9.3.1/../../../../arm-none-eabi/lib/thumb/v7e-m+fp/hard\libc_nano.a(lib_a-nano-svfprintf.o)
 .rodata._printf_i.str1.1
                0x000000000800e5fd       0x22 c:/st/stm32cubeide_1.7.0/stm32cubeide/plugins/com.st.stm32cube.ide.mcu.externaltools.gnu-tools-for-stm32.9-2020-q2-update.win32_2.0.0.202105311346/tools/bin/../lib/gcc/arm-none-eabi/9.3.1/../../../../arm-none-eabi/lib/thumb/v7e-m+fp/hard\libc_nano.a(lib_a-nano-vfprintf_i.o)
                0x000000000800e620                . = ALIGN (0x4)
 *fill*         0x000000000800e61f        0x1 

.ARM.extab      0x000000000800e620        0x0
                0x000000000800e620                . = ALIGN (0x4)
 *(.ARM.extab* .gnu.linkonce.armextab.*)
                0x000000000800e620                . = ALIGN (0x4)

.ARM            0x000000000800e620        0x8
                0x000000000800e620                . = ALIGN (0x4)
                0x000000000800e620                __exidx_start = .
 *(.ARM.exidx*)
 .ARM.exidx     0x000000000800e620        0x8 c:/st/stm32cubeide_1.7.0/stm32cubeide/plugins/com.st.stm32cube.ide.mcu.externaltools.gnu-tools-for-stm32.9-2020-q2-update.win32_2.0.0.202105311346/tools/bin/../lib/gcc/arm-none-eabi/9.3.1/thumb/v7e-m+fp/hard\libgcc.a(_udivmoddi4.o)
                0x000000000800e628                __exidx_end = .
                0x000000000800e628                . = ALIGN (0x4)

.rel.dyn        0x000000000800e628        0x0
 .rel.iplt      0x000000000800e628        0x0 c:/st/stm32cubeide_1.7.0/stm32cubeide/plugins/com.st.stm32cube.ide.mcu.externaltools.gnu-tools-for-stm32.9-2020-q2-update.win32_2.0.0.202105311346/tools/bin/../lib/gcc/arm-none-eabi/9.3.1/thumb/v7e-m+fp/hard/crtbegin.o

.preinit_array  0x000000000800e628        0x0
                0x000000000800e628                . = ALIGN (0x4)
                0x000000000800e628                PROVIDE (__preinit_array_start = .)
 *(.preinit_array*)
                0x000000000800e628                PROVIDE (__preinit_array_end = .)
                0x000000000800e628                . = ALIGN (0x4)

.init_array     0x000000000800e628        0x4
                0x000000000800e628                . = ALIGN (0x4)
                0x000000000800e628                PROVIDE (__init_array_start = .)
 *(SORT_BY_NAME(.init_array.*))
 *(.init_array*)
 .init_array    0x000000000800e628        0x4 c:/st/stm32cubeide_1.7.0/stm32cubeide/plugins/com.st.stm32cube.ide.mcu.externaltools.gnu-tools-for-stm32.9-2020-q2-update.win32_2.0.0.202105311346/tools/bin/../lib/gcc/arm-none-eabi/9.3.1/thumb/v7e-m+fp/hard/crtbegin.o
                0x000000000800e62c                PROVIDE (__init_array_end = .)
                0x000000000800e62c                . = ALIGN (0x4)

.fini_array     0x000000000800e62c        0x4
                0x000000000800e62c                . = ALIGN (0x4)
                [!provide]                        PROVIDE (__fini_array_start = .)
 *(SORT_BY_NAME(.fini_array.*))
 *(.fini_array*)
 .fini_array    0x000000000800e62c        0x4 c:/st/stm32cubeide_1.7.0/stm32cubeide/plugins/com.st.stm32cube.ide.mcu.externaltools.gnu-tools-for-stm32.9-2020-q2-update.win32_2.0.0.202105311346/tools/bin/../lib/gcc/arm-none-eabi/9.3.1/thumb/v7e-m+fp/hard/crtbegin.o
                [!provide]                        PROVIDE (__fini_array_end = .)
                0x000000000800e630                . = ALIGN (0x4)
                0x000000000800e630                _sidata = LOADADDR (.data)

.data           0x0000000020000000      0x888 load address 0x000000000800e630
                0x0000000020000000                . = ALIGN (0x4)
                0x0000000020000000                _sdata = .
 *(.data)
 *(.data*)
 .data.feeders  0x0000000020000000        0x2 ./Core/Src/consolidate.o
                0x0000000020000000                feeders
 *fill*         0x0000000020000002        0x2 
 .data.Font12   0x0000000020000004        0x8 ./Core/Src/font12.o
                0x0000000020000004                Font12
 .data.Font16   0x000000002000000c        0x8 ./Core/Src/font16.o
                0x000000002000000c                Font16
 .data.Font20   0x0000000020000014        0x8 ./Core/Src/font20.o
                0x0000000020000014                Font20
 .data.Font24   0x000000002000001c        0x8 ./Core/Src/font24.o
                0x000000002000001c                Font24
 .data.Font8    0x0000000020000024        0x8 ./Core/Src/font8.o
                0x0000000020000024                Font8
 .data.prev_feed_number
                0x000000002000002c        0x2 ./Core/Src/interface.o
                0x000000002000002c                prev_feed_number
 .data.prev_feed_status
                0x000000002000002e        0x2 ./Core/Src/interface.o
                0x000000002000002e                prev_feed_status
 .data.POWER    0x0000000020000030      0x4d6 ./Core/Src/interface.o
                0x0000000020000030                POWER
 *fill*         0x0000000020000506        0x2 
 .data.LOCK     0x0000000020000508       0x96 ./Core/Src/interface.o
                0x0000000020000508                LOCK
 *fill*         0x000000002000059e        0x2 
 .data.GEAR     0x00000000200005a0       0xc8 ./Core/Src/interface.o
                0x00000000200005a0                GEAR
 .data.BACK     0x0000000020000668       0x92 ./Core/Src/interface.o
                0x0000000020000668                BACK
 .data.feed_status
                0x00000000200006fa        0x1 ./Core/Src/main.o
                0x00000000200006fa                feed_status
 *fill*         0x00000000200006fb        0x1 
 .data.feed_number
                0x00000000200006fc        0x2 ./Core/Src/main.o
                0x00000000200006fc                feed_number
 .data.prev_day
                0x00000000200006fe        0x1 ./Core/Src/main.o
                0x00000000200006fe                prev_day
 *fill*         0x00000000200006ff        0x1 
 .data.prev_menu
                0x0000000020000700        0x2 ./Core/Src/main.o
                0x0000000020000700                prev_menu
 .data.sub_menu
                0x0000000020000702        0x2 ./Core/Src/main.o
                0x0000000020000702                sub_menu
 .data.prev_sub_menu
                0x0000000020000704        0x2 ./Core/Src/main.o
                0x0000000020000704                prev_sub_menu
 .data.screen_brightness
                0x0000000020000706        0x2 ./Core/Src/main.o
                0x0000000020000706                screen_brightness
 .data.speed    0x0000000020000708        0x4 ./Core/Src/main.o
                0x0000000020000708                speed
 .data.selection_wheel
                0x000000002000070c        0x2 ./Core/Src/main.o
                0x000000002000070c                selection_wheel
 .data.sound_feed
                0x000000002000070e        0x1 ./Core/Src/main.o
                0x000000002000070e                sound_feed
 .data.food_shake
                0x000000002000070f        0x1 ./Core/Src/main.o
                0x000000002000070f                food_shake
 .data.sound_intensity
                0x0000000020000710        0x2 ./Core/Src/main.o
                0x0000000020000710                sound_intensity
 .data.time_out
                0x0000000020000712        0x2 ./Core/Src/main.o
                0x0000000020000712                time_out
 .data.feed_cal
                0x0000000020000714        0x2 ./Core/Src/main.o
                0x0000000020000714                feed_cal
 *fill*         0x0000000020000716        0x2 
 .data.rtc      0x0000000020000718        0x7 ./Core/Src/main.o
                0x0000000020000718                rtc
 .data.prev_B.10387
                0x000000002000071f        0x1 ./Core/Src/main.o
 .data.prev_A.10386
                0x0000000020000720        0x1 ./Core/Src/main.o
 *fill*         0x0000000020000721        0x3 
 .data.SystemCoreClock
                0x0000000020000724        0x4 ./Core/Src/system_stm32f4xx.o
                0x0000000020000724                SystemCoreClock
 .data.ladder   0x0000000020000728       0x60 ./Core/Src/tone.o
                0x0000000020000728                ladder
 .data.ladder_text
                0x0000000020000788       0x90 ./Core/Src/tone.o
                0x0000000020000788                ladder_text
 .data.match    0x0000000020000818        0x2 ./Core/Src/tone.o
                0x0000000020000818                match
 *fill*         0x000000002000081a        0x2 
 .data.uwTickPrio
                0x000000002000081c        0x4 ./Drivers/STM32F4xx_HAL_Driver/Src/stm32f4xx_hal.o
                0x000000002000081c                uwTickPrio
 .data.uwTickFreq
                0x0000000020000820        0x1 ./Drivers/STM32F4xx_HAL_Driver/Src/stm32f4xx_hal.o
                0x0000000020000820                uwTickFreq
 *fill*         0x0000000020000821        0x3 
 .data._impure_ptr
                0x0000000020000824        0x4 c:/st/stm32cubeide_1.7.0/stm32cubeide/plugins/com.st.stm32cube.ide.mcu.externaltools.gnu-tools-for-stm32.9-2020-q2-update.win32_2.0.0.202105311346/tools/bin/../lib/gcc/arm-none-eabi/9.3.1/../../../../arm-none-eabi/lib/thumb/v7e-m+fp/hard\libc_nano.a(lib_a-impure.o)
                0x0000000020000824                _impure_ptr
 .data.impure_data
                0x0000000020000828       0x60 c:/st/stm32cubeide_1.7.0/stm32cubeide/plugins/com.st.stm32cube.ide.mcu.externaltools.gnu-tools-for-stm32.9-2020-q2-update.win32_2.0.0.202105311346/tools/bin/../lib/gcc/arm-none-eabi/9.3.1/../../../../arm-none-eabi/lib/thumb/v7e-m+fp/hard\libc_nano.a(lib_a-impure.o)
 *(.RamFunc)
 *(.RamFunc*)
                0x0000000020000888                . = ALIGN (0x4)
                0x0000000020000888                _edata = .

.igot.plt       0x0000000020000888        0x0 load address 0x000000000800eeb8
 .igot.plt      0x0000000020000888        0x0 c:/st/stm32cubeide_1.7.0/stm32cubeide/plugins/com.st.stm32cube.ide.mcu.externaltools.gnu-tools-for-stm32.9-2020-q2-update.win32_2.0.0.202105311346/tools/bin/../lib/gcc/arm-none-eabi/9.3.1/thumb/v7e-m+fp/hard/crtbegin.o
                0x0000000020000888                . = ALIGN (0x4)

.bss            0x0000000020000888      0x3fc load address 0x000000000800eeb8
                0x0000000020000888                _sbss = .
                0x0000000020000888                __bss_start__ = _sbss
 *(.bss)
 .bss           0x0000000020000888       0x1c c:/st/stm32cubeide_1.7.0/stm32cubeide/plugins/com.st.stm32cube.ide.mcu.externaltools.gnu-tools-for-stm32.9-2020-q2-update.win32_2.0.0.202105311346/tools/bin/../lib/gcc/arm-none-eabi/9.3.1/thumb/v7e-m+fp/hard/crtbegin.o
 *(.bss*)
 .bss.skip      0x00000000200008a4        0x2 ./Core/Src/consolidate.o
                0x00000000200008a4                skip
 *fill*         0x00000000200008a6        0x2 
 .bss.feed_time_old
                0x00000000200008a8        0x4 ./Core/Src/consolidate.o
                0x00000000200008a8                feed_time_old
 .bss.feed_time_diff
                0x00000000200008ac        0x4 ./Core/Src/consolidate.o
                0x00000000200008ac                feed_time_diff
 .bss.first_time
                0x00000000200008b0        0x1 ./Core/Src/consolidate.o
                0x00000000200008b0                first_time
 *fill*         0x00000000200008b1        0x1 
 .bss.feed_once
                0x00000000200008b2        0x2 ./Core/Src/consolidate.o
                0x00000000200008b2                feed_once
 .bss.update    0x00000000200008b4        0x2 ./Core/Src/interface.o
                0x00000000200008b4                update
 .bss.once      0x00000000200008b6        0x2 ./Core/Src/interface.o
                0x00000000200008b6                once
 .bss.count_var
                0x00000000200008b8        0x2 ./Core/Src/interface.o
                0x00000000200008b8                count_var
 .bss.curr_day  0x00000000200008ba        0x1 ./Core/Src/main.o
                0x00000000200008ba                curr_day
 *fill*         0x00000000200008bb        0x1 
 .bss.menu      0x00000000200008bc        0x2 ./Core/Src/main.o
                0x00000000200008bc                menu
 .bss.time_switch
                0x00000000200008be        0x1 ./Core/Src/main.o
                0x00000000200008be                time_switch
 *fill*         0x00000000200008bf        0x1 
 .bss.timeout_old
                0x00000000200008c0        0x4 ./Core/Src/main.o
                0x00000000200008c0                timeout_old
 .bss.timeout_time
                0x00000000200008c4        0x4 ./Core/Src/main.o
                0x00000000200008c4                timeout_time
 .bss.time_check_old
                0x00000000200008c8        0x4 ./Core/Src/main.o
                0x00000000200008c8                time_check_old
 .bss.button_pressed
                0x00000000200008cc        0x1 ./Core/Src/main.o
                0x00000000200008cc                button_pressed
 .bss.button_long_pressed
                0x00000000200008cd        0x1 ./Core/Src/main.o
                0x00000000200008cd                button_long_pressed
 .bss.screen_off
                0x00000000200008ce        0x1 ./Core/Src/main.o
                0x00000000200008ce                screen_off
 .bss.B_state.10385
                0x00000000200008cf        0x1 ./Core/Src/main.o
 .bss.A_state.10384
                0x00000000200008d0        0x1 ./Core/Src/main.o
 *fill*         0x00000000200008d1        0x3 
 .bss.__sbrk_heap_end
                0x00000000200008d4        0x4 ./Core/Src/sysmem.o
 .bss.timer_reset
                0x00000000200008d8        0x1 ./Core/Src/tone.o
                0x00000000200008d8                timer_reset
 *fill*         0x00000000200008d9        0x1 
 .bss.count     0x00000000200008da        0x2 ./Core/Src/tone.o
                0x00000000200008da                count
 .bss.__malloc_free_list
                0x00000000200008dc        0x4 c:/st/stm32cubeide_1.7.0/stm32cubeide/plugins/com.st.stm32cube.ide.mcu.externaltools.gnu-tools-for-stm32.9-2020-q2-update.win32_2.0.0.202105311346/tools/bin/../lib/gcc/arm-none-eabi/9.3.1/../../../../arm-none-eabi/lib/thumb/v7e-m+fp/hard\libc_nano.a(lib_a-nano-mallocr.o)
                0x00000000200008dc                __malloc_free_list
 .bss.__malloc_sbrk_start
                0x00000000200008e0        0x4 c:/st/stm32cubeide_1.7.0/stm32cubeide/plugins/com.st.stm32cube.ide.mcu.externaltools.gnu-tools-for-stm32.9-2020-q2-update.win32_2.0.0.202105311346/tools/bin/../lib/gcc/arm-none-eabi/9.3.1/../../../../arm-none-eabi/lib/thumb/v7e-m+fp/hard\libc_nano.a(lib_a-nano-mallocr.o)
                0x00000000200008e0                __malloc_sbrk_start
 *(COMMON)
 COMMON         0x00000000200008e4        0x8 ./Core/Src/consolidate.o
                0x00000000200008e4                str
 COMMON         0x00000000200008ec       0x18 ./Core/Src/interface.o
                0x00000000200008ec                prev_feed_time
                0x00000000200008fc                prev_feed_amount
 COMMON         0x0000000020000904      0x31e ./Core/Src/main.o
                0x0000000020000904                hspi2
                0x000000002000095c                htim4
                0x00000000200009a4                time_old
                0x00000000200009a8                hi2c1
                0x00000000200009fc                htim10
                0x0000000020000a44                feed_time
                0x0000000020000a54                time_diff
                0x0000000020000a58                tone_now
                0x0000000020000a5c                tone_diff
                0x0000000020000a60                htim3
                0x0000000020000aa8                selection
                0x0000000020000aac                buffer2
                0x0000000020000ab4                text_colour
                0x0000000020000ab8                curr_time
                0x0000000020000ac0                htim11
                0x0000000020000b08                buffer
                0x0000000020000b20                feed_amount
                0x0000000020000b28                pressed
                0x0000000020000b2c                time_switch_old
                0x0000000020000b30                htim1
                0x0000000020000b78                prev_selection
                0x0000000020000b7c                tone_old
                0x0000000020000b80                hspi1
                0x0000000020000bd8                htim2
                0x0000000020000c20                time_now
 *fill*         0x0000000020000c22        0x2 
 COMMON         0x0000000020000c24        0xe ./Core/Src/spi_ili9341.o
                0x0000000020000c24                TFT9341_HEIGHT
                0x0000000020000c28                lcdprop
                0x0000000020000c30                TFT9341_WIDTH
 *fill*         0x0000000020000c32        0x2 
 COMMON         0x0000000020000c34        0x4 ./Core/Src/stm32_ds3231.o
                0x0000000020000c34                i2c
 COMMON         0x0000000020000c38       0x10 ./Core/Src/tone.o
                0x0000000020000c38                tone_time_diff
                0x0000000020000c3c                curr_tone
                0x0000000020000c40                tone_time_new
                0x0000000020000c44                tone_time_old
 COMMON         0x0000000020000c48       0x28 ./Core/Src/w25qxx.o
                0x0000000020000c48                w25qxx
 COMMON         0x0000000020000c70        0x4 ./Drivers/STM32F4xx_HAL_Driver/Src/stm32f4xx_hal.o
                0x0000000020000c70                uwTick
 COMMON         0x0000000020000c74        0x4 c:/st/stm32cubeide_1.7.0/stm32cubeide/plugins/com.st.stm32cube.ide.mcu.externaltools.gnu-tools-for-stm32.9-2020-q2-update.win32_2.0.0.202105311346/tools/bin/../lib/gcc/arm-none-eabi/9.3.1/../../../../arm-none-eabi/lib/thumb/v7e-m+fp/hard\libc_nano.a(lib_a-reent.o)
                0x0000000020000c74                errno
 COMMON         0x0000000020000c78        0x9 c:/st/stm32cubeide_1.7.0/stm32cubeide/plugins/com.st.stm32cube.ide.mcu.externaltools.gnu-tools-for-stm32.9-2020-q2-update.win32_2.0.0.202105311346/tools/bin/../lib/gcc/arm-none-eabi/9.3.1/../../../../arm-none-eabi/lib/thumb/v7e-m+fp/hard\libc_nano.a(lib_a-lock.o)
                0x0000000020000c78                __lock___atexit_recursive_mutex
                0x0000000020000c79                __lock___arc4random_mutex
                0x0000000020000c7a                __lock___env_recursive_mutex
                0x0000000020000c7b                __lock___sinit_recursive_mutex
                0x0000000020000c7c                __lock___malloc_recursive_mutex
                0x0000000020000c7d                __lock___at_quick_exit_mutex
                0x0000000020000c7e                __lock___dd_hash_mutex
                0x0000000020000c7f                __lock___tz_mutex
                0x0000000020000c80                __lock___sfp_recursive_mutex
                0x0000000020000c84                . = ALIGN (0x4)
 *fill*         0x0000000020000c81        0x3 
                0x0000000020000c84                _ebss = .
                0x0000000020000c84                __bss_end__ = _ebss

._user_heap_stack
                0x0000000020000c84      0x604 load address 0x000000000800eeb8
                0x0000000020000c88                . = ALIGN (0x8)
 *fill*         0x0000000020000c84        0x4 
                [!provide]                        PROVIDE (end = .)
                0x0000000020000c88                PROVIDE (_end = .)
                0x0000000020000e88                . = (. + _Min_Heap_Size)
 *fill*         0x0000000020000c88      0x200 
                0x0000000020001288                . = (. + _Min_Stack_Size)
 *fill*         0x0000000020000e88      0x400 
                0x0000000020001288                . = ALIGN (0x8)

/DISCARD/
 libc.a(*)
 libm.a(*)
 libgcc.a(*)

.ARM.attributes
                0x0000000000000000       0x30
 *(.ARM.attributes)
 .ARM.attributes
                0x0000000000000000       0x1e c:/st/stm32cubeide_1.7.0/stm32cubeide/plugins/com.st.stm32cube.ide.mcu.externaltools.gnu-tools-for-stm32.9-2020-q2-update.win32_2.0.0.202105311346/tools/bin/../lib/gcc/arm-none-eabi/9.3.1/thumb/v7e-m+fp/hard/crti.o
 .ARM.attributes
                0x000000000000001e       0x34 c:/st/stm32cubeide_1.7.0/stm32cubeide/plugins/com.st.stm32cube.ide.mcu.externaltools.gnu-tools-for-stm32.9-2020-q2-update.win32_2.0.0.202105311346/tools/bin/../lib/gcc/arm-none-eabi/9.3.1/thumb/v7e-m+fp/hard/crtbegin.o
 .ARM.attributes
                0x0000000000000052       0x34 ./Core/Src/consolidate.o
 .ARM.attributes
                0x0000000000000086       0x39 ./Core/Src/font12.o
 .ARM.attributes
                0x00000000000000bf       0x39 ./Core/Src/font16.o
 .ARM.attributes
                0x00000000000000f8       0x39 ./Core/Src/font20.o
 .ARM.attributes
                0x0000000000000131       0x39 ./Core/Src/font24.o
 .ARM.attributes
                0x000000000000016a       0x39 ./Core/Src/font8.o
 .ARM.attributes
                0x00000000000001a3       0x34 ./Core/Src/interface.o
 .ARM.attributes
                0x00000000000001d7       0x34 ./Core/Src/main.o
 .ARM.attributes
                0x000000000000020b       0x34 ./Core/Src/spi_ili9341.o
 .ARM.attributes
                0x000000000000023f       0x34 ./Core/Src/stm32_ds3231.o
 .ARM.attributes
                0x0000000000000273       0x34 ./Core/Src/stm32f4xx_hal_msp.o
 .ARM.attributes
                0x00000000000002a7       0x34 ./Core/Src/stm32f4xx_it.o
 .ARM.attributes
                0x00000000000002db       0x34 ./Core/Src/sysmem.o
 .ARM.attributes
                0x000000000000030f       0x34 ./Core/Src/system_stm32f4xx.o
 .ARM.attributes
                0x0000000000000343       0x34 ./Core/Src/tone.o
 .ARM.attributes
                0x0000000000000377       0x34 ./Core/Src/w25qxx.o
 .ARM.attributes
                0x00000000000003ab       0x21 ./Core/Startup/startup_stm32f411ceux.o
 .ARM.attributes
                0x00000000000003cc       0x34 ./Drivers/STM32F4xx_HAL_Driver/Src/stm32f4xx_hal.o
 .ARM.attributes
                0x0000000000000400       0x34 ./Drivers/STM32F4xx_HAL_Driver/Src/stm32f4xx_hal_cortex.o
 .ARM.attributes
                0x0000000000000434       0x34 ./Drivers/STM32F4xx_HAL_Driver/Src/stm32f4xx_hal_gpio.o
 .ARM.attributes
                0x0000000000000468       0x34 ./Drivers/STM32F4xx_HAL_Driver/Src/stm32f4xx_hal_i2c.o
 .ARM.attributes
                0x000000000000049c       0x34 ./Drivers/STM32F4xx_HAL_Driver/Src/stm32f4xx_hal_rcc.o
 .ARM.attributes
                0x00000000000004d0       0x34 ./Drivers/STM32F4xx_HAL_Driver/Src/stm32f4xx_hal_spi.o
 .ARM.attributes
                0x0000000000000504       0x34 ./Drivers/STM32F4xx_HAL_Driver/Src/stm32f4xx_hal_tim.o
 .ARM.attributes
                0x0000000000000538       0x34 ./Drivers/STM32F4xx_HAL_Driver/Src/stm32f4xx_hal_tim_ex.o
 .ARM.attributes
                0x000000000000056c       0x34 c:/st/stm32cubeide_1.7.0/stm32cubeide/plugins/com.st.stm32cube.ide.mcu.externaltools.gnu-tools-for-stm32.9-2020-q2-update.win32_2.0.0.202105311346/tools/bin/../lib/gcc/arm-none-eabi/9.3.1/../../../../arm-none-eabi/lib/thumb/v7e-m+fp/hard\libc_nano.a(lib_a-errno.o)
 .ARM.attributes
                0x00000000000005a0       0x32 c:/st/stm32cubeide_1.7.0/stm32cubeide/plugins/com.st.stm32cube.ide.mcu.externaltools.gnu-tools-for-stm32.9-2020-q2-update.win32_2.0.0.202105311346/tools/bin/../lib/gcc/arm-none-eabi/9.3.1/../../../../arm-none-eabi/lib/thumb/v7e-m+fp/hard\libc_nano.a(lib_a-impure.o)
 .ARM.attributes
                0x00000000000005d2       0x34 c:/st/stm32cubeide_1.7.0/stm32cubeide/plugins/com.st.stm32cube.ide.mcu.externaltools.gnu-tools-for-stm32.9-2020-q2-update.win32_2.0.0.202105311346/tools/bin/../lib/gcc/arm-none-eabi/9.3.1/../../../../arm-none-eabi/lib/thumb/v7e-m+fp/hard\libc_nano.a(lib_a-init.o)
 .ARM.attributes
                0x0000000000000606       0x34 c:/st/stm32cubeide_1.7.0/stm32cubeide/plugins/com.st.stm32cube.ide.mcu.externaltools.gnu-tools-for-stm32.9-2020-q2-update.win32_2.0.0.202105311346/tools/bin/../lib/gcc/arm-none-eabi/9.3.1/../../../../arm-none-eabi/lib/thumb/v7e-m+fp/hard\libc_nano.a(lib_a-memset.o)
 .ARM.attributes
                0x000000000000063a       0x34 c:/st/stm32cubeide_1.7.0/stm32cubeide/plugins/com.st.stm32cube.ide.mcu.externaltools.gnu-tools-for-stm32.9-2020-q2-update.win32_2.0.0.202105311346/tools/bin/../lib/gcc/arm-none-eabi/9.3.1/../../../../arm-none-eabi/lib/thumb/v7e-m+fp/hard\libc_nano.a(lib_a-sprintf.o)
 .ARM.attributes
                0x000000000000066e       0x1c c:/st/stm32cubeide_1.7.0/stm32cubeide/plugins/com.st.stm32cube.ide.mcu.externaltools.gnu-tools-for-stm32.9-2020-q2-update.win32_2.0.0.202105311346/tools/bin/../lib/gcc/arm-none-eabi/9.3.1/../../../../arm-none-eabi/lib/thumb/v7e-m+fp/hard\libc_nano.a(lib_a-strcmp.o)
 .ARM.attributes
                0x000000000000068a       0x17 c:/st/stm32cubeide_1.7.0/stm32cubeide/plugins/com.st.stm32cube.ide.mcu.externaltools.gnu-tools-for-stm32.9-2020-q2-update.win32_2.0.0.202105311346/tools/bin/../lib/gcc/arm-none-eabi/9.3.1/../../../../arm-none-eabi/lib/thumb/v7e-m+fp/hard\libc_nano.a(lib_a-strlen.o)
 .ARM.attributes
                0x00000000000006a1       0x34 c:/st/stm32cubeide_1.7.0/stm32cubeide/plugins/com.st.stm32cube.ide.mcu.externaltools.gnu-tools-for-stm32.9-2020-q2-update.win32_2.0.0.202105311346/tools/bin/../lib/gcc/arm-none-eabi/9.3.1/../../../../arm-none-eabi/lib/thumb/v7e-m+fp/hard\libc_nano.a(lib_a-nano-svfprintf.o)
 .ARM.attributes
                0x00000000000006d5       0x34 c:/st/stm32cubeide_1.7.0/stm32cubeide/plugins/com.st.stm32cube.ide.mcu.externaltools.gnu-tools-for-stm32.9-2020-q2-update.win32_2.0.0.202105311346/tools/bin/../lib/gcc/arm-none-eabi/9.3.1/../../../../arm-none-eabi/lib/thumb/v7e-m+fp/hard\libc_nano.a(lib_a-nano-vfprintf_i.o)
 .ARM.attributes
                0x0000000000000709       0x1c c:/st/stm32cubeide_1.7.0/stm32cubeide/plugins/com.st.stm32cube.ide.mcu.externaltools.gnu-tools-for-stm32.9-2020-q2-update.win32_2.0.0.202105311346/tools/bin/../lib/gcc/arm-none-eabi/9.3.1/../../../../arm-none-eabi/lib/thumb/v7e-m+fp/hard\libc_nano.a(lib_a-memchr.o)
 .ARM.attributes
                0x0000000000000725       0x34 c:/st/stm32cubeide_1.7.0/stm32cubeide/plugins/com.st.stm32cube.ide.mcu.externaltools.gnu-tools-for-stm32.9-2020-q2-update.win32_2.0.0.202105311346/tools/bin/../lib/gcc/arm-none-eabi/9.3.1/../../../../arm-none-eabi/lib/thumb/v7e-m+fp/hard\libc_nano.a(lib_a-memcpy-stub.o)
 .ARM.attributes
                0x0000000000000759       0x34 c:/st/stm32cubeide_1.7.0/stm32cubeide/plugins/com.st.stm32cube.ide.mcu.externaltools.gnu-tools-for-stm32.9-2020-q2-update.win32_2.0.0.202105311346/tools/bin/../lib/gcc/arm-none-eabi/9.3.1/../../../../arm-none-eabi/lib/thumb/v7e-m+fp/hard\libc_nano.a(lib_a-memmove.o)
 .ARM.attributes
                0x000000000000078d       0x34 c:/st/stm32cubeide_1.7.0/stm32cubeide/plugins/com.st.stm32cube.ide.mcu.externaltools.gnu-tools-for-stm32.9-2020-q2-update.win32_2.0.0.202105311346/tools/bin/../lib/gcc/arm-none-eabi/9.3.1/../../../../arm-none-eabi/lib/thumb/v7e-m+fp/hard\libc_nano.a(lib_a-nano-freer.o)
 .ARM.attributes
                0x00000000000007c1       0x34 c:/st/stm32cubeide_1.7.0/stm32cubeide/plugins/com.st.stm32cube.ide.mcu.externaltools.gnu-tools-for-stm32.9-2020-q2-update.win32_2.0.0.202105311346/tools/bin/../lib/gcc/arm-none-eabi/9.3.1/../../../../arm-none-eabi/lib/thumb/v7e-m+fp/hard\libc_nano.a(lib_a-nano-mallocr.o)
 .ARM.attributes
                0x00000000000007f5       0x34 c:/st/stm32cubeide_1.7.0/stm32cubeide/plugins/com.st.stm32cube.ide.mcu.externaltools.gnu-tools-for-stm32.9-2020-q2-update.win32_2.0.0.202105311346/tools/bin/../lib/gcc/arm-none-eabi/9.3.1/../../../../arm-none-eabi/lib/thumb/v7e-m+fp/hard\libc_nano.a(lib_a-nano-reallocr.o)
 .ARM.attributes
                0x0000000000000829       0x34 c:/st/stm32cubeide_1.7.0/stm32cubeide/plugins/com.st.stm32cube.ide.mcu.externaltools.gnu-tools-for-stm32.9-2020-q2-update.win32_2.0.0.202105311346/tools/bin/../lib/gcc/arm-none-eabi/9.3.1/../../../../arm-none-eabi/lib/thumb/v7e-m+fp/hard\libc_nano.a(lib_a-sbrkr.o)
 .ARM.attributes
                0x000000000000085d       0x34 c:/st/stm32cubeide_1.7.0/stm32cubeide/plugins/com.st.stm32cube.ide.mcu.externaltools.gnu-tools-for-stm32.9-2020-q2-update.win32_2.0.0.202105311346/tools/bin/../lib/gcc/arm-none-eabi/9.3.1/../../../../arm-none-eabi/lib/thumb/v7e-m+fp/hard\libc_nano.a(lib_a-mlock.o)
 .ARM.attributes
                0x0000000000000891       0x34 c:/st/stm32cubeide_1.7.0/stm32cubeide/plugins/com.st.stm32cube.ide.mcu.externaltools.gnu-tools-for-stm32.9-2020-q2-update.win32_2.0.0.202105311346/tools/bin/../lib/gcc/arm-none-eabi/9.3.1/../../../../arm-none-eabi/lib/thumb/v7e-m+fp/hard\libc_nano.a(lib_a-nano-msizer.o)
 .ARM.attributes
                0x00000000000008c5       0x34 c:/st/stm32cubeide_1.7.0/stm32cubeide/plugins/com.st.stm32cube.ide.mcu.externaltools.gnu-tools-for-stm32.9-2020-q2-update.win32_2.0.0.202105311346/tools/bin/../lib/gcc/arm-none-eabi/9.3.1/../../../../arm-none-eabi/lib/thumb/v7e-m+fp/hard\libc_nano.a(lib_a-reent.o)
 .ARM.attributes
                0x00000000000008f9       0x34 c:/st/stm32cubeide_1.7.0/stm32cubeide/plugins/com.st.stm32cube.ide.mcu.externaltools.gnu-tools-for-stm32.9-2020-q2-update.win32_2.0.0.202105311346/tools/bin/../lib/gcc/arm-none-eabi/9.3.1/../../../../arm-none-eabi/lib/thumb/v7e-m+fp/hard\libc_nano.a(lib_a-lock.o)
 .ARM.attributes
                0x000000000000092d       0x1e c:/st/stm32cubeide_1.7.0/stm32cubeide/plugins/com.st.stm32cube.ide.mcu.externaltools.gnu-tools-for-stm32.9-2020-q2-update.win32_2.0.0.202105311346/tools/bin/../lib/gcc/arm-none-eabi/9.3.1/thumb/v7e-m+fp/hard\libgcc.a(_aeabi_uldivmod.o)
 .ARM.attributes
                0x000000000000094b       0x34 c:/st/stm32cubeide_1.7.0/stm32cubeide/plugins/com.st.stm32cube.ide.mcu.externaltools.gnu-tools-for-stm32.9-2020-q2-update.win32_2.0.0.202105311346/tools/bin/../lib/gcc/arm-none-eabi/9.3.1/thumb/v7e-m+fp/hard\libgcc.a(_udivmoddi4.o)
 .ARM.attributes
                0x000000000000097f       0x1e c:/st/stm32cubeide_1.7.0/stm32cubeide/plugins/com.st.stm32cube.ide.mcu.externaltools.gnu-tools-for-stm32.9-2020-q2-update.win32_2.0.0.202105311346/tools/bin/../lib/gcc/arm-none-eabi/9.3.1/thumb/v7e-m+fp/hard\libgcc.a(_dvmd_tls.o)
 .ARM.attributes
                0x000000000000099d       0x1e c:/st/stm32cubeide_1.7.0/stm32cubeide/plugins/com.st.stm32cube.ide.mcu.externaltools.gnu-tools-for-stm32.9-2020-q2-update.win32_2.0.0.202105311346/tools/bin/../lib/gcc/arm-none-eabi/9.3.1/thumb/v7e-m+fp/hard/crtn.o
OUTPUT(Test_katvoer.elf elf32-littlearm)
LOAD linker stubs
LOAD c:/st/stm32cubeide_1.7.0/stm32cubeide/plugins/com.st.stm32cube.ide.mcu.externaltools.gnu-tools-for-stm32.9-2020-q2-update.win32_2.0.0.202105311346/tools/bin/../lib/gcc/arm-none-eabi/9.3.1/../../../../arm-none-eabi/lib/thumb/v7e-m+fp/hard\libc.a
LOAD c:/st/stm32cubeide_1.7.0/stm32cubeide/plugins/com.st.stm32cube.ide.mcu.externaltools.gnu-tools-for-stm32.9-2020-q2-update.win32_2.0.0.202105311346/tools/bin/../lib/gcc/arm-none-eabi/9.3.1/../../../../arm-none-eabi/lib/thumb/v7e-m+fp/hard\libm.a
LOAD c:/st/stm32cubeide_1.7.0/stm32cubeide/plugins/com.st.stm32cube.ide.mcu.externaltools.gnu-tools-for-stm32.9-2020-q2-update.win32_2.0.0.202105311346/tools/bin/../lib/gcc/arm-none-eabi/9.3.1/thumb/v7e-m+fp/hard\libgcc.a

.debug_info     0x0000000000000000    0x16cfb
 .debug_info    0x0000000000000000     0x12cf ./Core/Src/consolidate.o
 .debug_info    0x00000000000012cf      0x157 ./Core/Src/font12.o
 .debug_info    0x0000000000001426      0x157 ./Core/Src/font16.o
 .debug_info    0x000000000000157d      0x157 ./Core/Src/font20.o
 .debug_info    0x00000000000016d4      0x157 ./Core/Src/font24.o
 .debug_info    0x000000000000182b      0x157 ./Core/Src/font8.o
 .debug_info    0x0000000000001982     0x1584 ./Core/Src/interface.o
 .debug_info    0x0000000000002f06     0x2731 ./Core/Src/main.o
 .debug_info    0x0000000000005637     0x17af ./Core/Src/spi_ili9341.o
 .debug_info    0x0000000000006de6     0x13ad ./Core/Src/stm32_ds3231.o
 .debug_info    0x0000000000008193     0x1295 ./Core/Src/stm32f4xx_hal_msp.o
 .debug_info    0x0000000000009428      0x282 ./Core/Src/stm32f4xx_it.o
 .debug_info    0x00000000000096aa      0xa25 ./Core/Src/sysmem.o
 .debug_info    0x000000000000a0cf      0x5d0 ./Core/Src/system_stm32f4xx.o
 .debug_info    0x000000000000a69f      0xdfd ./Core/Src/tone.o
 .debug_info    0x000000000000b49c     0x10ff ./Core/Src/w25qxx.o
 .debug_info    0x000000000000c59b       0x22 ./Core/Startup/startup_stm32f411ceux.o
 .debug_info    0x000000000000c5bd      0x944 ./Drivers/STM32F4xx_HAL_Driver/Src/stm32f4xx_hal.o
 .debug_info    0x000000000000cf01      0xe47 ./Drivers/STM32F4xx_HAL_Driver/Src/stm32f4xx_hal_cortex.o
 .debug_info    0x000000000000dd48      0x862 ./Drivers/STM32F4xx_HAL_Driver/Src/stm32f4xx_hal_gpio.o
 .debug_info    0x000000000000e5aa     0x2639 ./Drivers/STM32F4xx_HAL_Driver/Src/stm32f4xx_hal_i2c.o
 .debug_info    0x0000000000010be3      0x9be ./Drivers/STM32F4xx_HAL_Driver/Src/stm32f4xx_hal_rcc.o
 .debug_info    0x00000000000115a1     0x17b8 ./Drivers/STM32F4xx_HAL_Driver/Src/stm32f4xx_hal_spi.o
 .debug_info    0x0000000000012d59     0x2a88 ./Drivers/STM32F4xx_HAL_Driver/Src/stm32f4xx_hal_tim.o
 .debug_info    0x00000000000157e1     0x151a ./Drivers/STM32F4xx_HAL_Driver/Src/stm32f4xx_hal_tim_ex.o

.debug_abbrev   0x0000000000000000     0x2fc6
 .debug_abbrev  0x0000000000000000      0x2dc ./Core/Src/consolidate.o
 .debug_abbrev  0x00000000000002dc       0xb1 ./Core/Src/font12.o
 .debug_abbrev  0x000000000000038d       0xb1 ./Core/Src/font16.o
 .debug_abbrev  0x000000000000043e       0xb1 ./Core/Src/font20.o
 .debug_abbrev  0x00000000000004ef       0xb1 ./Core/Src/font24.o
 .debug_abbrev  0x00000000000005a0       0xb1 ./Core/Src/font8.o
 .debug_abbrev  0x0000000000000651      0x2c1 ./Core/Src/interface.o
 .debug_abbrev  0x0000000000000912      0x2f0 ./Core/Src/main.o
 .debug_abbrev  0x0000000000000c02      0x311 ./Core/Src/spi_ili9341.o
 .debug_abbrev  0x0000000000000f13      0x246 ./Core/Src/stm32_ds3231.o
 .debug_abbrev  0x0000000000001159      0x219 ./Core/Src/stm32f4xx_hal_msp.o
 .debug_abbrev  0x0000000000001372       0xd2 ./Core/Src/stm32f4xx_it.o
 .debug_abbrev  0x0000000000001444      0x1bf ./Core/Src/sysmem.o
 .debug_abbrev  0x0000000000001603      0x145 ./Core/Src/system_stm32f4xx.o
 .debug_abbrev  0x0000000000001748      0x21e ./Core/Src/tone.o
 .debug_abbrev  0x0000000000001966      0x2a7 ./Core/Src/w25qxx.o
 .debug_abbrev  0x0000000000001c0d       0x12 ./Core/Startup/startup_stm32f411ceux.o
 .debug_abbrev  0x0000000000001c1f      0x21e ./Drivers/STM32F4xx_HAL_Driver/Src/stm32f4xx_hal.o
 .debug_abbrev  0x0000000000001e3d      0x33c ./Drivers/STM32F4xx_HAL_Driver/Src/stm32f4xx_hal_cortex.o
 .debug_abbrev  0x0000000000002179      0x1f1 ./Drivers/STM32F4xx_HAL_Driver/Src/stm32f4xx_hal_gpio.o
 .debug_abbrev  0x000000000000236a      0x293 ./Drivers/STM32F4xx_HAL_Driver/Src/stm32f4xx_hal_i2c.o
 .debug_abbrev  0x00000000000025fd      0x275 ./Drivers/STM32F4xx_HAL_Driver/Src/stm32f4xx_hal_rcc.o
 .debug_abbrev  0x0000000000002872      0x26e ./Drivers/STM32F4xx_HAL_Driver/Src/stm32f4xx_hal_spi.o
 .debug_abbrev  0x0000000000002ae0      0x26f ./Drivers/STM32F4xx_HAL_Driver/Src/stm32f4xx_hal_tim.o
 .debug_abbrev  0x0000000000002d4f      0x277 ./Drivers/STM32F4xx_HAL_Driver/Src/stm32f4xx_hal_tim_ex.o

.debug_aranges  0x0000000000000000     0x1210
 .debug_aranges
                0x0000000000000000       0x78 ./Core/Src/consolidate.o
 .debug_aranges
                0x0000000000000078       0x18 ./Core/Src/font12.o
 .debug_aranges
                0x0000000000000090       0x18 ./Core/Src/font16.o
 .debug_aranges
                0x00000000000000a8       0x18 ./Core/Src/font20.o
 .debug_aranges
                0x00000000000000c0       0x18 ./Core/Src/font24.o
 .debug_aranges
                0x00000000000000d8       0x18 ./Core/Src/font8.o
 .debug_aranges
                0x00000000000000f0       0x78 ./Core/Src/interface.o
 .debug_aranges
                0x0000000000000168       0x88 ./Core/Src/main.o
 .debug_aranges
                0x00000000000001f0       0xb8 ./Core/Src/spi_ili9341.o
 .debug_aranges
                0x00000000000002a8       0x68 ./Core/Src/stm32_ds3231.o
 .debug_aranges
                0x0000000000000310       0x58 ./Core/Src/stm32f4xx_hal_msp.o
 .debug_aranges
                0x0000000000000368       0x80 ./Core/Src/stm32f4xx_it.o
 .debug_aranges
                0x00000000000003e8       0x20 ./Core/Src/sysmem.o
 .debug_aranges
                0x0000000000000408       0x28 ./Core/Src/system_stm32f4xx.o
 .debug_aranges
                0x0000000000000430       0x28 ./Core/Src/tone.o
 .debug_aranges
                0x0000000000000458      0x100 ./Core/Src/w25qxx.o
 .debug_aranges
                0x0000000000000558       0x28 ./Core/Startup/startup_stm32f411ceux.o
 .debug_aranges
                0x0000000000000580       0xf0 ./Drivers/STM32F4xx_HAL_Driver/Src/stm32f4xx_hal.o
 .debug_aranges
                0x0000000000000670      0x118 ./Drivers/STM32F4xx_HAL_Driver/Src/stm32f4xx_hal_cortex.o
 .debug_aranges
                0x0000000000000788       0x58 ./Drivers/STM32F4xx_HAL_Driver/Src/stm32f4xx_hal_gpio.o
 .debug_aranges
                0x00000000000007e0      0x2a0 ./Drivers/STM32F4xx_HAL_Driver/Src/stm32f4xx_hal_i2c.o
 .debug_aranges
                0x0000000000000a80       0x88 ./Drivers/STM32F4xx_HAL_Driver/Src/stm32f4xx_hal_rcc.o
 .debug_aranges
                0x0000000000000b08      0x1d0 ./Drivers/STM32F4xx_HAL_Driver/Src/stm32f4xx_hal_spi.o
 .debug_aranges
                0x0000000000000cd8      0x3d0 ./Drivers/STM32F4xx_HAL_Driver/Src/stm32f4xx_hal_tim.o
 .debug_aranges
                0x00000000000010a8      0x168 ./Drivers/STM32F4xx_HAL_Driver/Src/stm32f4xx_hal_tim_ex.o

.debug_ranges   0x0000000000000000     0x10d0
 .debug_ranges  0x0000000000000000       0x68 ./Core/Src/consolidate.o
 .debug_ranges  0x0000000000000068       0x68 ./Core/Src/interface.o
 .debug_ranges  0x00000000000000d0       0x78 ./Core/Src/main.o
 .debug_ranges  0x0000000000000148       0xa8 ./Core/Src/spi_ili9341.o
 .debug_ranges  0x00000000000001f0       0x58 ./Core/Src/stm32_ds3231.o
 .debug_ranges  0x0000000000000248       0x48 ./Core/Src/stm32f4xx_hal_msp.o
 .debug_ranges  0x0000000000000290       0x70 ./Core/Src/stm32f4xx_it.o
 .debug_ranges  0x0000000000000300       0x10 ./Core/Src/sysmem.o
 .debug_ranges  0x0000000000000310       0x18 ./Core/Src/system_stm32f4xx.o
 .debug_ranges  0x0000000000000328       0x18 ./Core/Src/tone.o
 .debug_ranges  0x0000000000000340      0x138 ./Core/Src/w25qxx.o
 .debug_ranges  0x0000000000000478       0x20 ./Core/Startup/startup_stm32f411ceux.o
 .debug_ranges  0x0000000000000498       0xe0 ./Drivers/STM32F4xx_HAL_Driver/Src/stm32f4xx_hal.o
 .debug_ranges  0x0000000000000578      0x108 ./Drivers/STM32F4xx_HAL_Driver/Src/stm32f4xx_hal_cortex.o
 .debug_ranges  0x0000000000000680       0x48 ./Drivers/STM32F4xx_HAL_Driver/Src/stm32f4xx_hal_gpio.o
 .debug_ranges  0x00000000000006c8      0x2b8 ./Drivers/STM32F4xx_HAL_Driver/Src/stm32f4xx_hal_i2c.o
 .debug_ranges  0x0000000000000980       0x78 ./Drivers/STM32F4xx_HAL_Driver/Src/stm32f4xx_hal_rcc.o
 .debug_ranges  0x00000000000009f8      0x1c0 ./Drivers/STM32F4xx_HAL_Driver/Src/stm32f4xx_hal_spi.o
 .debug_ranges  0x0000000000000bb8      0x3c0 ./Drivers/STM32F4xx_HAL_Driver/Src/stm32f4xx_hal_tim.o
 .debug_ranges  0x0000000000000f78      0x158 ./Drivers/STM32F4xx_HAL_Driver/Src/stm32f4xx_hal_tim_ex.o

.debug_macro    0x0000000000000000    0x18627
 .debug_macro   0x0000000000000000      0x3fd ./Core/Src/consolidate.o
 .debug_macro   0x00000000000003fd      0xaa8 ./Core/Src/consolidate.o
 .debug_macro   0x0000000000000ea5      0x2a1 ./Core/Src/consolidate.o
 .debug_macro   0x0000000000001146       0x2e ./Core/Src/consolidate.o
 .debug_macro   0x0000000000001174       0x28 ./Core/Src/consolidate.o
 .debug_macro   0x000000000000119c       0x22 ./Core/Src/consolidate.o
 .debug_macro   0x00000000000011be       0x8e ./Core/Src/consolidate.o
 .debug_macro   0x000000000000124c       0x51 ./Core/Src/consolidate.o
 .debug_macro   0x000000000000129d      0x103 ./Core/Src/consolidate.o
 .debug_macro   0x00000000000013a0       0x6a ./Core/Src/consolidate.o
 .debug_macro   0x000000000000140a      0x1df ./Core/Src/consolidate.o
 .debug_macro   0x00000000000015e9       0x1c ./Core/Src/consolidate.o
 .debug_macro   0x0000000000001605       0x22 ./Core/Src/consolidate.o
 .debug_macro   0x0000000000001627       0xdf ./Core/Src/consolidate.o
 .debug_macro   0x0000000000001706     0x102d ./Core/Src/consolidate.o
 .debug_macro   0x0000000000002733      0x11f ./Core/Src/consolidate.o
 .debug_macro   0x0000000000002852     0xb937 ./Core/Src/consolidate.o
 .debug_macro   0x000000000000e189       0x43 ./Core/Src/consolidate.o
 .debug_macro   0x000000000000e1cc     0x3659 ./Core/Src/consolidate.o
 .debug_macro   0x0000000000011825      0x174 ./Core/Src/consolidate.o
 .debug_macro   0x0000000000011999       0x5c ./Core/Src/consolidate.o
 .debug_macro   0x00000000000119f5      0x447 ./Core/Src/consolidate.o
 .debug_macro   0x0000000000011e3c      0x9fe ./Core/Src/consolidate.o
 .debug_macro   0x000000000001283a      0x117 ./Core/Src/consolidate.o
 .debug_macro   0x0000000000012951      0x11b ./Core/Src/consolidate.o
 .debug_macro   0x0000000000012a6c       0x82 ./Core/Src/consolidate.o
 .debug_macro   0x0000000000012aee      0x15f ./Core/Src/consolidate.o
 .debug_macro   0x0000000000012c4d      0x287 ./Core/Src/consolidate.o
 .debug_macro   0x0000000000012ed4       0x5f ./Core/Src/consolidate.o
 .debug_macro   0x0000000000012f33      0x236 ./Core/Src/consolidate.o
 .debug_macro   0x0000000000013169      0x132 ./Core/Src/consolidate.o
 .debug_macro   0x000000000001329b      0x264 ./Core/Src/consolidate.o
 .debug_macro   0x00000000000134ff       0x2e ./Core/Src/consolidate.o
 .debug_macro   0x000000000001352d      0x1b5 ./Core/Src/consolidate.o
 .debug_macro   0x00000000000136e2       0x22 ./Core/Src/consolidate.o
 .debug_macro   0x0000000000013704       0xd6 ./Core/Src/consolidate.o
 .debug_macro   0x00000000000137da      0x11a ./Core/Src/consolidate.o
 .debug_macro   0x00000000000138f4       0x85 ./Core/Src/consolidate.o
 .debug_macro   0x0000000000013979       0x89 ./Core/Src/consolidate.o
 .debug_macro   0x0000000000013a02      0x225 ./Core/Src/consolidate.o
 .debug_macro   0x0000000000013c27      0x8d1 ./Core/Src/consolidate.o
 .debug_macro   0x00000000000144f8       0x47 ./Core/Src/consolidate.o
 .debug_macro   0x000000000001453f      0x126 ./Core/Src/consolidate.o
 .debug_macro   0x0000000000014665       0x22 ./Core/Src/consolidate.o
 .debug_macro   0x0000000000014687       0x18 ./Core/Src/consolidate.o
 .debug_macro   0x000000000001469f       0x52 ./Core/Src/consolidate.o
 .debug_macro   0x00000000000146f1       0x3c ./Core/Src/consolidate.o
 .debug_macro   0x000000000001472d       0x34 ./Core/Src/consolidate.o
 .debug_macro   0x0000000000014761       0x16 ./Core/Src/consolidate.o
 .debug_macro   0x0000000000014777       0x35 ./Core/Src/consolidate.o
 .debug_macro   0x00000000000147ac       0x16 ./Core/Src/consolidate.o
 .debug_macro   0x00000000000147c2       0x43 ./Core/Src/consolidate.o
 .debug_macro   0x0000000000014805       0x34 ./Core/Src/consolidate.o
 .debug_macro   0x0000000000014839       0x10 ./Core/Src/consolidate.o
 .debug_macro   0x0000000000014849       0x58 ./Core/Src/consolidate.o
 .debug_macro   0x00000000000148a1       0x71 ./Core/Src/consolidate.o
 .debug_macro   0x0000000000014912       0x1c ./Core/Src/consolidate.o
 .debug_macro   0x000000000001492e      0x12a ./Core/Src/consolidate.o
 .debug_macro   0x0000000000014a58      0x333 ./Core/Src/consolidate.o
 .debug_macro   0x0000000000014d8b       0x16 ./Core/Src/consolidate.o
 .debug_macro   0x0000000000014da1       0x29 ./Core/Src/consolidate.o
 .debug_macro   0x0000000000014dca       0x10 ./Core/Src/consolidate.o
 .debug_macro   0x0000000000014dda      0x136 ./Core/Src/consolidate.o
 .debug_macro   0x0000000000014f10       0x8e ./Core/Src/consolidate.o
 .debug_macro   0x0000000000014f9e       0x1c ./Core/Src/consolidate.o
 .debug_macro   0x0000000000014fba       0x10 ./Core/Src/consolidate.o
 .debug_macro   0x0000000000014fca       0x10 ./Core/Src/consolidate.o
 .debug_macro   0x0000000000014fda       0x1c ./Core/Src/consolidate.o
 .debug_macro   0x0000000000014ff6       0x52 ./Core/Src/consolidate.o
 .debug_macro   0x0000000000015048       0x22 ./Core/Src/consolidate.o
 .debug_macro   0x000000000001506a       0x10 ./Core/Src/consolidate.o
 .debug_macro   0x000000000001507a       0x40 ./Core/Src/consolidate.o
 .debug_macro   0x00000000000150ba       0xd5 ./Core/Src/consolidate.o
 .debug_macro   0x000000000001518f       0x1c ./Core/Src/consolidate.o
 .debug_macro   0x00000000000151ab       0x3d ./Core/Src/consolidate.o
 .debug_macro   0x00000000000151e8       0x16 ./Core/Src/consolidate.o
 .debug_macro   0x00000000000151fe      0x145 ./Core/Src/consolidate.o
 .debug_macro   0x0000000000015343       0x16 ./Core/Src/consolidate.o
 .debug_macro   0x0000000000015359       0x20 ./Core/Src/consolidate.o
 .debug_macro   0x0000000000015379       0x7c ./Core/Src/consolidate.o
 .debug_macro   0x00000000000153f5       0x73 ./Core/Src/font12.o
 .debug_macro   0x0000000000015468       0x73 ./Core/Src/font16.o
 .debug_macro   0x00000000000154db       0x73 ./Core/Src/font20.o
 .debug_macro   0x000000000001554e       0x73 ./Core/Src/font24.o
 .debug_macro   0x00000000000155c1       0x73 ./Core/Src/font8.o