consolidate.c:68:6:menu_draw	8	static
consolidate.c:118:6:selection_action	8	static
consolidate.c:525:7:time_text	24	static
consolidate.c:584:7:enum_to_day	16	static
consolidate.c:606:6:limit_selection	16	static
consolidate.c:618:7:timeout_vis	4	static
consolidate.c:641:6:feed_cat	16	static
consolidate.c:694:6:write_vars	16	static
consolidate.c:751:6:read_vars	32	static
consolidate.c:786:6:feed_cat_time	16	static
consolidate.c:813:6:motor_driver	16	static
consolidate.c:828:6:motor_intensity	16	static
