consolidate.c:69:6:menu_draw	8	static
consolidate.c:119:6:selection_action	8	static
consolidate.c:530:7:time_text	24	static
consolidate.c:589:7:enum_to_day	16	static
consolidate.c:611:6:limit_selection	16	static
consolidate.c:623:7:timeout_vis	4	static
consolidate.c:646:6:feed_cat	16	static
consolidate.c:699:6:write_vars	16	static
consolidate.c:756:6:read_vars	32	static
consolidate.c:791:6:feed_cat_time	16	static
consolidate.c:824:6:motor_driver	16	static
consolidate.c:839:6:motor_intensity	16	static
