main.c:170:5:main	24	static
main.c:712:6:SystemClock_Config	88	static
main.c:757:13:MX_I2C1_Init	8	static
main.c:791:13:MX_SPI1_Init	8	static
main.c:829:13:MX_SPI2_Init	8	static
main.c:867:13:MX_TIM1_Init	96	static
main.c:942:13:MX_TIM2_Init	32	static
main.c:987:13:MX_TIM3_Init	32	static
main.c:1032:13:MX_TIM4_Init	32	static
main.c:1077:13:MX_TIM10_Init	8	static
main.c:1108:13:MX_TIM11_Init	8	static
main.c:1139:13:MX_GPIO_Init	48	static
main.c:1207:6:HAL_GPIO_EXTI_Callback	16	static
main.c:1282:6:Error_Handler	4	static,ignoring_inline_asm
