main.c:168:5:main	24	static
main.c:710:6:SystemClock_Config	88	static
main.c:755:13:MX_I2C1_Init	8	static
main.c:789:13:MX_SPI1_Init	8	static
main.c:827:13:MX_SPI2_Init	8	static
main.c:865:13:MX_TIM1_Init	96	static
main.c:940:13:MX_TIM2_Init	32	static
main.c:985:13:MX_TIM3_Init	32	static
main.c:1030:13:MX_TIM4_Init	32	static
main.c:1075:13:MX_TIM10_Init	8	static
main.c:1106:13:MX_TIM11_Init	8	static
main.c:1137:13:MX_GPIO_Init	48	static
main.c:1205:6:HAL_GPIO_EXTI_Callback	16	static
main.c:1280:6:Error_Handler	4	static,ignoring_inline_asm
