spi_ili9341.c:25:6:TFT9341_SendCommand	16	static
spi_ili9341.c:31:6:TFT9341_SendData	16	static
spi_ili9341.c:37:13:TFT9341_WriteData	24	static
spi_ili9341.c:47:6:TFT9341_reset	8	static
spi_ili9341.c:54:13:TFT9341_SetAddrWindow	32	static
spi_ili9341.c:73:6:TFT9341_FillRect	40	static
spi_ili9341.c:88:6:TFT9341_FillScreen	24	static
spi_ili9341.c:93:6:TFT9341_DrawPixel	24	static
spi_ili9341.c:102:6:TFT9341_DrawLine	56	static
spi_ili9341.c:136:6:TFT9341_DrawRect	32	static
spi_ili9341.c:145:6:TFT9341_DrawCircle	48	static
spi_ili9341.c:178:10:TFT9341_RandColor	4	static
spi_ili9341.c:183:6:TFT9341_SetTextColor	16	static
spi_ili9341.c:188:6:TFT9341_SetBackColor	16	static
spi_ili9341.c:193:6:TFT9341_SetFont	16	static
spi_ili9341.c:198:6:TFT9341_DrawChar	48	static
spi_ili9341.c:241:6:TFT9341_String	16	static
spi_ili9341.c:251:6:TFT9341_SetRotation	16	static
spi_ili9341.c:279:6:TFT9341_FontsIni	4	static
spi_ili9341.c:296:6:TFT9341_ini	32	static
