stm32f4xx_it.c:55:6:EXTI14_IRQHandler	8	static
stm32f4xx_it.c:64:6:EXTI15_IRQHandler	8	static
stm32f4xx_it.c:72:6:EXTI10_IRQHandler	8	static
stm32f4xx_it.c:94:6:NMI_Handler	4	static
stm32f4xx_it.c:109:6:HardFault_Handler	4	static
stm32f4xx_it.c:124:6:MemManage_Handler	4	static
stm32f4xx_it.c:139:6:BusFault_Handler	4	static
stm32f4xx_it.c:154:6:UsageFault_Handler	4	static
stm32f4xx_it.c:169:6:SVC_Handler	4	static
stm32f4xx_it.c:182:6:DebugMon_Handler	4	static
stm32f4xx_it.c:195:6:PendSV_Handler	4	static
stm32f4xx_it.c:208:6:SysTick_Handler	8	static
stm32f4xx_it.c:229:6:EXTI15_10_IRQHandler	8	static
